Archive member included to satisfy reference by file (symbol)

/usr/lib64/gcc/arm-none-eabi/11/thumb/v7e-m/nofp/libgcc.a(_aeabi_uldivmod.o)
                              CMakeFiles/mcu-ver.elf.dir/Drivers/STM32F4xx_HAL_Driver/Src/stm32f4xx_hal_rcc.c.obj (__aeabi_uldivmod)
/usr/lib64/gcc/arm-none-eabi/11/thumb/v7e-m/nofp/libgcc.a(_udivmoddi4.o)
                              /usr/lib64/gcc/arm-none-eabi/11/thumb/v7e-m/nofp/libgcc.a(_aeabi_uldivmod.o) (__udivmoddi4)
/usr/lib64/gcc/arm-none-eabi/11/thumb/v7e-m/nofp/libgcc.a(_dvmd_tls.o)
                              /usr/lib64/gcc/arm-none-eabi/11/thumb/v7e-m/nofp/libgcc.a(_aeabi_uldivmod.o) (__aeabi_ldiv0)
/usr/lib64/gcc/arm-none-eabi/11/../../../../arm-none-eabi/lib/thumb/v7e-m/nofp/libg.a(lib_a-atexit.o)
                              /usr/lib64/gcc/arm-none-eabi/11/../../../../arm-none-eabi/lib/thumb/v7e-m/nofp/crt0.o (atexit)
/usr/lib64/gcc/arm-none-eabi/11/../../../../arm-none-eabi/lib/thumb/v7e-m/nofp/libg.a(lib_a-errno.o)
                              CMakeFiles/mcu-ver.elf.dir/Core/Src/sysmem.c.obj (__errno)
/usr/lib64/gcc/arm-none-eabi/11/../../../../arm-none-eabi/lib/thumb/v7e-m/nofp/libg.a(lib_a-exit.o)
                              /usr/lib64/gcc/arm-none-eabi/11/../../../../arm-none-eabi/lib/thumb/v7e-m/nofp/crt0.o (exit)
/usr/lib64/gcc/arm-none-eabi/11/../../../../arm-none-eabi/lib/thumb/v7e-m/nofp/libg.a(lib_a-fini.o)
                              /usr/lib64/gcc/arm-none-eabi/11/../../../../arm-none-eabi/lib/thumb/v7e-m/nofp/crt0.o (__libc_fini_array)
/usr/lib64/gcc/arm-none-eabi/11/../../../../arm-none-eabi/lib/thumb/v7e-m/nofp/libg.a(lib_a-impure.o)
                              /usr/lib64/gcc/arm-none-eabi/11/../../../../arm-none-eabi/lib/thumb/v7e-m/nofp/libg.a(lib_a-exit.o) (_global_impure_ptr)
/usr/lib64/gcc/arm-none-eabi/11/../../../../arm-none-eabi/lib/thumb/v7e-m/nofp/libg.a(lib_a-init.o)
                              /usr/lib64/gcc/arm-none-eabi/11/../../../../arm-none-eabi/lib/thumb/v7e-m/nofp/crt0.o (__libc_init_array)
/usr/lib64/gcc/arm-none-eabi/11/../../../../arm-none-eabi/lib/thumb/v7e-m/nofp/libg.a(lib_a-memset.o)
                              /usr/lib64/gcc/arm-none-eabi/11/../../../../arm-none-eabi/lib/thumb/v7e-m/nofp/crt0.o (memset)
/usr/lib64/gcc/arm-none-eabi/11/../../../../arm-none-eabi/lib/thumb/v7e-m/nofp/libg.a(lib_a-syscalls.o)
                              /usr/lib64/gcc/arm-none-eabi/11/../../../../arm-none-eabi/lib/thumb/v7e-m/nofp/crt0.o (initialise_monitor_handles)
/usr/lib64/gcc/arm-none-eabi/11/../../../../arm-none-eabi/lib/thumb/v7e-m/nofp/libg.a(lib_a-__atexit.o)
                              /usr/lib64/gcc/arm-none-eabi/11/../../../../arm-none-eabi/lib/thumb/v7e-m/nofp/libg.a(lib_a-atexit.o) (__register_exitproc)
/usr/lib64/gcc/arm-none-eabi/11/../../../../arm-none-eabi/lib/thumb/v7e-m/nofp/libg.a(lib_a-__call_atexit.o)
                              /usr/lib64/gcc/arm-none-eabi/11/../../../../arm-none-eabi/lib/thumb/v7e-m/nofp/libg.a(lib_a-exit.o) (__call_exitprocs)
/usr/lib64/gcc/arm-none-eabi/11/../../../../arm-none-eabi/lib/thumb/v7e-m/nofp/libg.a(lib_a-findfp.o)
                              /usr/lib64/gcc/arm-none-eabi/11/../../../../arm-none-eabi/lib/thumb/v7e-m/nofp/libg.a(lib_a-syscalls.o) (__sinit)
/usr/lib64/gcc/arm-none-eabi/11/../../../../arm-none-eabi/lib/thumb/v7e-m/nofp/libg.a(lib_a-fwalk.o)
                              /usr/lib64/gcc/arm-none-eabi/11/../../../../arm-none-eabi/lib/thumb/v7e-m/nofp/libg.a(lib_a-findfp.o) (_fwalk)
/usr/lib64/gcc/arm-none-eabi/11/../../../../arm-none-eabi/lib/thumb/v7e-m/nofp/libg.a(lib_a-mallocr.o)
                              /usr/lib64/gcc/arm-none-eabi/11/../../../../arm-none-eabi/lib/thumb/v7e-m/nofp/libg.a(lib_a-findfp.o) (_malloc_r)
/usr/lib64/gcc/arm-none-eabi/11/../../../../arm-none-eabi/lib/thumb/v7e-m/nofp/libg.a(lib_a-mlock.o)
                              /usr/lib64/gcc/arm-none-eabi/11/../../../../arm-none-eabi/lib/thumb/v7e-m/nofp/libg.a(lib_a-mallocr.o) (__malloc_lock)
/usr/lib64/gcc/arm-none-eabi/11/../../../../arm-none-eabi/lib/thumb/v7e-m/nofp/libg.a(lib_a-sbrkr.o)
                              /usr/lib64/gcc/arm-none-eabi/11/../../../../arm-none-eabi/lib/thumb/v7e-m/nofp/libg.a(lib_a-mallocr.o) (_sbrk_r)
/usr/lib64/gcc/arm-none-eabi/11/../../../../arm-none-eabi/lib/thumb/v7e-m/nofp/libg.a(lib_a-stdio.o)
                              /usr/lib64/gcc/arm-none-eabi/11/../../../../arm-none-eabi/lib/thumb/v7e-m/nofp/libg.a(lib_a-findfp.o) (__sread)
/usr/lib64/gcc/arm-none-eabi/11/../../../../arm-none-eabi/lib/thumb/v7e-m/nofp/libg.a(lib_a-strlen.o)
                              /usr/lib64/gcc/arm-none-eabi/11/../../../../arm-none-eabi/lib/thumb/v7e-m/nofp/libg.a(lib_a-syscalls.o) (strlen)
/usr/lib64/gcc/arm-none-eabi/11/../../../../arm-none-eabi/lib/thumb/v7e-m/nofp/libg.a(lib_a-writer.o)
                              /usr/lib64/gcc/arm-none-eabi/11/../../../../arm-none-eabi/lib/thumb/v7e-m/nofp/libg.a(lib_a-stdio.o) (_write_r)
[...]
Memory Configuration

Name             Origin             Length             Attributes
RAM              0x0000000020000000 0x0000000000020000 xrw
FLASH            0x0000000008000000 0x0000000000080000 xr
*default*        0x0000000000000000 0xffffffffffffffff

Linker script and memory map

LOAD /usr/lib64/gcc/arm-none-eabi/11/thumb/v7e-m/nofp/crti.o
LOAD /usr/lib64/gcc/arm-none-eabi/11/thumb/v7e-m/nofp/crtbegin.o
LOAD /usr/lib64/gcc/arm-none-eabi/11/../../../../arm-none-eabi/lib/thumb/v7e-m/nofp/crt0.o
LOAD CMakeFiles/mcu-ver.elf.dir/Core/Src/main.c.obj
LOAD CMakeFiles/mcu-ver.elf.dir/Core/Src/stm32f4xx_hal_msp.c.obj
LOAD CMakeFiles/mcu-ver.elf.dir/Core/Src/stm32f4xx_it.c.obj
LOAD CMakeFiles/mcu-ver.elf.dir/Core/Src/sysmem.c.obj
LOAD CMakeFiles/mcu-ver.elf.dir/Core/Src/system_stm32f4xx.c.obj
LOAD CMakeFiles/mcu-ver.elf.dir/Core/Startup/startup_stm32f411ceux.s.obj
LOAD CMakeFiles/mcu-ver.elf.dir/Drivers/STM32F4xx_HAL_Driver/Src/stm32f4xx_hal.c.obj
LOAD CMakeFiles/mcu-ver.elf.dir/Drivers/STM32F4xx_HAL_Driver/Src/stm32f4xx_hal_cortex.c.obj
LOAD CMakeFiles/mcu-ver.elf.dir/Drivers/STM32F4xx_HAL_Driver/Src/stm32f4xx_hal_dma.c.obj
LOAD CMakeFiles/mcu-ver.elf.dir/Drivers/STM32F4xx_HAL_Driver/Src/stm32f4xx_hal_dma_ex.c.obj
LOAD CMakeFiles/mcu-ver.elf.dir/Drivers/STM32F4xx_HAL_Driver/Src/stm32f4xx_hal_exti.c.obj
LOAD CMakeFiles/mcu-ver.elf.dir/Drivers/STM32F4xx_HAL_Driver/Src/stm32f4xx_hal_flash.c.obj
LOAD CMakeFiles/mcu-ver.elf.dir/Drivers/STM32F4xx_HAL_Driver/Src/stm32f4xx_hal_flash_ex.c.obj
LOAD CMakeFiles/mcu-ver.elf.dir/Drivers/STM32F4xx_HAL_Driver/Src/stm32f4xx_hal_flash_ramfunc.c.obj
LOAD CMakeFiles/mcu-ver.elf.dir/Drivers/STM32F4xx_HAL_Driver/Src/stm32f4xx_hal_gpio.c.obj
LOAD CMakeFiles/mcu-ver.elf.dir/Drivers/STM32F4xx_HAL_Driver/Src/stm32f4xx_hal_pwr.c.obj
LOAD CMakeFiles/mcu-ver.elf.dir/Drivers/STM32F4xx_HAL_Driver/Src/stm32f4xx_hal_pwr_ex.c.obj
LOAD CMakeFiles/mcu-ver.elf.dir/Drivers/STM32F4xx_HAL_Driver/Src/stm32f4xx_hal_rcc.c.obj
LOAD CMakeFiles/mcu-ver.elf.dir/Drivers/STM32F4xx_HAL_Driver/Src/stm32f4xx_hal_rcc_ex.c.obj
LOAD CMakeFiles/mcu-ver.elf.dir/Drivers/STM32F4xx_HAL_Driver/Src/stm32f4xx_hal_spi.c.obj
LOAD CMakeFiles/mcu-ver.elf.dir/Drivers/STM32F4xx_HAL_Driver/Src/stm32f4xx_hal_tim.c.obj
LOAD CMakeFiles/mcu-ver.elf.dir/Drivers/STM32F4xx_HAL_Driver/Src/stm32f4xx_hal_tim_ex.c.obj
LOAD CMakeFiles/mcu-ver.elf.dir/Drivers/STM32F4xx_HAL_Driver/Src/stm32f4xx_hal_uart.c.obj
START GROUP
LOAD /usr/lib64/gcc/arm-none-eabi/11/thumb/v7e-m/nofp/libgcc.a
LOAD /usr/lib64/gcc/arm-none-eabi/11/../../../../arm-none-eabi/lib/thumb/v7e-m/nofp/libg.a
LOAD /usr/lib64/gcc/arm-none-eabi/11/../../../../arm-none-eabi/lib/thumb/v7e-m/nofp/libc.a
END GROUP
LOAD /usr/lib64/gcc/arm-none-eabi/11/thumb/v7e-m/nofp/crtend.o
LOAD /usr/lib64/gcc/arm-none-eabi/11/thumb/v7e-m/nofp/crtn.o
                0x0000000020020000                _estack = (ORIGIN (RAM) + LENGTH (RAM))
                0x0000000000000200                _Min_Heap_Size = 0x200
                0x0000000000000400                _Min_Stack_Size = 0x400

.isr_vector     0x0000000008000000      0x198
                0x0000000008000000                . = ALIGN (0x4)
 *(.isr_vector)
 .isr_vector    0x0000000008000000      0x198 CMakeFiles/mcu-ver.elf.dir/Core/Startup/startup_stm32f411ceux.s.obj
                0x0000000008000000                g_pfnVectors
                0x0000000008000198                . = ALIGN (0x4)

.text           0x0000000008000198     0x14e8
                0x0000000008000198                . = ALIGN (0x4)
 *(.text)
 .text          0x0000000008000198       0x88 /usr/lib64/gcc/arm-none-eabi/11/thumb/v7e-m/nofp/crtbegin.o
 .text          0x0000000008000220       0x30 /usr/lib64/gcc/arm-none-eabi/11/thumb/v7e-m/nofp/libgcc.a(_aeabi_uldivmod.o)
                0x0000000008000220                __aeabi_uldivmod
 .text          0x0000000008000250      0x2d8 /usr/lib64/gcc/arm-none-eabi/11/thumb/v7e-m/nofp/libgcc.a(_udivmoddi4.o)
                0x0000000008000250                __udivmoddi4
 .text          0x0000000008000528        0x4 /usr/lib64/gcc/arm-none-eabi/11/thumb/v7e-m/nofp/libgcc.a(_dvmd_tls.o)
                0x0000000008000528                __aeabi_ldiv0
                0x0000000008000528                __aeabi_idiv0
 *(.text*)
 .text.MX_GPIO_Init
                0x000000000800052c       0x94 CMakeFiles/mcu-ver.elf.dir/Core/Src/main.c.obj
 .text.Error_Handler
                0x00000000080005c0        0x4 CMakeFiles/mcu-ver.elf.dir/Core/Src/main.c.obj
                0x00000000080005c0                Error_Handler
 .text.MX_SPI1_Init
                0x00000000080005c4       0x40 CMakeFiles/mcu-ver.elf.dir/Core/Src/main.c.obj
 .text.MX_SPI2_Init
                0x0000000008000604       0x40 CMakeFiles/mcu-ver.elf.dir/Core/Src/main.c.obj
 .text.MX_SPI3_Init
                0x0000000008000644       0x40 CMakeFiles/mcu-ver.elf.dir/Core/Src/main.c.obj
 .text.MX_USART2_UART_Init
                0x0000000008000684       0x34 CMakeFiles/mcu-ver.elf.dir/Core/Src/main.c.obj
 .text.SystemClock_Config
                0x00000000080006b8       0xa4 CMakeFiles/mcu-ver.elf.dir/Core/Src/main.c.obj
                0x00000000080006b8                SystemClock_Config
 .text.main     0x000000000800075c       0x20 CMakeFiles/mcu-ver.elf.dir/Core/Src/main.c.obj
                0x000000000800075c                main
 .text.HAL_MspInit
                0x000000000800077c       0x38 CMakeFiles/mcu-ver.elf.dir/Core/Src/stm32f4xx_hal_msp.c.obj
                0x000000000800077c                HAL_MspInit
 .text.HAL_SPI_MspInit
                0x00000000080007b4      0x130 CMakeFiles/mcu-ver.elf.dir/Core/Src/stm32f4xx_hal_msp.c.obj
                0x00000000080007b4                HAL_SPI_MspInit
 .text.HAL_UART_MspInit
                0x00000000080008e4       0x70 CMakeFiles/mcu-ver.elf.dir/Core/Src/stm32f4xx_hal_msp.c.obj
                0x00000000080008e4                HAL_UART_MspInit
 .text.NMI_Handler
                0x0000000008000954        0x2 CMakeFiles/mcu-ver.elf.dir/Core/Src/stm32f4xx_it.c.obj
                0x0000000008000954                NMI_Handler
 .text.HardFault_Handler
                0x0000000008000956        0x2 CMakeFiles/mcu-ver.elf.dir/Core/Src/stm32f4xx_it.c.obj
                0x0000000008000956                HardFault_Handler
 .text.MemManage_Handler
                0x0000000008000958        0x2 CMakeFiles/mcu-ver.elf.dir/Core/Src/stm32f4xx_it.c.obj
                0x0000000008000958                MemManage_Handler
 .text.BusFault_Handler
                0x000000000800095a        0x2 CMakeFiles/mcu-ver.elf.dir/Core/Src/stm32f4xx_it.c.obj
                0x000000000800095a                BusFault_Handler
 .text.UsageFault_Handler
                0x000000000800095c        0x2 CMakeFiles/mcu-ver.elf.dir/Core/Src/stm32f4xx_it.c.obj
                0x000000000800095c                UsageFault_Handler
 .text.SVC_Handler
                0x000000000800095e        0x2 CMakeFiles/mcu-ver.elf.dir/Core/Src/stm32f4xx_it.c.obj
                0x000000000800095e                SVC_Handler
 .text.DebugMon_Handler
                0x0000000008000960        0x2 CMakeFiles/mcu-ver.elf.dir/Core/Src/stm32f4xx_it.c.obj
                0x0000000008000960                DebugMon_Handler
 .text.PendSV_Handler
                0x0000000008000962        0x2 CMakeFiles/mcu-ver.elf.dir/Core/Src/stm32f4xx_it.c.obj
                0x0000000008000962                PendSV_Handler
 .text.SysTick_Handler
                0x0000000008000964        0x8 CMakeFiles/mcu-ver.elf.dir/Core/Src/stm32f4xx_it.c.obj
                0x0000000008000964                SysTick_Handler
 .text.SystemInit
                0x000000000800096c        0x2 CMakeFiles/mcu-ver.elf.dir/Core/Src/system_stm32f4xx.c.obj
                0x000000000800096c                SystemInit
 *fill*         0x000000000800096e        0x2 
 .text.Reset_Handler
                0x0000000008000970       0x50 CMakeFiles/mcu-ver.elf.dir/Core/Startup/startup_stm32f411ceux.s.obj
                0x0000000008000970                Reset_Handler
 .text.Default_Handler
                0x00000000080009c0        0x2 CMakeFiles/mcu-ver.elf.dir/Core/Startup/startup_stm32f411ceux.s.obj
                0x00000000080009c0                RTC_Alarm_IRQHandler
                0x00000000080009c0                EXTI2_IRQHandler
                0x00000000080009c0                SPI4_IRQHandler
                0x00000000080009c0                TIM1_CC_IRQHandler
                0x00000000080009c0                DMA2_Stream5_IRQHandler
                0x00000000080009c0                DMA1_Stream5_IRQHandler
                0x00000000080009c0                PVD_IRQHandler
                0x00000000080009c0                SDIO_IRQHandler
                0x00000000080009c0                TAMP_STAMP_IRQHandler
                0x00000000080009c0                EXTI3_IRQHandler
                0x00000000080009c0                TIM1_UP_TIM10_IRQHandler
                0x00000000080009c0                I2C3_ER_IRQHandler
                0x00000000080009c0                EXTI0_IRQHandler
                0x00000000080009c0                I2C2_EV_IRQHandler
                0x00000000080009c0                DMA1_Stream2_IRQHandler
                0x00000000080009c0                FPU_IRQHandler
                0x00000000080009c0                DMA2_Stream2_IRQHandler
                0x00000000080009c0                SPI1_IRQHandler
                0x00000000080009c0                TIM1_BRK_TIM9_IRQHandler
                0x00000000080009c0                DMA2_Stream3_IRQHandler
                0x00000000080009c0                USART6_IRQHandler
                0x00000000080009c0                DMA2_Stream0_IRQHandler
                0x00000000080009c0                TIM4_IRQHandler
                0x00000000080009c0                I2C1_EV_IRQHandler
                0x00000000080009c0                DMA1_Stream6_IRQHandler
                0x00000000080009c0                DMA1_Stream1_IRQHandler
                0x00000000080009c0                TIM3_IRQHandler
                0x00000000080009c0                RCC_IRQHandler
                0x00000000080009c0                Default_Handler
                0x00000000080009c0                EXTI15_10_IRQHandler
                0x00000000080009c0                ADC_IRQHandler
                0x00000000080009c0                DMA1_Stream7_IRQHandler
                0x00000000080009c0                SPI5_IRQHandler
                0x00000000080009c0                TIM5_IRQHandler
                0x00000000080009c0                DMA2_Stream7_IRQHandler
                0x00000000080009c0                I2C3_EV_IRQHandler
                0x00000000080009c0                EXTI9_5_IRQHandler
                0x00000000080009c0                RTC_WKUP_IRQHandler
                0x00000000080009c0                SPI2_IRQHandler
                0x00000000080009c0                DMA1_Stream0_IRQHandler
                0x00000000080009c0                EXTI4_IRQHandler
                0x00000000080009c0                WWDG_IRQHandler
                0x00000000080009c0                TIM2_IRQHandler
                0x00000000080009c0                OTG_FS_WKUP_IRQHandler
                0x00000000080009c0                TIM1_TRG_COM_TIM11_IRQHandler
                0x00000000080009c0                EXTI1_IRQHandler
                0x00000000080009c0                USART2_IRQHandler
                0x00000000080009c0                I2C2_ER_IRQHandler
                0x00000000080009c0                DMA2_Stream1_IRQHandler
                0x00000000080009c0                FLASH_IRQHandler
                0x00000000080009c0                DMA2_Stream4_IRQHandler
                0x00000000080009c0                USART1_IRQHandler
                0x00000000080009c0                OTG_FS_IRQHandler
                0x00000000080009c0                SPI3_IRQHandler
                0x00000000080009c0                DMA1_Stream4_IRQHandler
                0x00000000080009c0                I2C1_ER_IRQHandler
                0x00000000080009c0                DMA2_Stream6_IRQHandler
                0x00000000080009c0                DMA1_Stream3_IRQHandler
 *fill*         0x00000000080009c2        0x2 
 .text.HAL_InitTick
                0x00000000080009c4       0x4c CMakeFiles/mcu-ver.elf.dir/Drivers/STM32F4xx_HAL_Driver/Src/stm32f4xx_hal.c.obj
                0x00000000080009c4                HAL_InitTick
 .text.HAL_Init
                0x0000000008000a10       0x34 CMakeFiles/mcu-ver.elf.dir/Drivers/STM32F4xx_HAL_Driver/Src/stm32f4xx_hal.c.obj
                0x0000000008000a10                HAL_Init
 .text.HAL_IncTick
                0x0000000008000a44       0x18 CMakeFiles/mcu-ver.elf.dir/Drivers/STM32F4xx_HAL_Driver/Src/stm32f4xx_hal.c.obj
                0x0000000008000a44                HAL_IncTick
 .text.HAL_GetTick
                0x0000000008000a5c        0xc CMakeFiles/mcu-ver.elf.dir/Drivers/STM32F4xx_HAL_Driver/Src/stm32f4xx_hal.c.obj
                0x0000000008000a5c                HAL_GetTick
 .text.HAL_NVIC_SetPriorityGrouping
                0x0000000008000a68       0x24 CMakeFiles/mcu-ver.elf.dir/Drivers/STM32F4xx_HAL_Driver/Src/stm32f4xx_hal_cortex.c.obj
                0x0000000008000a68                HAL_NVIC_SetPriorityGrouping
 .text.HAL_NVIC_SetPriority
                0x0000000008000a8c       0x70 CMakeFiles/mcu-ver.elf.dir/Drivers/STM32F4xx_HAL_Driver/Src/stm32f4xx_hal_cortex.c.obj
                0x0000000008000a8c                HAL_NVIC_SetPriority
 .text.HAL_SYSTICK_Config
                0x0000000008000afc       0x28 CMakeFiles/mcu-ver.elf.dir/Drivers/STM32F4xx_HAL_Driver/Src/stm32f4xx_hal_cortex.c.obj
                0x0000000008000afc                HAL_SYSTICK_Config
 .text.HAL_GPIO_Init
                0x0000000008000b24      0x1d0 CMakeFiles/mcu-ver.elf.dir/Drivers/STM32F4xx_HAL_Driver/Src/stm32f4xx_hal_gpio.c.obj
                0x0000000008000b24                HAL_GPIO_Init
 .text.HAL_GPIO_WritePin
                0x0000000008000cf4        0xc CMakeFiles/mcu-ver.elf.dir/Drivers/STM32F4xx_HAL_Driver/Src/stm32f4xx_hal_gpio.c.obj
                0x0000000008000cf4                HAL_GPIO_WritePin
 .text.HAL_RCC_OscConfig
                0x0000000008000d00      0x3f8 CMakeFiles/mcu-ver.elf.dir/Drivers/STM32F4xx_HAL_Driver/Src/stm32f4xx_hal_rcc.c.obj
                0x0000000008000d00                HAL_RCC_OscConfig
 .text.HAL_RCC_GetSysClockFreq
                0x00000000080010f8       0xa8 CMakeFiles/mcu-ver.elf.dir/Drivers/STM32F4xx_HAL_Driver/Src/stm32f4xx_hal_rcc.c.obj
                0x00000000080010f8                HAL_RCC_GetSysClockFreq
 .text.HAL_RCC_ClockConfig
                0x00000000080011a0      0x160 CMakeFiles/mcu-ver.elf.dir/Drivers/STM32F4xx_HAL_Driver/Src/stm32f4xx_hal_rcc.c.obj
                0x00000000080011a0                HAL_RCC_ClockConfig
 .text.HAL_RCC_GetHCLKFreq
                0x0000000008001300        0xc CMakeFiles/mcu-ver.elf.dir/Drivers/STM32F4xx_HAL_Driver/Src/stm32f4xx_hal_rcc.c.obj
                0x0000000008001300                HAL_RCC_GetHCLKFreq
 .text.HAL_RCC_GetPCLK1Freq
                0x000000000800130c       0x20 CMakeFiles/mcu-ver.elf.dir/Drivers/STM32F4xx_HAL_Driver/Src/stm32f4xx_hal_rcc.c.obj
                0x000000000800130c                HAL_RCC_GetPCLK1Freq
 .text.HAL_RCC_GetPCLK2Freq
                0x000000000800132c       0x20 CMakeFiles/mcu-ver.elf.dir/Drivers/STM32F4xx_HAL_Driver/Src/stm32f4xx_hal_rcc.c.obj
                0x000000000800132c                HAL_RCC_GetPCLK2Freq
 .text.HAL_SPI_Init
                0x000000000800134c       0xbe CMakeFiles/mcu-ver.elf.dir/Drivers/STM32F4xx_HAL_Driver/Src/stm32f4xx_hal_spi.c.obj
                0x000000000800134c                HAL_SPI_Init
 *fill*         0x000000000800140a        0x2 
 .text.UART_SetConfig
                0x000000000800140c      0x110 CMakeFiles/mcu-ver.elf.dir/Drivers/STM32F4xx_HAL_Driver/Src/stm32f4xx_hal_uart.c.obj
 .text.HAL_UART_Init
                0x000000000800151c       0x5e CMakeFiles/mcu-ver.elf.dir/Drivers/STM32F4xx_HAL_Driver/Src/stm32f4xx_hal_uart.c.obj
                0x000000000800151c                HAL_UART_Init
 *fill*         0x000000000800157a        0x2 
 .text.__libc_init_array
                0x000000000800157c       0x48 /usr/lib64/gcc/arm-none-eabi/11/../../../../arm-none-eabi/lib/thumb/v7e-m/nofp/libg.a(lib_a-init.o)
                0x000000000800157c                __libc_init_array
 .text.memset   0x00000000080015c4       0xa4 /usr/lib64/gcc/arm-none-eabi/11/../../../../arm-none-eabi/lib/thumb/v7e-m/nofp/libg.a(lib_a-memset.o)
                0x00000000080015c4                memset
 *(.glue_7)
 .glue_7        0x0000000008001668        0x0 linker stubs
 *(.glue_7t)
 .glue_7t       0x0000000008001668        0x0 linker stubs
 *(.eh_frame)
 .eh_frame      0x0000000008001668        0x0 /usr/lib64/gcc/arm-none-eabi/11/thumb/v7e-m/nofp/crtbegin.o
 *(.init)
 .init          0x0000000008001668        0x4 /usr/lib64/gcc/arm-none-eabi/11/thumb/v7e-m/nofp/crti.o
                0x0000000008001668                _init
 .init          0x000000000800166c        0x8 /usr/lib64/gcc/arm-none-eabi/11/thumb/v7e-m/nofp/crtn.o
 *(.fini)
 .fini          0x0000000008001674        0x4 /usr/lib64/gcc/arm-none-eabi/11/thumb/v7e-m/nofp/crti.o
                0x0000000008001674                _fini
 .fini          0x0000000008001678        0x8 /usr/lib64/gcc/arm-none-eabi/11/thumb/v7e-m/nofp/crtn.o
                0x0000000008001680                . = ALIGN (0x4)
                0x0000000008001680                _etext = .

.vfp11_veneer   0x0000000008001680        0x0
 .vfp11_veneer  0x0000000008001680        0x0 linker stubs

.v4_bx          0x0000000008001680        0x0
 .v4_bx         0x0000000008001680        0x0 linker stubs

.iplt           0x0000000008001680        0x0
 .iplt          0x0000000008001680        0x0 /usr/lib64/gcc/arm-none-eabi/11/thumb/v7e-m/nofp/crtbegin.o

.rodata         0x0000000008001680       0x18
                0x0000000008001680                . = ALIGN (0x4)
 *(.rodata)
 *(.rodata*)
 .rodata.AHBPrescTable
                0x0000000008001680       0x10 CMakeFiles/mcu-ver.elf.dir/Core/Src/system_stm32f4xx.c.obj
                0x0000000008001680                AHBPrescTable
 .rodata.APBPrescTable
                0x0000000008001690        0x8 CMakeFiles/mcu-ver.elf.dir/Core/Src/system_stm32f4xx.c.obj
                0x0000000008001690                APBPrescTable
                0x0000000008001698                . = ALIGN (0x4)

.ARM.extab      0x0000000008001698        0x0
                0x0000000008001698                . = ALIGN (0x4)
 *(.ARM.extab* .gnu.linkonce.armextab.*)
                0x0000000008001698                . = ALIGN (0x4)

.ARM            0x0000000008001698        0x8
                0x0000000008001698                . = ALIGN (0x4)
                0x0000000008001698                __exidx_start = .
 *(.ARM.exidx*)
 .ARM.exidx     0x0000000008001698        0x8 /usr/lib64/gcc/arm-none-eabi/11/thumb/v7e-m/nofp/libgcc.a(_udivmoddi4.o)
                0x00000000080016a0                __exidx_end = .
                0x00000000080016a0                . = ALIGN (0x4)

.rel.dyn        0x00000000080016a0        0x0
 .rel.iplt      0x00000000080016a0        0x0 /usr/lib64/gcc/arm-none-eabi/11/thumb/v7e-m/nofp/crtbegin.o

.preinit_array  0x00000000080016a0        0x0
                0x00000000080016a0                . = ALIGN (0x4)
                0x00000000080016a0                PROVIDE (__preinit_array_start = .)
 *(.preinit_array*)
                0x00000000080016a0                PROVIDE (__preinit_array_end = .)
                0x00000000080016a0                . = ALIGN (0x4)

.init_array     0x00000000080016a0        0x4
                0x00000000080016a0                . = ALIGN (0x4)
                0x00000000080016a0                PROVIDE (__init_array_start = .)
 *(SORT_BY_NAME(.init_array.*))
 *(.init_array*)
 .init_array    0x00000000080016a0        0x4 /usr/lib64/gcc/arm-none-eabi/11/thumb/v7e-m/nofp/crtbegin.o
                0x00000000080016a4                PROVIDE (__init_array_end = .)
                0x00000000080016a4                . = ALIGN (0x4)

.fini_array     0x00000000080016a4        0x4
                0x00000000080016a4                . = ALIGN (0x4)
                0x00000000080016a4                PROVIDE (__fini_array_start = .)
 *(SORT_BY_NAME(.fini_array.*))
 *(.fini_array*)
 .fini_array    0x00000000080016a4        0x4 /usr/lib64/gcc/arm-none-eabi/11/thumb/v7e-m/nofp/crtbegin.o
                0x00000000080016a8                PROVIDE (__fini_array_end = .)
                0x00000000080016a8                . = ALIGN (0x4)
                0x00000000080016a8                _sidata = LOADADDR (.data)

.data           0x0000000020000000        0xc load address 0x00000000080016a8
                0x0000000020000000                . = ALIGN (0x4)
                0x0000000020000000                _sdata = .
 *(.data)
 *(.data*)
 .data.SystemCoreClock
                0x0000000020000000        0x4 CMakeFiles/mcu-ver.elf.dir/Core/Src/system_stm32f4xx.c.obj
                0x0000000020000000                SystemCoreClock
 .data.uwTickFreq
                0x0000000020000004        0x1 CMakeFiles/mcu-ver.elf.dir/Drivers/STM32F4xx_HAL_Driver/Src/stm32f4xx_hal.c.obj
                0x0000000020000004                uwTickFreq
 *fill*         0x0000000020000005        0x3 
 .data.uwTickPrio
                0x0000000020000008        0x4 CMakeFiles/mcu-ver.elf.dir/Drivers/STM32F4xx_HAL_Driver/Src/stm32f4xx_hal.c.obj
                0x0000000020000008                uwTickPrio
 *(.RamFunc)
 *(.RamFunc*)
                0x000000002000000c                . = ALIGN (0x4)
                0x000000002000000c                _edata = .

.tm_clone_table
                0x000000002000000c        0x0 load address 0x00000000080016b4
 .tm_clone_table
                0x000000002000000c        0x0 /usr/lib64/gcc/arm-none-eabi/11/thumb/v7e-m/nofp/crtbegin.o
 .tm_clone_table
                0x000000002000000c        0x0 /usr/lib64/gcc/arm-none-eabi/11/thumb/v7e-m/nofp/crtend.o

.igot.plt       0x000000002000000c        0x0 load address 0x00000000080016b4
 .igot.plt      0x000000002000000c        0x0 /usr/lib64/gcc/arm-none-eabi/11/thumb/v7e-m/nofp/crtbegin.o
                0x000000002000000c                . = ALIGN (0x4)

.bss            0x000000002000000c      0x16c load address 0x00000000080016b4
                0x000000002000000c                _sbss = .
                0x000000002000000c                __bss_start__ = _sbss
 *(.bss)
 .bss           0x000000002000000c       0x1c /usr/lib64/gcc/arm-none-eabi/11/thumb/v7e-m/nofp/crtbegin.o
 *(.bss*)
 .bss.hspi1     0x0000000020000028       0x58 CMakeFiles/mcu-ver.elf.dir/Core/Src/main.c.obj
                0x0000000020000028                hspi1
 .bss.hspi2     0x0000000020000080       0x58 CMakeFiles/mcu-ver.elf.dir/Core/Src/main.c.obj
                0x0000000020000080                hspi2
 .bss.hspi3     0x00000000200000d8       0x58 CMakeFiles/mcu-ver.elf.dir/Core/Src/main.c.obj
                0x00000000200000d8                hspi3
 .bss.huart2    0x0000000020000130       0x44 CMakeFiles/mcu-ver.elf.dir/Core/Src/main.c.obj
                0x0000000020000130                huart2
 .bss.uwTick    0x0000000020000174        0x4 CMakeFiles/mcu-ver.elf.dir/Drivers/STM32F4xx_HAL_Driver/Src/stm32f4xx_hal.c.obj
                0x0000000020000174                uwTick
 *(COMMON)
                0x0000000020000178                . = ALIGN (0x4)
                0x0000000020000178                _ebss = .
                0x0000000020000178                __bss_end__ = _ebss

._user_heap_stack
                0x0000000020000178      0x600 load address 0x00000000080016b4
                0x0000000020000178                . = ALIGN (0x8)
                0x0000000020000178                PROVIDE (end = .)
                0x0000000020000178                PROVIDE (_end = .)
                0x0000000020000378                . = (. + _Min_Heap_Size)
 *fill*         0x0000000020000178      0x200 
                0x0000000020000778                . = (. + _Min_Stack_Size)
 *fill*         0x0000000020000378      0x400 
                0x0000000020000778                . = ALIGN (0x8)

/DISCARD/
 libc.a(*)
 libm.a(*)
 libgcc.a(*)

.ARM.attributes
                0x0000000000000000       0x2a
 *(.ARM.attributes)
 .ARM.attributes
                0x0000000000000000       0x1e /usr/lib64/gcc/arm-none-eabi/11/thumb/v7e-m/nofp/crti.o
 .ARM.attributes
                0x000000000000001e       0x2e /usr/lib64/gcc/arm-none-eabi/11/thumb/v7e-m/nofp/crtbegin.o
 .ARM.attributes
                0x000000000000004c       0x2e CMakeFiles/mcu-ver.elf.dir/Core/Src/main.c.obj
 .ARM.attributes
                0x000000000000007a       0x2e CMakeFiles/mcu-ver.elf.dir/Core/Src/stm32f4xx_hal_msp.c.obj
 .ARM.attributes
                0x00000000000000a8       0x2e CMakeFiles/mcu-ver.elf.dir/Core/Src/stm32f4xx_it.c.obj
 .ARM.attributes
                0x00000000000000d6       0x2e CMakeFiles/mcu-ver.elf.dir/Core/Src/system_stm32f4xx.c.obj
 .ARM.attributes
                0x0000000000000104       0x21 CMakeFiles/mcu-ver.elf.dir/Core/Startup/startup_stm32f411ceux.s.obj
 .ARM.attributes
                0x0000000000000125       0x2e CMakeFiles/mcu-ver.elf.dir/Drivers/STM32F4xx_HAL_Driver/Src/stm32f4xx_hal.c.obj
 .ARM.attributes
                0x0000000000000153       0x2e CMakeFiles/mcu-ver.elf.dir/Drivers/STM32F4xx_HAL_Driver/Src/stm32f4xx_hal_cortex.c.obj
 .ARM.attributes
                0x0000000000000181       0x2e CMakeFiles/mcu-ver.elf.dir/Drivers/STM32F4xx_HAL_Driver/Src/stm32f4xx_hal_gpio.c.obj
 .ARM.attributes
                0x00000000000001af       0x2e CMakeFiles/mcu-ver.elf.dir/Drivers/STM32F4xx_HAL_Driver/Src/stm32f4xx_hal_rcc.c.obj
 .ARM.attributes
                0x00000000000001dd       0x2e CMakeFiles/mcu-ver.elf.dir/Drivers/STM32F4xx_HAL_Driver/Src/stm32f4xx_hal_spi.c.obj
 .ARM.attributes
                0x000000000000020b       0x2e CMakeFiles/mcu-ver.elf.dir/Drivers/STM32F4xx_HAL_Driver/Src/stm32f4xx_hal_uart.c.obj
 .ARM.attributes
                0x0000000000000239       0x1e /usr/lib64/gcc/arm-none-eabi/11/thumb/v7e-m/nofp/libgcc.a(_aeabi_uldivmod.o)
 .ARM.attributes
                0x0000000000000257       0x2e /usr/lib64/gcc/arm-none-eabi/11/thumb/v7e-m/nofp/libgcc.a(_udivmoddi4.o)
 .ARM.attributes
                0x0000000000000285       0x1e /usr/lib64/gcc/arm-none-eabi/11/thumb/v7e-m/nofp/libgcc.a(_dvmd_tls.o)
 .ARM.attributes
                0x00000000000002a3       0x2e /usr/lib64/gcc/arm-none-eabi/11/../../../../arm-none-eabi/lib/thumb/v7e-m/nofp/libg.a(lib_a-init.o)
 .ARM.attributes
                0x00000000000002d1       0x2e /usr/lib64/gcc/arm-none-eabi/11/../../../../arm-none-eabi/lib/thumb/v7e-m/nofp/libg.a(lib_a-memset.o)
 .ARM.attributes
                0x00000000000002ff       0x2e /usr/lib64/gcc/arm-none-eabi/11/thumb/v7e-m/nofp/crtend.o
 .ARM.attributes
                0x000000000000032d       0x1e /usr/lib64/gcc/arm-none-eabi/11/thumb/v7e-m/nofp/crtn.o
OUTPUT(mcu-ver.elf elf32-littlearm)
LOAD linker stubs
LOAD /usr/lib64/gcc/arm-none-eabi/11/../../../../arm-none-eabi/lib/thumb/v7e-m/nofp/libc.a
LOAD /usr/lib64/gcc/arm-none-eabi/11/../../../../arm-none-eabi/lib/thumb/v7e-m/nofp/libm.a
LOAD /usr/lib64/gcc/arm-none-eabi/11/thumb/v7e-m/nofp/libgcc.a

.debug_info     0x0000000000000000     0xb3b2
 .debug_info    0x0000000000000000      0xffd CMakeFiles/mcu-ver.elf.dir/Core/Src/main.c.obj
 .debug_info    0x0000000000000ffd      0xd62 CMakeFiles/mcu-ver.elf.dir/Core/Src/stm32f4xx_hal_msp.c.obj
 .debug_info    0x0000000000001d5f      0x11c CMakeFiles/mcu-ver.elf.dir/Core/Src/stm32f4xx_it.c.obj
 .debug_info    0x0000000000001e7b      0x35c CMakeFiles/mcu-ver.elf.dir/Core/Src/system_stm32f4xx.c.obj
 .debug_info    0x00000000000021d7       0x23 CMakeFiles/mcu-ver.elf.dir/Core/Startup/startup_stm32f411ceux.s.obj
 .debug_info    0x00000000000021fa      0x965 CMakeFiles/mcu-ver.elf.dir/Drivers/STM32F4xx_HAL_Driver/Src/stm32f4xx_hal.c.obj
 .debug_info    0x0000000000002b5f      0xf03 CMakeFiles/mcu-ver.elf.dir/Drivers/STM32F4xx_HAL_Driver/Src/stm32f4xx_hal_cortex.c.obj
 .debug_info    0x0000000000003a62      0x73a CMakeFiles/mcu-ver.elf.dir/Drivers/STM32F4xx_HAL_Driver/Src/stm32f4xx_hal_gpio.c.obj
 .debug_info    0x000000000000419c      0xaaf CMakeFiles/mcu-ver.elf.dir/Drivers/STM32F4xx_HAL_Driver/Src/stm32f4xx_hal_rcc.c.obj
 .debug_info    0x0000000000004c4b     0x1d81 CMakeFiles/mcu-ver.elf.dir/Drivers/STM32F4xx_HAL_Driver/Src/stm32f4xx_hal_spi.c.obj
 .debug_info    0x00000000000069cc     0x407b CMakeFiles/mcu-ver.elf.dir/Drivers/STM32F4xx_HAL_Driver/Src/stm32f4xx_hal_uart.c.obj
 .debug_info    0x000000000000aa47       0x24 /usr/lib64/gcc/arm-none-eabi/11/thumb/v7e-m/nofp/libgcc.a(_aeabi_uldivmod.o)
 .debug_info    0x000000000000aa6b      0x6e3 /usr/lib64/gcc/arm-none-eabi/11/thumb/v7e-m/nofp/libgcc.a(_udivmoddi4.o)
 .debug_info    0x000000000000b14e       0x24 /usr/lib64/gcc/arm-none-eabi/11/thumb/v7e-m/nofp/libgcc.a(_dvmd_tls.o)
 .debug_info    0x000000000000b172      0x10b /usr/lib64/gcc/arm-none-eabi/11/../../../../arm-none-eabi/lib/thumb/v7e-m/nofp/libg.a(lib_a-init.o)
 .debug_info    0x000000000000b27d      0x135 /usr/lib64/gcc/arm-none-eabi/11/../../../../arm-none-eabi/lib/thumb/v7e-m/nofp/libg.a(lib_a-memset.o)

.debug_abbrev   0x0000000000000000     0x19b0
 .debug_abbrev  0x0000000000000000      0x28b CMakeFiles/mcu-ver.elf.dir/Core/Src/main.c.obj
 .debug_abbrev  0x000000000000028b      0x205 CMakeFiles/mcu-ver.elf.dir/Core/Src/stm32f4xx_hal_msp.c.obj
 .debug_abbrev  0x0000000000000490       0x7c CMakeFiles/mcu-ver.elf.dir/Core/Src/stm32f4xx_it.c.obj
 .debug_abbrev  0x000000000000050c      0x120 CMakeFiles/mcu-ver.elf.dir/Core/Src/system_stm32f4xx.c.obj
 .debug_abbrev  0x000000000000062c       0x12 CMakeFiles/mcu-ver.elf.dir/Core/Startup/startup_stm32f411ceux.s.obj
 .debug_abbrev  0x000000000000063e      0x277 CMakeFiles/mcu-ver.elf.dir/Drivers/STM32F4xx_HAL_Driver/Src/stm32f4xx_hal.c.obj
 .debug_abbrev  0x00000000000008b5      0x376 CMakeFiles/mcu-ver.elf.dir/Drivers/STM32F4xx_HAL_Driver/Src/stm32f4xx_hal_cortex.c.obj
 .debug_abbrev  0x0000000000000c2b      0x201 CMakeFiles/mcu-ver.elf.dir/Drivers/STM32F4xx_HAL_Driver/Src/stm32f4xx_hal_gpio.c.obj
 .debug_abbrev  0x0000000000000e2c      0x2c5 CMakeFiles/mcu-ver.elf.dir/Drivers/STM32F4xx_HAL_Driver/Src/stm32f4xx_hal_rcc.c.obj
 .debug_abbrev  0x00000000000010f1      0x278 CMakeFiles/mcu-ver.elf.dir/Drivers/STM32F4xx_HAL_Driver/Src/stm32f4xx_hal_spi.c.obj
 .debug_abbrev  0x0000000000001369      0x335 CMakeFiles/mcu-ver.elf.dir/Drivers/STM32F4xx_HAL_Driver/Src/stm32f4xx_hal_uart.c.obj
 .debug_abbrev  0x000000000000169e       0x14 /usr/lib64/gcc/arm-none-eabi/11/thumb/v7e-m/nofp/libgcc.a(_aeabi_uldivmod.o)
 .debug_abbrev  0x00000000000016b2      0x16a /usr/lib64/gcc/arm-none-eabi/11/thumb/v7e-m/nofp/libgcc.a(_udivmoddi4.o)
 .debug_abbrev  0x000000000000181c       0x14 /usr/lib64/gcc/arm-none-eabi/11/thumb/v7e-m/nofp/libgcc.a(_dvmd_tls.o)
 .debug_abbrev  0x0000000000001830       0xc9 /usr/lib64/gcc/arm-none-eabi/11/../../../../arm-none-eabi/lib/thumb/v7e-m/nofp/libg.a(lib_a-init.o)
 .debug_abbrev  0x00000000000018f9       0xb7 /usr/lib64/gcc/arm-none-eabi/11/../../../../arm-none-eabi/lib/thumb/v7e-m/nofp/libg.a(lib_a-memset.o)

.debug_aranges  0x0000000000000000      0x830
 .debug_aranges
                0x0000000000000000       0x58 CMakeFiles/mcu-ver.elf.dir/Core/Src/main.c.obj
 .debug_aranges
                0x0000000000000058       0x40 CMakeFiles/mcu-ver.elf.dir/Core/Src/stm32f4xx_hal_msp.c.obj
 .debug_aranges
                0x0000000000000098       0x60 CMakeFiles/mcu-ver.elf.dir/Core/Src/stm32f4xx_it.c.obj
 .debug_aranges
                0x00000000000000f8       0x28 CMakeFiles/mcu-ver.elf.dir/Core/Src/system_stm32f4xx.c.obj
 .debug_aranges
                0x0000000000000120       0x28 CMakeFiles/mcu-ver.elf.dir/Core/Startup/startup_stm32f411ceux.s.obj
 .debug_aranges
                0x0000000000000148       0xf0 CMakeFiles/mcu-ver.elf.dir/Drivers/STM32F4xx_HAL_Driver/Src/stm32f4xx_hal.c.obj
 .debug_aranges
                0x0000000000000238       0xa8 CMakeFiles/mcu-ver.elf.dir/Drivers/STM32F4xx_HAL_Driver/Src/stm32f4xx_hal_cortex.c.obj
 .debug_aranges
                0x00000000000002e0       0x58 CMakeFiles/mcu-ver.elf.dir/Drivers/STM32F4xx_HAL_Driver/Src/stm32f4xx_hal_gpio.c.obj
 .debug_aranges
                0x0000000000000338       0x88 CMakeFiles/mcu-ver.elf.dir/Drivers/STM32F4xx_HAL_Driver/Src/stm32f4xx_hal_rcc.c.obj
 .debug_aranges
                0x00000000000003c0      0x1d0 CMakeFiles/mcu-ver.elf.dir/Drivers/STM32F4xx_HAL_Driver/Src/stm32f4xx_hal_spi.c.obj
 .debug_aranges
                0x0000000000000590      0x200 CMakeFiles/mcu-ver.elf.dir/Drivers/STM32F4xx_HAL_Driver/Src/stm32f4xx_hal_uart.c.obj
 .debug_aranges
                0x0000000000000790       0x20 /usr/lib64/gcc/arm-none-eabi/11/thumb/v7e-m/nofp/libgcc.a(_aeabi_uldivmod.o)
 .debug_aranges
                0x00000000000007b0       0x20 /usr/lib64/gcc/arm-none-eabi/11/thumb/v7e-m/nofp/libgcc.a(_udivmoddi4.o)
 .debug_aranges
                0x00000000000007d0       0x20 /usr/lib64/gcc/arm-none-eabi/11/thumb/v7e-m/nofp/libgcc.a(_dvmd_tls.o)
 .debug_aranges
                0x00000000000007f0       0x20 /usr/lib64/gcc/arm-none-eabi/11/../../../../arm-none-eabi/lib/thumb/v7e-m/nofp/libg.a(lib_a-init.o)
 .debug_aranges
                0x0000000000000810       0x20 /usr/lib64/gcc/arm-none-eabi/11/../../../../arm-none-eabi/lib/thumb/v7e-m/nofp/libg.a(lib_a-memset.o)

.debug_rnglists
                0x0000000000000000      0x68d
 .debug_rnglists
                0x0000000000000000       0x3f CMakeFiles/mcu-ver.elf.dir/Core/Src/main.c.obj
 .debug_rnglists
                0x000000000000003f       0x2c CMakeFiles/mcu-ver.elf.dir/Core/Src/stm32f4xx_hal_msp.c.obj
 .debug_rnglists
                0x000000000000006b       0x43 CMakeFiles/mcu-ver.elf.dir/Core/Src/stm32f4xx_it.c.obj
 .debug_rnglists
                0x00000000000000ae       0x1a CMakeFiles/mcu-ver.elf.dir/Core/Src/system_stm32f4xx.c.obj
 .debug_rnglists
                0x00000000000000c8       0x19 CMakeFiles/mcu-ver.elf.dir/Core/Startup/startup_stm32f411ceux.s.obj
 .debug_rnglists
                0x00000000000000e1       0xaf CMakeFiles/mcu-ver.elf.dir/Drivers/STM32F4xx_HAL_Driver/Src/stm32f4xx_hal.c.obj
 .debug_rnglists
                0x0000000000000190       0xa9 CMakeFiles/mcu-ver.elf.dir/Drivers/STM32F4xx_HAL_Driver/Src/stm32f4xx_hal_cortex.c.obj
 .debug_rnglists
                0x0000000000000239       0x3f CMakeFiles/mcu-ver.elf.dir/Drivers/STM32F4xx_HAL_Driver/Src/stm32f4xx_hal_gpio.c.obj
 .debug_rnglists
                0x0000000000000278       0x75 CMakeFiles/mcu-ver.elf.dir/Drivers/STM32F4xx_HAL_Driver/Src/stm32f4xx_hal_rcc.c.obj
 .debug_rnglists
                0x00000000000002ed      0x169 CMakeFiles/mcu-ver.elf.dir/Drivers/STM32F4xx_HAL_Driver/Src/stm32f4xx_hal_spi.c.obj
 .debug_rnglists
                0x0000000000000456      0x19b CMakeFiles/mcu-ver.elf.dir/Drivers/STM32F4xx_HAL_Driver/Src/stm32f4xx_hal_uart.c.obj
 .debug_rnglists
                0x00000000000005f1       0x75 /usr/lib64/gcc/arm-none-eabi/11/thumb/v7e-m/nofp/libgcc.a(_udivmoddi4.o)
 .debug_rnglists
                0x0000000000000666       0x13 /usr/lib64/gcc/arm-none-eabi/11/../../../../arm-none-eabi/lib/thumb/v7e-m/nofp/libg.a(lib_a-init.o)
 .debug_rnglists
                0x0000000000000679       0x14 /usr/lib64/gcc/arm-none-eabi/11/../../../../arm-none-eabi/lib/thumb/v7e-m/nofp/libg.a(lib_a-memset.o)

.debug_line     0x0000000000000000     0xa3c2
 .debug_line    0x0000000000000000      0x632 CMakeFiles/mcu-ver.elf.dir/Core/Src/main.c.obj
 .debug_line    0x0000000000000632      0x432 CMakeFiles/mcu-ver.elf.dir/Core/Src/stm32f4xx_hal_msp.c.obj
 .debug_line    0x0000000000000a64      0x1eb CMakeFiles/mcu-ver.elf.dir/Core/Src/stm32f4xx_it.c.obj
 .debug_line    0x0000000000000c4f      0x23b CMakeFiles/mcu-ver.elf.dir/Core/Src/system_stm32f4xx.c.obj
 .debug_line    0x0000000000000e8a       0x7a CMakeFiles/mcu-ver.elf.dir/Core/Startup/startup_stm32f411ceux.s.obj
 .debug_line    0x0000000000000f04      0x5f1 CMakeFiles/mcu-ver.elf.dir/Drivers/STM32F4xx_HAL_Driver/Src/stm32f4xx_hal.c.obj
 .debug_line    0x00000000000014f5      0x803 CMakeFiles/mcu-ver.elf.dir/Drivers/STM32F4xx_HAL_Driver/Src/stm32f4xx_hal_cortex.c.obj
 .debug_line    0x0000000000001cf8      0x6de CMakeFiles/mcu-ver.elf.dir/Drivers/STM32F4xx_HAL_Driver/Src/stm32f4xx_hal_gpio.c.obj
 .debug_line    0x00000000000023d6      0xb59 CMakeFiles/mcu-ver.elf.dir/Drivers/STM32F4xx_HAL_Driver/Src/stm32f4xx_hal_rcc.c.obj
 .debug_line    0x0000000000002f2f     0x2525 CMakeFiles/mcu-ver.elf.dir/Drivers/STM32F4xx_HAL_Driver/Src/stm32f4xx_hal_spi.c.obj
 .debug_line    0x0000000000005454     0x4647 CMakeFiles/mcu-ver.elf.dir/Drivers/STM32F4xx_HAL_Driver/Src/stm32f4xx_hal_uart.c.obj
 .debug_line    0x0000000000009a9b       0x4e /usr/lib64/gcc/arm-none-eabi/11/thumb/v7e-m/nofp/libgcc.a(_aeabi_uldivmod.o)
 .debug_line    0x0000000000009ae9      0x5a2 /usr/lib64/gcc/arm-none-eabi/11/thumb/v7e-m/nofp/libgcc.a(_udivmoddi4.o)
 .debug_line    0x000000000000a08b       0x4a /usr/lib64/gcc/arm-none-eabi/11/thumb/v7e-m/nofp/libgcc.a(_dvmd_tls.o)
 .debug_line    0x000000000000a0d5      0x122 /usr/lib64/gcc/arm-none-eabi/11/../../../../arm-none-eabi/lib/thumb/v7e-m/nofp/libg.a(lib_a-init.o)
 .debug_line    0x000000000000a1f7      0x1cb /usr/lib64/gcc/arm-none-eabi/11/../../../../arm-none-eabi/lib/thumb/v7e-m/nofp/libg.a(lib_a-memset.o)

.debug_str      0x0000000000000000     0x3161
 .debug_str     0x0000000000000000      0xb47 CMakeFiles/mcu-ver.elf.dir/Core/Src/main.c.obj
                                        0xc0a (size before relaxing)
 .debug_str     0x0000000000000b47       0xc4 CMakeFiles/mcu-ver.elf.dir/Core/Src/stm32f4xx_hal_msp.c.obj
                                        0x9ff (size before relaxing)
 .debug_str     0x0000000000000c0b       0xee CMakeFiles/mcu-ver.elf.dir/Core/Src/stm32f4xx_it.c.obj
                                        0x2b9 (size before relaxing)
 .debug_str     0x0000000000000cf9       0xbe CMakeFiles/mcu-ver.elf.dir/Core/Src/system_stm32f4xx.c.obj
                                        0x3bd (size before relaxing)
 .debug_str     0x0000000000000db7       0x24 CMakeFiles/mcu-ver.elf.dir/Core/Startup/startup_stm32f411ceux.s.obj
                                         0x70 (size before relaxing)
 .debug_str     0x0000000000000ddb      0x731 CMakeFiles/mcu-ver.elf.dir/Drivers/STM32F4xx_HAL_Driver/Src/stm32f4xx_hal.c.obj
                                        0xaa8 (size before relaxing)
 .debug_str     0x000000000000150c      0x4df CMakeFiles/mcu-ver.elf.dir/Drivers/STM32F4xx_HAL_Driver/Src/stm32f4xx_hal_cortex.c.obj
                                        0xb5e (size before relaxing)
 .debug_str     0x00000000000019eb      0x151 CMakeFiles/mcu-ver.elf.dir/Drivers/STM32F4xx_HAL_Driver/Src/stm32f4xx_hal_gpio.c.obj
                                        0x57c (size before relaxing)
 .debug_str     0x0000000000001b3c      0x1db CMakeFiles/mcu-ver.elf.dir/Drivers/STM32F4xx_HAL_Driver/Src/stm32f4xx_hal_rcc.c.obj
                                        0x7a2 (size before relaxing)
 .debug_str     0x0000000000001d17      0x59a CMakeFiles/mcu-ver.elf.dir/Drivers/STM32F4xx_HAL_Driver/Src/stm32f4xx_hal_spi.c.obj
                                        0xc84 (size before relaxing)
 .debug_str     0x00000000000022b1      0x637 CMakeFiles/mcu-ver.elf.dir/Drivers/STM32F4xx_HAL_Driver/Src/stm32f4xx_hal_uart.c.obj
                                        0xde3 (size before relaxing)
 .debug_str     0x00000000000028e8       0x73 /usr/lib64/gcc/arm-none-eabi/11/thumb/v7e-m/nofp/libgcc.a(_aeabi_uldivmod.o)
                                         0x7f (size before relaxing)
 .debug_str     0x000000000000295b      0x57f /usr/lib64/gcc/arm-none-eabi/11/thumb/v7e-m/nofp/libgcc.a(_udivmoddi4.o)
                                        0x67f (size before relaxing)
 .debug_str     0x0000000000002eda        0xc /usr/lib64/gcc/arm-none-eabi/11/thumb/v7e-m/nofp/libgcc.a(_dvmd_tls.o)
                                         0x83 (size before relaxing)
 .debug_str     0x0000000000002ee6      0x1c6 /usr/lib64/gcc/arm-none-eabi/11/../../../../arm-none-eabi/lib/thumb/v7e-m/nofp/libg.a(lib_a-init.o)
                                        0x261 (size before relaxing)
 .debug_str     0x00000000000030ac       0xb5 /usr/lib64/gcc/arm-none-eabi/11/../../../../arm-none-eabi/lib/thumb/v7e-m/nofp/libg.a(lib_a-memset.o)
                                        0x216 (size before relaxing)

.comment        0x0000000000000000       0x56
 .comment       0x0000000000000000       0x56 CMakeFiles/mcu-ver.elf.dir/Core/Src/main.c.obj
                                         0x57 (size before relaxing)
 .comment       0x0000000000000056       0x57 CMakeFiles/mcu-ver.elf.dir/Core/Src/stm32f4xx_hal_msp.c.obj
 .comment       0x0000000000000056       0x57 CMakeFiles/mcu-ver.elf.dir/Core/Src/stm32f4xx_it.c.obj
 .comment       0x0000000000000056       0x57 CMakeFiles/mcu-ver.elf.dir/Core/Src/system_stm32f4xx.c.obj
 .comment       0x0000000000000056       0x57 CMakeFiles/mcu-ver.elf.dir/Drivers/STM32F4xx_HAL_Driver/Src/stm32f4xx_hal.c.obj
 .comment       0x0000000000000056       0x57 CMakeFiles/mcu-ver.elf.dir/Drivers/STM32F4xx_HAL_Driver/Src/stm32f4xx_hal_cortex.c.obj
 .comment       0x0000000000000056       0x57 CMakeFiles/mcu-ver.elf.dir/Drivers/STM32F4xx_HAL_Driver/Src/stm32f4xx_hal_gpio.c.obj
 .comment       0x0000000000000056       0x57 CMakeFiles/mcu-ver.elf.dir/Drivers/STM32F4xx_HAL_Driver/Src/stm32f4xx_hal_rcc.c.obj
 .comment       0x0000000000000056       0x57 CMakeFiles/mcu-ver.elf.dir/Drivers/STM32F4xx_HAL_Driver/Src/stm32f4xx_hal_spi.c.obj
 .comment       0x0000000000000056       0x57 CMakeFiles/mcu-ver.elf.dir/Drivers/STM32F4xx_HAL_Driver/Src/stm32f4xx_hal_uart.c.obj
 .comment       0x0000000000000056       0x57 /usr/lib64/gcc/arm-none-eabi/11/../../../../arm-none-eabi/lib/thumb/v7e-m/nofp/libg.a(lib_a-init.o)
 .comment       0x0000000000000056       0x57 /usr/lib64/gcc/arm-none-eabi/11/../../../../arm-none-eabi/lib/thumb/v7e-m/nofp/libg.a(lib_a-memset.o)

.debug_frame    0x0000000000000000     0x13e8
 .debug_frame   0x0000000000000000       0xd8 CMakeFiles/mcu-ver.elf.dir/Core/Src/main.c.obj
 .debug_frame   0x00000000000000d8       0xa0 CMakeFiles/mcu-ver.elf.dir/Core/Src/stm32f4xx_hal_msp.c.obj
 .debug_frame   0x0000000000000178       0xa8 CMakeFiles/mcu-ver.elf.dir/Core/Src/stm32f4xx_it.c.obj
 .debug_frame   0x0000000000000220       0x30 CMakeFiles/mcu-ver.elf.dir/Core/Src/system_stm32f4xx.c.obj
 .debug_frame   0x0000000000000250      0x1ec CMakeFiles/mcu-ver.elf.dir/Drivers/STM32F4xx_HAL_Driver/Src/stm32f4xx_hal.c.obj
 .debug_frame   0x000000000000043c      0x148 CMakeFiles/mcu-ver.elf.dir/Drivers/STM32F4xx_HAL_Driver/Src/stm32f4xx_hal_cortex.c.obj
 .debug_frame   0x0000000000000584       0xd4 CMakeFiles/mcu-ver.elf.dir/Drivers/STM32F4xx_HAL_Driver/Src/stm32f4xx_hal_gpio.c.obj
 .debug_frame   0x0000000000000658      0x16c CMakeFiles/mcu-ver.elf.dir/Drivers/STM32F4xx_HAL_Driver/Src/stm32f4xx_hal_rcc.c.obj
 .debug_frame   0x00000000000007c4      0x5a4 CMakeFiles/mcu-ver.elf.dir/Drivers/STM32F4xx_HAL_Driver/Src/stm32f4xx_hal_spi.c.obj
 .debug_frame   0x0000000000000d68      0x5c8 CMakeFiles/mcu-ver.elf.dir/Drivers/STM32F4xx_HAL_Driver/Src/stm32f4xx_hal_uart.c.obj
 .debug_frame   0x0000000000001330       0x2c /usr/lib64/gcc/arm-none-eabi/11/thumb/v7e-m/nofp/libgcc.a(_aeabi_uldivmod.o)
 .debug_frame   0x000000000000135c       0x34 /usr/lib64/gcc/arm-none-eabi/11/thumb/v7e-m/nofp/libgcc.a(_udivmoddi4.o)
 .debug_frame   0x0000000000001390       0x2c /usr/lib64/gcc/arm-none-eabi/11/../../../../arm-none-eabi/lib/thumb/v7e-m/nofp/libg.a(lib_a-init.o)
 .debug_frame   0x00000000000013bc       0x2c /usr/lib64/gcc/arm-none-eabi/11/../../../../arm-none-eabi/lib/thumb/v7e-m/nofp/libg.a(lib_a-memset.o)

.debug_loclists
                0x0000000000000000     0x5af2
 .debug_loclists
                0x0000000000000000       0xf7 CMakeFiles/mcu-ver.elf.dir/Core/Src/stm32f4xx_hal_msp.c.obj
 .debug_loclists
                0x00000000000000f7       0xdb CMakeFiles/mcu-ver.elf.dir/Core/Src/system_stm32f4xx.c.obj
 .debug_loclists
                0x00000000000001d2       0xc9 CMakeFiles/mcu-ver.elf.dir/Drivers/STM32F4xx_HAL_Driver/Src/stm32f4xx_hal.c.obj
 .debug_loclists
                0x000000000000029b      0x4db CMakeFiles/mcu-ver.elf.dir/Drivers/STM32F4xx_HAL_Driver/Src/stm32f4xx_hal_cortex.c.obj
 .debug_loclists
                0x0000000000000776      0x356 CMakeFiles/mcu-ver.elf.dir/Drivers/STM32F4xx_HAL_Driver/Src/stm32f4xx_hal_gpio.c.obj
 .debug_loclists
                0x0000000000000acc      0x3a9 CMakeFiles/mcu-ver.elf.dir/Drivers/STM32F4xx_HAL_Driver/Src/stm32f4xx_hal_rcc.c.obj
 .debug_loclists
                0x0000000000000e75     0x13a3 CMakeFiles/mcu-ver.elf.dir/Drivers/STM32F4xx_HAL_Driver/Src/stm32f4xx_hal_spi.c.obj
 .debug_loclists
                0x0000000000002218     0x2ba0 CMakeFiles/mcu-ver.elf.dir/Drivers/STM32F4xx_HAL_Driver/Src/stm32f4xx_hal_uart.c.obj
 .debug_loclists
                0x0000000000004db8      0xb1b /usr/lib64/gcc/arm-none-eabi/11/thumb/v7e-m/nofp/libgcc.a(_udivmoddi4.o)
 .debug_loclists
                0x00000000000058d3       0x7a /usr/lib64/gcc/arm-none-eabi/11/../../../../arm-none-eabi/lib/thumb/v7e-m/nofp/libg.a(lib_a-init.o)
 .debug_loclists
                0x000000000000594d      0x1a5 /usr/lib64/gcc/arm-none-eabi/11/../../../../arm-none-eabi/lib/thumb/v7e-m/nofp/libg.a(lib_a-memset.o)

.debug_line_str
                0x0000000000000000       0x97
 .debug_line_str
                0x0000000000000000       0x5f CMakeFiles/mcu-ver.elf.dir/Core/Startup/startup_stm32f411ceux.s.obj
                                         0xbe (size before relaxing)
 .debug_line_str
                0x000000000000005f       0x2c /usr/lib64/gcc/arm-none-eabi/11/thumb/v7e-m/nofp/libgcc.a(_aeabi_uldivmod.o)
                                         0x58 (size before relaxing)
 .debug_line_str
                0x000000000000008b        0xc /usr/lib64/gcc/arm-none-eabi/11/thumb/v7e-m/nofp/libgcc.a(_dvmd_tls.o)
                                         0x60 (size before relaxing)
