Archive member included to satisfy reference by file (symbol)

/usr/lib64/gcc/arm-none-eabi/11/thumb/v7e-m/nofp/libgcc.a(_aeabi_uldivmod.o)
                              CMakeFiles/mcu-ver-master.elf.dir/Drivers/STM32F4xx_HAL_Driver/Src/stm32f4xx_hal_rcc.c.obj (__aeabi_uldivmod)
/usr/lib64/gcc/arm-none-eabi/11/thumb/v7e-m/nofp/libgcc.a(_udivmoddi4.o)
                              /usr/lib64/gcc/arm-none-eabi/11/thumb/v7e-m/nofp/libgcc.a(_aeabi_uldivmod.o) (__udivmoddi4)
/usr/lib64/gcc/arm-none-eabi/11/thumb/v7e-m/nofp/libgcc.a(_dvmd_tls.o)
                              /usr/lib64/gcc/arm-none-eabi/11/thumb/v7e-m/nofp/libgcc.a(_aeabi_uldivmod.o) (__aeabi_ldiv0)
/usr/lib64/gcc/arm-none-eabi/11/../../../../arm-none-eabi/lib/thumb/v7e-m/nofp/libg.a(lib_a-atexit.o)
                              /usr/lib64/gcc/arm-none-eabi/11/../../../../arm-none-eabi/lib/thumb/v7e-m/nofp/crt0.o (atexit)
/usr/lib64/gcc/arm-none-eabi/11/../../../../arm-none-eabi/lib/thumb/v7e-m/nofp/libg.a(lib_a-errno.o)
                              CMakeFiles/mcu-ver-master.elf.dir/Core/Src/sysmem.c.obj (__errno)
/usr/lib64/gcc/arm-none-eabi/11/../../../../arm-none-eabi/lib/thumb/v7e-m/nofp/libg.a(lib_a-exit.o)
                              /usr/lib64/gcc/arm-none-eabi/11/../../../../arm-none-eabi/lib/thumb/v7e-m/nofp/crt0.o (exit)
/usr/lib64/gcc/arm-none-eabi/11/../../../../arm-none-eabi/lib/thumb/v7e-m/nofp/libg.a(lib_a-fini.o)
                              /usr/lib64/gcc/arm-none-eabi/11/../../../../arm-none-eabi/lib/thumb/v7e-m/nofp/crt0.o (__libc_fini_array)
/usr/lib64/gcc/arm-none-eabi/11/../../../../arm-none-eabi/lib/thumb/v7e-m/nofp/libg.a(lib_a-impure.o)
                              /usr/lib64/gcc/arm-none-eabi/11/../../../../arm-none-eabi/lib/thumb/v7e-m/nofp/libg.a(lib_a-exit.o) (_global_impure_ptr)
/usr/lib64/gcc/arm-none-eabi/11/../../../../arm-none-eabi/lib/thumb/v7e-m/nofp/libg.a(lib_a-init.o)
                              /usr/lib64/gcc/arm-none-eabi/11/../../../../arm-none-eabi/lib/thumb/v7e-m/nofp/crt0.o (__libc_init_array)
/usr/lib64/gcc/arm-none-eabi/11/../../../../arm-none-eabi/lib/thumb/v7e-m/nofp/libg.a(lib_a-memset.o)
                              /usr/lib64/gcc/arm-none-eabi/11/../../../../arm-none-eabi/lib/thumb/v7e-m/nofp/crt0.o (memset)
/usr/lib64/gcc/arm-none-eabi/11/../../../../arm-none-eabi/lib/thumb/v7e-m/nofp/libg.a(lib_a-syscalls.o)
                              /usr/lib64/gcc/arm-none-eabi/11/../../../../arm-none-eabi/lib/thumb/v7e-m/nofp/crt0.o (initialise_monitor_handles)
/usr/lib64/gcc/arm-none-eabi/11/../../../../arm-none-eabi/lib/thumb/v7e-m/nofp/libg.a(lib_a-__atexit.o)
                              /usr/lib64/gcc/arm-none-eabi/11/../../../../arm-none-eabi/lib/thumb/v7e-m/nofp/libg.a(lib_a-atexit.o) (__register_exitproc)
/usr/lib64/gcc/arm-none-eabi/11/../../../../arm-none-eabi/lib/thumb/v7e-m/nofp/libg.a(lib_a-__call_atexit.o)
                              /usr/lib64/gcc/arm-none-eabi/11/../../../../arm-none-eabi/lib/thumb/v7e-m/nofp/libg.a(lib_a-exit.o) (__call_exitprocs)
/usr/lib64/gcc/arm-none-eabi/11/../../../../arm-none-eabi/lib/thumb/v7e-m/nofp/libg.a(lib_a-findfp.o)
                              /usr/lib64/gcc/arm-none-eabi/11/../../../../arm-none-eabi/lib/thumb/v7e-m/nofp/libg.a(lib_a-syscalls.o) (__sinit)
/usr/lib64/gcc/arm-none-eabi/11/../../../../arm-none-eabi/lib/thumb/v7e-m/nofp/libg.a(lib_a-fwalk.o)
                              /usr/lib64/gcc/arm-none-eabi/11/../../../../arm-none-eabi/lib/thumb/v7e-m/nofp/libg.a(lib_a-findfp.o) (_fwalk)
/usr/lib64/gcc/arm-none-eabi/11/../../../../arm-none-eabi/lib/thumb/v7e-m/nofp/libg.a(lib_a-mallocr.o)
                              /usr/lib64/gcc/arm-none-eabi/11/../../../../arm-none-eabi/lib/thumb/v7e-m/nofp/libg.a(lib_a-findfp.o) (_malloc_r)
/usr/lib64/gcc/arm-none-eabi/11/../../../../arm-none-eabi/lib/thumb/v7e-m/nofp/libg.a(lib_a-mlock.o)
                              /usr/lib64/gcc/arm-none-eabi/11/../../../../arm-none-eabi/lib/thumb/v7e-m/nofp/libg.a(lib_a-mallocr.o) (__malloc_lock)
/usr/lib64/gcc/arm-none-eabi/11/../../../../arm-none-eabi/lib/thumb/v7e-m/nofp/libg.a(lib_a-sbrkr.o)
                              /usr/lib64/gcc/arm-none-eabi/11/../../../../arm-none-eabi/lib/thumb/v7e-m/nofp/libg.a(lib_a-mallocr.o) (_sbrk_r)
/usr/lib64/gcc/arm-none-eabi/11/../../../../arm-none-eabi/lib/thumb/v7e-m/nofp/libg.a(lib_a-stdio.o)
                              /usr/lib64/gcc/arm-none-eabi/11/../../../../arm-none-eabi/lib/thumb/v7e-m/nofp/libg.a(lib_a-findfp.o) (__sread)
/usr/lib64/gcc/arm-none-eabi/11/../../../../arm-none-eabi/lib/thumb/v7e-m/nofp/libg.a(lib_a-strlen.o)
                              /usr/lib64/gcc/arm-none-eabi/11/../../../../arm-none-eabi/lib/thumb/v7e-m/nofp/libg.a(lib_a-syscalls.o) (strlen)
/usr/lib64/gcc/arm-none-eabi/11/../../../../arm-none-eabi/lib/thumb/v7e-m/nofp/libg.a(lib_a-writer.o)
                              /usr/lib64/gcc/arm-none-eabi/11/../../../../arm-none-eabi/lib/thumb/v7e-m/nofp/libg.a(lib_a-stdio.o) (_write_r)
[...]
Memory Configuration

Name             Origin             Length             Attributes
RAM              0x0000000020000000 0x0000000000020000 xrw
FLASH            0x0000000008000000 0x0000000000080000 xr
*default*        0x0000000000000000 0xffffffffffffffff

Linker script and memory map

LOAD /usr/lib64/gcc/arm-none-eabi/11/thumb/v7e-m/nofp/crti.o
LOAD /usr/lib64/gcc/arm-none-eabi/11/thumb/v7e-m/nofp/crtbegin.o
LOAD /usr/lib64/gcc/arm-none-eabi/11/../../../../arm-none-eabi/lib/thumb/v7e-m/nofp/crt0.o
LOAD CMakeFiles/mcu-ver-master.elf.dir/Core/Src/gpio.c.obj
LOAD CMakeFiles/mcu-ver-master.elf.dir/Core/Src/main.c.obj
LOAD CMakeFiles/mcu-ver-master.elf.dir/Core/Src/rtc.c.obj
LOAD CMakeFiles/mcu-ver-master.elf.dir/Core/Src/spi.c.obj
LOAD CMakeFiles/mcu-ver-master.elf.dir/Core/Src/stm32f4xx_hal_msp.c.obj
LOAD CMakeFiles/mcu-ver-master.elf.dir/Core/Src/stm32f4xx_it.c.obj
LOAD CMakeFiles/mcu-ver-master.elf.dir/Core/Src/sysmem.c.obj
LOAD CMakeFiles/mcu-ver-master.elf.dir/Core/Src/system_stm32f4xx.c.obj
LOAD CMakeFiles/mcu-ver-master.elf.dir/Core/Src/usart.c.obj
LOAD CMakeFiles/mcu-ver-master.elf.dir/Core/Startup/startup_stm32f411ceux.s.obj
LOAD CMakeFiles/mcu-ver-master.elf.dir/Drivers/STM32F4xx_HAL_Driver/Src/stm32f4xx_hal.c.obj
LOAD CMakeFiles/mcu-ver-master.elf.dir/Drivers/STM32F4xx_HAL_Driver/Src/stm32f4xx_hal_cortex.c.obj
LOAD CMakeFiles/mcu-ver-master.elf.dir/Drivers/STM32F4xx_HAL_Driver/Src/stm32f4xx_hal_dma.c.obj
LOAD CMakeFiles/mcu-ver-master.elf.dir/Drivers/STM32F4xx_HAL_Driver/Src/stm32f4xx_hal_dma_ex.c.obj
LOAD CMakeFiles/mcu-ver-master.elf.dir/Drivers/STM32F4xx_HAL_Driver/Src/stm32f4xx_hal_exti.c.obj
LOAD CMakeFiles/mcu-ver-master.elf.dir/Drivers/STM32F4xx_HAL_Driver/Src/stm32f4xx_hal_flash.c.obj
LOAD CMakeFiles/mcu-ver-master.elf.dir/Drivers/STM32F4xx_HAL_Driver/Src/stm32f4xx_hal_flash_ex.c.obj
LOAD CMakeFiles/mcu-ver-master.elf.dir/Drivers/STM32F4xx_HAL_Driver/Src/stm32f4xx_hal_flash_ramfunc.c.obj
LOAD CMakeFiles/mcu-ver-master.elf.dir/Drivers/STM32F4xx_HAL_Driver/Src/stm32f4xx_hal_gpio.c.obj
LOAD CMakeFiles/mcu-ver-master.elf.dir/Drivers/STM32F4xx_HAL_Driver/Src/stm32f4xx_hal_pwr.c.obj
LOAD CMakeFiles/mcu-ver-master.elf.dir/Drivers/STM32F4xx_HAL_Driver/Src/stm32f4xx_hal_pwr_ex.c.obj
LOAD CMakeFiles/mcu-ver-master.elf.dir/Drivers/STM32F4xx_HAL_Driver/Src/stm32f4xx_hal_rcc.c.obj
LOAD CMakeFiles/mcu-ver-master.elf.dir/Drivers/STM32F4xx_HAL_Driver/Src/stm32f4xx_hal_rcc_ex.c.obj
LOAD CMakeFiles/mcu-ver-master.elf.dir/Drivers/STM32F4xx_HAL_Driver/Src/stm32f4xx_hal_rtc.c.obj
LOAD CMakeFiles/mcu-ver-master.elf.dir/Drivers/STM32F4xx_HAL_Driver/Src/stm32f4xx_hal_rtc_ex.c.obj
LOAD CMakeFiles/mcu-ver-master.elf.dir/Drivers/STM32F4xx_HAL_Driver/Src/stm32f4xx_hal_spi.c.obj
LOAD CMakeFiles/mcu-ver-master.elf.dir/Drivers/STM32F4xx_HAL_Driver/Src/stm32f4xx_hal_tim.c.obj
LOAD CMakeFiles/mcu-ver-master.elf.dir/Drivers/STM32F4xx_HAL_Driver/Src/stm32f4xx_hal_tim_ex.c.obj
LOAD CMakeFiles/mcu-ver-master.elf.dir/Drivers/STM32F4xx_HAL_Driver/Src/stm32f4xx_hal_uart.c.obj
START GROUP
LOAD /usr/lib64/gcc/arm-none-eabi/11/thumb/v7e-m/nofp/libgcc.a
LOAD /usr/lib64/gcc/arm-none-eabi/11/../../../../arm-none-eabi/lib/thumb/v7e-m/nofp/libg.a
LOAD /usr/lib64/gcc/arm-none-eabi/11/../../../../arm-none-eabi/lib/thumb/v7e-m/nofp/libc.a
END GROUP
LOAD /usr/lib64/gcc/arm-none-eabi/11/thumb/v7e-m/nofp/crtend.o
LOAD /usr/lib64/gcc/arm-none-eabi/11/thumb/v7e-m/nofp/crtn.o
                0x0000000020020000                _estack = (ORIGIN (RAM) + LENGTH (RAM))
                0x0000000000000200                _Min_Heap_Size = 0x200
                0x0000000000000400                _Min_Stack_Size = 0x400

.isr_vector     0x0000000008000000      0x198
                0x0000000008000000                . = ALIGN (0x4)
 *(.isr_vector)
 .isr_vector    0x0000000008000000      0x198 CMakeFiles/mcu-ver-master.elf.dir/Core/Startup/startup_stm32f411ceux.s.obj
                0x0000000008000000                g_pfnVectors
                0x0000000008000198                . = ALIGN (0x4)

.text           0x0000000008000198     0x1e98
                0x0000000008000198                . = ALIGN (0x4)
 *(.text)
 .text          0x0000000008000198       0x88 /usr/lib64/gcc/arm-none-eabi/11/thumb/v7e-m/nofp/crtbegin.o
 .text          0x0000000008000220       0x30 /usr/lib64/gcc/arm-none-eabi/11/thumb/v7e-m/nofp/libgcc.a(_aeabi_uldivmod.o)
                0x0000000008000220                __aeabi_uldivmod
 .text          0x0000000008000250      0x2d8 /usr/lib64/gcc/arm-none-eabi/11/thumb/v7e-m/nofp/libgcc.a(_udivmoddi4.o)
                0x0000000008000250                __udivmoddi4
 .text          0x0000000008000528        0x4 /usr/lib64/gcc/arm-none-eabi/11/thumb/v7e-m/nofp/libgcc.a(_dvmd_tls.o)
                0x0000000008000528                __aeabi_ldiv0
                0x0000000008000528                __aeabi_idiv0
 *(.text*)
 .text.MX_GPIO_Init
                0x000000000800052c       0xd0 CMakeFiles/mcu-ver-master.elf.dir/Core/Src/gpio.c.obj
                0x000000000800052c                MX_GPIO_Init
 .text.dumb_prng
                0x00000000080005fc       0x1c CMakeFiles/mcu-ver-master.elf.dir/Core/Src/main.c.obj
                0x00000000080005fc                dumb_prng
 .text.SystemClock_Config
                0x0000000008000618       0xb0 CMakeFiles/mcu-ver-master.elf.dir/Core/Src/main.c.obj
                0x0000000008000618                SystemClock_Config
 .text.main     0x00000000080006c8       0x84 CMakeFiles/mcu-ver-master.elf.dir/Core/Src/main.c.obj
                0x00000000080006c8                main
 .text.Error_Handler
                0x000000000800074c        0x2 CMakeFiles/mcu-ver-master.elf.dir/Core/Src/main.c.obj
                0x000000000800074c                Error_Handler
 *fill*         0x000000000800074e        0x2 
 .text.MX_RTC_Init
                0x0000000008000750       0x30 CMakeFiles/mcu-ver-master.elf.dir/Core/Src/rtc.c.obj
                0x0000000008000750                MX_RTC_Init
 .text.HAL_RTC_MspInit
                0x0000000008000780       0x1c CMakeFiles/mcu-ver-master.elf.dir/Core/Src/rtc.c.obj
                0x0000000008000780                HAL_RTC_MspInit
 .text.MX_SPI1_Init
                0x000000000800079c       0x3c CMakeFiles/mcu-ver-master.elf.dir/Core/Src/spi.c.obj
                0x000000000800079c                MX_SPI1_Init
 .text.MX_SPI2_Init
                0x00000000080007d8       0x3c CMakeFiles/mcu-ver-master.elf.dir/Core/Src/spi.c.obj
                0x00000000080007d8                MX_SPI2_Init
 .text.MX_SPI3_Init
                0x0000000008000814       0x3c CMakeFiles/mcu-ver-master.elf.dir/Core/Src/spi.c.obj
                0x0000000008000814                MX_SPI3_Init
 .text.HAL_SPI_MspInit
                0x0000000008000850      0x130 CMakeFiles/mcu-ver-master.elf.dir/Core/Src/spi.c.obj
                0x0000000008000850                HAL_SPI_MspInit
 .text.HAL_MspInit
                0x0000000008000980       0x48 CMakeFiles/mcu-ver-master.elf.dir/Core/Src/stm32f4xx_hal_msp.c.obj
                0x0000000008000980                HAL_MspInit
 .text.NMI_Handler
                0x00000000080009c8        0x2 CMakeFiles/mcu-ver-master.elf.dir/Core/Src/stm32f4xx_it.c.obj
                0x00000000080009c8                NMI_Handler
 .text.HardFault_Handler
                0x00000000080009ca        0x2 CMakeFiles/mcu-ver-master.elf.dir/Core/Src/stm32f4xx_it.c.obj
                0x00000000080009ca                HardFault_Handler
 .text.MemManage_Handler
                0x00000000080009cc        0x2 CMakeFiles/mcu-ver-master.elf.dir/Core/Src/stm32f4xx_it.c.obj
                0x00000000080009cc                MemManage_Handler
 .text.BusFault_Handler
                0x00000000080009ce        0x2 CMakeFiles/mcu-ver-master.elf.dir/Core/Src/stm32f4xx_it.c.obj
                0x00000000080009ce                BusFault_Handler
 .text.UsageFault_Handler
                0x00000000080009d0        0x2 CMakeFiles/mcu-ver-master.elf.dir/Core/Src/stm32f4xx_it.c.obj
                0x00000000080009d0                UsageFault_Handler
 .text.SVC_Handler
                0x00000000080009d2        0x2 CMakeFiles/mcu-ver-master.elf.dir/Core/Src/stm32f4xx_it.c.obj
                0x00000000080009d2                SVC_Handler
 .text.DebugMon_Handler
                0x00000000080009d4        0x2 CMakeFiles/mcu-ver-master.elf.dir/Core/Src/stm32f4xx_it.c.obj
                0x00000000080009d4                DebugMon_Handler
 .text.PendSV_Handler
                0x00000000080009d6        0x2 CMakeFiles/mcu-ver-master.elf.dir/Core/Src/stm32f4xx_it.c.obj
                0x00000000080009d6                PendSV_Handler
 .text.SysTick_Handler
                0x00000000080009d8        0x8 CMakeFiles/mcu-ver-master.elf.dir/Core/Src/stm32f4xx_it.c.obj
                0x00000000080009d8                SysTick_Handler
 .text.RCC_IRQHandler
                0x00000000080009e0        0x2 CMakeFiles/mcu-ver-master.elf.dir/Core/Src/stm32f4xx_it.c.obj
                0x00000000080009e0                RCC_IRQHandler
 *fill*         0x00000000080009e2        0x2 
 .text.USART2_IRQHandler
                0x00000000080009e4       0x10 CMakeFiles/mcu-ver-master.elf.dir/Core/Src/stm32f4xx_it.c.obj
                0x00000000080009e4                USART2_IRQHandler
 .text.SystemInit
                0x00000000080009f4       0x10 CMakeFiles/mcu-ver-master.elf.dir/Core/Src/system_stm32f4xx.c.obj
                0x00000000080009f4                SystemInit
 .text.MX_USART2_UART_Init
                0x0000000008000a04       0x34 CMakeFiles/mcu-ver-master.elf.dir/Core/Src/usart.c.obj
                0x0000000008000a04                MX_USART2_UART_Init
 .text.HAL_UART_MspInit
                0x0000000008000a38       0x7c CMakeFiles/mcu-ver-master.elf.dir/Core/Src/usart.c.obj
                0x0000000008000a38                HAL_UART_MspInit
 .text.Reset_Handler
                0x0000000008000ab4       0x50 CMakeFiles/mcu-ver-master.elf.dir/Core/Startup/startup_stm32f411ceux.s.obj
                0x0000000008000ab4                Reset_Handler
 .text.Default_Handler
                0x0000000008000b04        0x2 CMakeFiles/mcu-ver-master.elf.dir/Core/Startup/startup_stm32f411ceux.s.obj
                0x0000000008000b04                RTC_Alarm_IRQHandler
                0x0000000008000b04                EXTI2_IRQHandler
                0x0000000008000b04                SPI4_IRQHandler
                0x0000000008000b04                TIM1_CC_IRQHandler
                0x0000000008000b04                DMA2_Stream5_IRQHandler
                0x0000000008000b04                DMA1_Stream5_IRQHandler
                0x0000000008000b04                PVD_IRQHandler
                0x0000000008000b04                SDIO_IRQHandler
                0x0000000008000b04                TAMP_STAMP_IRQHandler
                0x0000000008000b04                EXTI3_IRQHandler
                0x0000000008000b04                TIM1_UP_TIM10_IRQHandler
                0x0000000008000b04                I2C3_ER_IRQHandler
                0x0000000008000b04                EXTI0_IRQHandler
                0x0000000008000b04                I2C2_EV_IRQHandler
                0x0000000008000b04                DMA1_Stream2_IRQHandler
                0x0000000008000b04                FPU_IRQHandler
                0x0000000008000b04                DMA2_Stream2_IRQHandler
                0x0000000008000b04                SPI1_IRQHandler
                0x0000000008000b04                TIM1_BRK_TIM9_IRQHandler
                0x0000000008000b04                DMA2_Stream3_IRQHandler
                0x0000000008000b04                USART6_IRQHandler
                0x0000000008000b04                DMA2_Stream0_IRQHandler
                0x0000000008000b04                TIM4_IRQHandler
                0x0000000008000b04                I2C1_EV_IRQHandler
                0x0000000008000b04                DMA1_Stream6_IRQHandler
                0x0000000008000b04                DMA1_Stream1_IRQHandler
                0x0000000008000b04                TIM3_IRQHandler
                0x0000000008000b04                Default_Handler
                0x0000000008000b04                EXTI15_10_IRQHandler
                0x0000000008000b04                ADC_IRQHandler
                0x0000000008000b04                DMA1_Stream7_IRQHandler
                0x0000000008000b04                SPI5_IRQHandler
                0x0000000008000b04                TIM5_IRQHandler
                0x0000000008000b04                DMA2_Stream7_IRQHandler
                0x0000000008000b04                I2C3_EV_IRQHandler
                0x0000000008000b04                EXTI9_5_IRQHandler
                0x0000000008000b04                RTC_WKUP_IRQHandler
                0x0000000008000b04                SPI2_IRQHandler
                0x0000000008000b04                DMA1_Stream0_IRQHandler
                0x0000000008000b04                EXTI4_IRQHandler
                0x0000000008000b04                WWDG_IRQHandler
                0x0000000008000b04                TIM2_IRQHandler
                0x0000000008000b04                OTG_FS_WKUP_IRQHandler
                0x0000000008000b04                TIM1_TRG_COM_TIM11_IRQHandler
                0x0000000008000b04                EXTI1_IRQHandler
                0x0000000008000b04                I2C2_ER_IRQHandler
                0x0000000008000b04                DMA2_Stream1_IRQHandler
                0x0000000008000b04                FLASH_IRQHandler
                0x0000000008000b04                DMA2_Stream4_IRQHandler
                0x0000000008000b04                USART1_IRQHandler
                0x0000000008000b04                OTG_FS_IRQHandler
                0x0000000008000b04                SPI3_IRQHandler
                0x0000000008000b04                DMA1_Stream4_IRQHandler
                0x0000000008000b04                I2C1_ER_IRQHandler
                0x0000000008000b04                DMA2_Stream6_IRQHandler
                0x0000000008000b04                DMA1_Stream3_IRQHandler
 *fill*         0x0000000008000b06        0x2 
 .text.HAL_InitTick
                0x0000000008000b08       0x4c CMakeFiles/mcu-ver-master.elf.dir/Drivers/STM32F4xx_HAL_Driver/Src/stm32f4xx_hal.c.obj
                0x0000000008000b08                HAL_InitTick
 .text.HAL_Init
                0x0000000008000b54       0x34 CMakeFiles/mcu-ver-master.elf.dir/Drivers/STM32F4xx_HAL_Driver/Src/stm32f4xx_hal.c.obj
                0x0000000008000b54                HAL_Init
 .text.HAL_IncTick
                0x0000000008000b88       0x18 CMakeFiles/mcu-ver-master.elf.dir/Drivers/STM32F4xx_HAL_Driver/Src/stm32f4xx_hal.c.obj
                0x0000000008000b88                HAL_IncTick
 .text.HAL_GetTick
                0x0000000008000ba0        0xc CMakeFiles/mcu-ver-master.elf.dir/Drivers/STM32F4xx_HAL_Driver/Src/stm32f4xx_hal.c.obj
                0x0000000008000ba0                HAL_GetTick
 .text.HAL_NVIC_SetPriorityGrouping
                0x0000000008000bac       0x24 CMakeFiles/mcu-ver-master.elf.dir/Drivers/STM32F4xx_HAL_Driver/Src/stm32f4xx_hal_cortex.c.obj
                0x0000000008000bac                HAL_NVIC_SetPriorityGrouping
 .text.HAL_NVIC_SetPriority
                0x0000000008000bd0       0x70 CMakeFiles/mcu-ver-master.elf.dir/Drivers/STM32F4xx_HAL_Driver/Src/stm32f4xx_hal_cortex.c.obj
                0x0000000008000bd0                HAL_NVIC_SetPriority
 .text.HAL_NVIC_EnableIRQ
                0x0000000008000c40       0x1c CMakeFiles/mcu-ver-master.elf.dir/Drivers/STM32F4xx_HAL_Driver/Src/stm32f4xx_hal_cortex.c.obj
                0x0000000008000c40                HAL_NVIC_EnableIRQ
 .text.HAL_SYSTICK_Config
                0x0000000008000c5c       0x28 CMakeFiles/mcu-ver-master.elf.dir/Drivers/STM32F4xx_HAL_Driver/Src/stm32f4xx_hal_cortex.c.obj
                0x0000000008000c5c                HAL_SYSTICK_Config
 .text.HAL_DMA_Abort_IT
                0x0000000008000c84       0x26 CMakeFiles/mcu-ver-master.elf.dir/Drivers/STM32F4xx_HAL_Driver/Src/stm32f4xx_hal_dma.c.obj
                0x0000000008000c84                HAL_DMA_Abort_IT
 *fill*         0x0000000008000caa        0x2 
 .text.HAL_GPIO_Init
                0x0000000008000cac      0x1ac CMakeFiles/mcu-ver-master.elf.dir/Drivers/STM32F4xx_HAL_Driver/Src/stm32f4xx_hal_gpio.c.obj
                0x0000000008000cac                HAL_GPIO_Init
 .text.HAL_GPIO_ReadPin
                0x0000000008000e58        0xe CMakeFiles/mcu-ver-master.elf.dir/Drivers/STM32F4xx_HAL_Driver/Src/stm32f4xx_hal_gpio.c.obj
                0x0000000008000e58                HAL_GPIO_ReadPin
 .text.HAL_GPIO_WritePin
                0x0000000008000e66        0xc CMakeFiles/mcu-ver-master.elf.dir/Drivers/STM32F4xx_HAL_Driver/Src/stm32f4xx_hal_gpio.c.obj
                0x0000000008000e66                HAL_GPIO_WritePin
 *fill*         0x0000000008000e72        0x2 
 .text.HAL_RCC_OscConfig
                0x0000000008000e74      0x3ec CMakeFiles/mcu-ver-master.elf.dir/Drivers/STM32F4xx_HAL_Driver/Src/stm32f4xx_hal_rcc.c.obj
                0x0000000008000e74                HAL_RCC_OscConfig
 .text.HAL_RCC_GetSysClockFreq
                0x0000000008001260       0xa8 CMakeFiles/mcu-ver-master.elf.dir/Drivers/STM32F4xx_HAL_Driver/Src/stm32f4xx_hal_rcc.c.obj
                0x0000000008001260                HAL_RCC_GetSysClockFreq
 .text.HAL_RCC_ClockConfig
                0x0000000008001308      0x160 CMakeFiles/mcu-ver-master.elf.dir/Drivers/STM32F4xx_HAL_Driver/Src/stm32f4xx_hal_rcc.c.obj
                0x0000000008001308                HAL_RCC_ClockConfig
 .text.HAL_RCC_GetHCLKFreq
                0x0000000008001468        0xc CMakeFiles/mcu-ver-master.elf.dir/Drivers/STM32F4xx_HAL_Driver/Src/stm32f4xx_hal_rcc.c.obj
                0x0000000008001468                HAL_RCC_GetHCLKFreq
 .text.HAL_RCC_GetPCLK1Freq
                0x0000000008001474       0x20 CMakeFiles/mcu-ver-master.elf.dir/Drivers/STM32F4xx_HAL_Driver/Src/stm32f4xx_hal_rcc.c.obj
                0x0000000008001474                HAL_RCC_GetPCLK1Freq
 .text.HAL_RCC_GetPCLK2Freq
                0x0000000008001494       0x20 CMakeFiles/mcu-ver-master.elf.dir/Drivers/STM32F4xx_HAL_Driver/Src/stm32f4xx_hal_rcc.c.obj
                0x0000000008001494                HAL_RCC_GetPCLK2Freq
 .text.HAL_RCCEx_PeriphCLKConfig
                0x00000000080014b4      0x170 CMakeFiles/mcu-ver-master.elf.dir/Drivers/STM32F4xx_HAL_Driver/Src/stm32f4xx_hal_rcc_ex.c.obj
                0x00000000080014b4                HAL_RCCEx_PeriphCLKConfig
 .text.HAL_RTC_WaitForSynchro
                0x0000000008001624       0x32 CMakeFiles/mcu-ver-master.elf.dir/Drivers/STM32F4xx_HAL_Driver/Src/stm32f4xx_hal_rtc.c.obj
                0x0000000008001624                HAL_RTC_WaitForSynchro
 .text.RTC_EnterInitMode
                0x0000000008001656       0x3c CMakeFiles/mcu-ver-master.elf.dir/Drivers/STM32F4xx_HAL_Driver/Src/stm32f4xx_hal_rtc.c.obj
                0x0000000008001656                RTC_EnterInitMode
 .text.HAL_RTC_Init
                0x0000000008001692       0xc4 CMakeFiles/mcu-ver-master.elf.dir/Drivers/STM32F4xx_HAL_Driver/Src/stm32f4xx_hal_rtc.c.obj
                0x0000000008001692                HAL_RTC_Init
 .text.SPI_WaitFlagStateUntilTimeout
                0x0000000008001756       0x94 CMakeFiles/mcu-ver-master.elf.dir/Drivers/STM32F4xx_HAL_Driver/Src/stm32f4xx_hal_spi.c.obj
 *fill*         0x00000000080017ea        0x2 
 .text.SPI_EndRxTxTransaction
                0x00000000080017ec       0x68 CMakeFiles/mcu-ver-master.elf.dir/Drivers/STM32F4xx_HAL_Driver/Src/stm32f4xx_hal_spi.c.obj
 .text.HAL_SPI_Init
                0x0000000008001854       0x80 CMakeFiles/mcu-ver-master.elf.dir/Drivers/STM32F4xx_HAL_Driver/Src/stm32f4xx_hal_spi.c.obj
                0x0000000008001854                HAL_SPI_Init
 .text.HAL_SPI_Transmit
                0x00000000080018d4      0x1ae CMakeFiles/mcu-ver-master.elf.dir/Drivers/STM32F4xx_HAL_Driver/Src/stm32f4xx_hal_spi.c.obj
                0x00000000080018d4                HAL_SPI_Transmit
 .text.UART_EndRxTransfer
                0x0000000008001a82       0x1c CMakeFiles/mcu-ver-master.elf.dir/Drivers/STM32F4xx_HAL_Driver/Src/stm32f4xx_hal_uart.c.obj
 .text.UART_Transmit_IT
                0x0000000008001a9e       0x66 CMakeFiles/mcu-ver-master.elf.dir/Drivers/STM32F4xx_HAL_Driver/Src/stm32f4xx_hal_uart.c.obj
 .text.UART_SetConfig
                0x0000000008001b04      0x1d4 CMakeFiles/mcu-ver-master.elf.dir/Drivers/STM32F4xx_HAL_Driver/Src/stm32f4xx_hal_uart.c.obj
 .text.HAL_UART_Init
                0x0000000008001cd8       0x5e CMakeFiles/mcu-ver-master.elf.dir/Drivers/STM32F4xx_HAL_Driver/Src/stm32f4xx_hal_uart.c.obj
                0x0000000008001cd8                HAL_UART_Init
 .text.HAL_UART_TxCpltCallback
                0x0000000008001d36        0x2 CMakeFiles/mcu-ver-master.elf.dir/Drivers/STM32F4xx_HAL_Driver/Src/stm32f4xx_hal_uart.c.obj
                0x0000000008001d36                HAL_UART_TxCpltCallback
 .text.UART_EndTransmit_IT
                0x0000000008001d38       0x1a CMakeFiles/mcu-ver-master.elf.dir/Drivers/STM32F4xx_HAL_Driver/Src/stm32f4xx_hal_uart.c.obj
 .text.HAL_UART_RxCpltCallback
                0x0000000008001d52        0x2 CMakeFiles/mcu-ver-master.elf.dir/Drivers/STM32F4xx_HAL_Driver/Src/stm32f4xx_hal_uart.c.obj
                0x0000000008001d52                HAL_UART_RxCpltCallback
 .text.UART_Receive_IT
                0x0000000008001d54       0x9e CMakeFiles/mcu-ver-master.elf.dir/Drivers/STM32F4xx_HAL_Driver/Src/stm32f4xx_hal_uart.c.obj
 .text.HAL_UART_ErrorCallback
                0x0000000008001df2        0x2 CMakeFiles/mcu-ver-master.elf.dir/Drivers/STM32F4xx_HAL_Driver/Src/stm32f4xx_hal_uart.c.obj
                0x0000000008001df2                HAL_UART_ErrorCallback
 .text.HAL_UART_IRQHandler
                0x0000000008001df4      0x128 CMakeFiles/mcu-ver-master.elf.dir/Drivers/STM32F4xx_HAL_Driver/Src/stm32f4xx_hal_uart.c.obj
                0x0000000008001df4                HAL_UART_IRQHandler
 .text.UART_DMAAbortOnError
                0x0000000008001f1c       0x10 CMakeFiles/mcu-ver-master.elf.dir/Drivers/STM32F4xx_HAL_Driver/Src/stm32f4xx_hal_uart.c.obj
 .text.__libc_init_array
                0x0000000008001f2c       0x48 /usr/lib64/gcc/arm-none-eabi/11/../../../../arm-none-eabi/lib/thumb/v7e-m/nofp/libg.a(lib_a-init.o)
                0x0000000008001f2c                __libc_init_array
 .text.memset   0x0000000008001f74       0xa4 /usr/lib64/gcc/arm-none-eabi/11/../../../../arm-none-eabi/lib/thumb/v7e-m/nofp/libg.a(lib_a-memset.o)
                0x0000000008001f74                memset
 *(.glue_7)
 .glue_7        0x0000000008002018        0x0 linker stubs
 *(.glue_7t)
 .glue_7t       0x0000000008002018        0x0 linker stubs
 *(.eh_frame)
 .eh_frame      0x0000000008002018        0x0 /usr/lib64/gcc/arm-none-eabi/11/thumb/v7e-m/nofp/crtbegin.o
 *(.init)
 .init          0x0000000008002018        0x4 /usr/lib64/gcc/arm-none-eabi/11/thumb/v7e-m/nofp/crti.o
                0x0000000008002018                _init
 .init          0x000000000800201c        0x8 /usr/lib64/gcc/arm-none-eabi/11/thumb/v7e-m/nofp/crtn.o
 *(.fini)
 .fini          0x0000000008002024        0x4 /usr/lib64/gcc/arm-none-eabi/11/thumb/v7e-m/nofp/crti.o
                0x0000000008002024                _fini
 .fini          0x0000000008002028        0x8 /usr/lib64/gcc/arm-none-eabi/11/thumb/v7e-m/nofp/crtn.o
                0x0000000008002030                . = ALIGN (0x4)
                0x0000000008002030                _etext = .

.vfp11_veneer   0x0000000008002030        0x0
 .vfp11_veneer  0x0000000008002030        0x0 linker stubs

.v4_bx          0x0000000008002030        0x0
 .v4_bx         0x0000000008002030        0x0 linker stubs

.iplt           0x0000000008002030        0x0
 .iplt          0x0000000008002030        0x0 /usr/lib64/gcc/arm-none-eabi/11/thumb/v7e-m/nofp/crtbegin.o

.rodata         0x0000000008002030       0x18
                0x0000000008002030                . = ALIGN (0x4)
 *(.rodata)
 *(.rodata*)
 .rodata.AHBPrescTable
                0x0000000008002030       0x10 CMakeFiles/mcu-ver-master.elf.dir/Core/Src/system_stm32f4xx.c.obj
                0x0000000008002030                AHBPrescTable
 .rodata.APBPrescTable
                0x0000000008002040        0x8 CMakeFiles/mcu-ver-master.elf.dir/Core/Src/system_stm32f4xx.c.obj
                0x0000000008002040                APBPrescTable
                0x0000000008002048                . = ALIGN (0x4)

.ARM.extab      0x0000000008002048        0x0
                0x0000000008002048                . = ALIGN (0x4)
 *(.ARM.extab* .gnu.linkonce.armextab.*)
                0x0000000008002048                . = ALIGN (0x4)

.ARM            0x0000000008002048        0x8
                0x0000000008002048                . = ALIGN (0x4)
                0x0000000008002048                __exidx_start = .
 *(.ARM.exidx*)
 .ARM.exidx     0x0000000008002048        0x8 /usr/lib64/gcc/arm-none-eabi/11/thumb/v7e-m/nofp/libgcc.a(_udivmoddi4.o)
                0x0000000008002050                __exidx_end = .
                0x0000000008002050                . = ALIGN (0x4)

.rel.dyn        0x0000000008002050        0x0
 .rel.iplt      0x0000000008002050        0x0 /usr/lib64/gcc/arm-none-eabi/11/thumb/v7e-m/nofp/crtbegin.o

.preinit_array  0x0000000008002050        0x0
                0x0000000008002050                . = ALIGN (0x4)
                0x0000000008002050                PROVIDE (__preinit_array_start = .)
 *(.preinit_array*)
                0x0000000008002050                PROVIDE (__preinit_array_end = .)
                0x0000000008002050                . = ALIGN (0x4)

.init_array     0x0000000008002050        0x4
                0x0000000008002050                . = ALIGN (0x4)
                0x0000000008002050                PROVIDE (__init_array_start = .)
 *(SORT_BY_NAME(.init_array.*))
 *(.init_array*)
 .init_array    0x0000000008002050        0x4 /usr/lib64/gcc/arm-none-eabi/11/thumb/v7e-m/nofp/crtbegin.o
                0x0000000008002054                PROVIDE (__init_array_end = .)
                0x0000000008002054                . = ALIGN (0x4)

.fini_array     0x0000000008002054        0x4
                0x0000000008002054                . = ALIGN (0x4)
                0x0000000008002054                PROVIDE (__fini_array_start = .)
 *(SORT_BY_NAME(.fini_array.*))
 *(.fini_array*)
 .fini_array    0x0000000008002054        0x4 /usr/lib64/gcc/arm-none-eabi/11/thumb/v7e-m/nofp/crtbegin.o
                0x0000000008002058                PROVIDE (__fini_array_end = .)
                0x0000000008002058                . = ALIGN (0x4)
                0x0000000008002058                _sidata = LOADADDR (.data)

.data           0x0000000020000000       0x10 load address 0x0000000008002058
                0x0000000020000000                . = ALIGN (0x4)
                0x0000000020000000                _sdata = .
 *(.data)
 *(.data*)
 .data.prev1.1  0x0000000020000000        0x1 CMakeFiles/mcu-ver-master.elf.dir/Core/Src/main.c.obj
 .data.prev2.0  0x0000000020000001        0x1 CMakeFiles/mcu-ver-master.elf.dir/Core/Src/main.c.obj
 *fill*         0x0000000020000002        0x2 
 .data.SystemCoreClock
                0x0000000020000004        0x4 CMakeFiles/mcu-ver-master.elf.dir/Core/Src/system_stm32f4xx.c.obj
                0x0000000020000004                SystemCoreClock
 .data.uwTickFreq
                0x0000000020000008        0x1 CMakeFiles/mcu-ver-master.elf.dir/Drivers/STM32F4xx_HAL_Driver/Src/stm32f4xx_hal.c.obj
                0x0000000020000008                uwTickFreq
 *fill*         0x0000000020000009        0x3 
 .data.uwTickPrio
                0x000000002000000c        0x4 CMakeFiles/mcu-ver-master.elf.dir/Drivers/STM32F4xx_HAL_Driver/Src/stm32f4xx_hal.c.obj
                0x000000002000000c                uwTickPrio
                0x0000000020000010                . = ALIGN (0x4)
                0x0000000020000010                _edata = .

.tm_clone_table
                0x0000000020000010        0x0 load address 0x0000000008002068
 .tm_clone_table
                0x0000000020000010        0x0 /usr/lib64/gcc/arm-none-eabi/11/thumb/v7e-m/nofp/crtbegin.o
 .tm_clone_table
                0x0000000020000010        0x0 /usr/lib64/gcc/arm-none-eabi/11/thumb/v7e-m/nofp/crtend.o

.igot.plt       0x0000000020000010        0x0 load address 0x0000000008002068
 .igot.plt      0x0000000020000010        0x0 /usr/lib64/gcc/arm-none-eabi/11/thumb/v7e-m/nofp/crtbegin.o
                0x0000000020000010                . = ALIGN (0x4)

.bss            0x0000000020000010      0x188 load address 0x0000000008002068
                0x0000000020000010                _sbss = .
                0x0000000020000010                __bss_start__ = _sbss
 *(.bss)
 .bss           0x0000000020000010       0x1c /usr/lib64/gcc/arm-none-eabi/11/thumb/v7e-m/nofp/crtbegin.o
 *(.bss*)
 .bss.hrtc      0x000000002000002c       0x20 CMakeFiles/mcu-ver-master.elf.dir/Core/Src/rtc.c.obj
                0x000000002000002c                hrtc
 .bss.hspi1     0x000000002000004c       0x58 CMakeFiles/mcu-ver-master.elf.dir/Core/Src/spi.c.obj
                0x000000002000004c                hspi1
 .bss.hspi2     0x00000000200000a4       0x58 CMakeFiles/mcu-ver-master.elf.dir/Core/Src/spi.c.obj
                0x00000000200000a4                hspi2
 .bss.hspi3     0x00000000200000fc       0x58 CMakeFiles/mcu-ver-master.elf.dir/Core/Src/spi.c.obj
                0x00000000200000fc                hspi3
 .bss.huart2    0x0000000020000154       0x40 CMakeFiles/mcu-ver-master.elf.dir/Core/Src/usart.c.obj
                0x0000000020000154                huart2
 .bss.uwTick    0x0000000020000194        0x4 CMakeFiles/mcu-ver-master.elf.dir/Drivers/STM32F4xx_HAL_Driver/Src/stm32f4xx_hal.c.obj
                0x0000000020000194                uwTick
 *(COMMON)
                0x0000000020000198                . = ALIGN (0x4)
                0x0000000020000198                _ebss = .
                0x0000000020000198                __bss_end__ = _ebss

._user_heap_stack
                0x0000000020000198      0x600 load address 0x0000000008002068
                0x0000000020000198                . = ALIGN (0x8)
                0x0000000020000198                PROVIDE (end = .)
                0x0000000020000198                PROVIDE (_end = .)
                0x0000000020000398                . = (. + _Min_Heap_Size)
 *fill*         0x0000000020000198      0x200 
                0x0000000020000798                . = (. + _Min_Stack_Size)
 *fill*         0x0000000020000398      0x400 
                0x0000000020000798                . = ALIGN (0x8)

/DISCARD/
 libc.a(*)
 libm.a(*)
 libgcc.a(*)

.ARM.attributes
                0x0000000000000000       0x2a
 *(.ARM.attributes)
 .ARM.attributes
                0x0000000000000000       0x1e /usr/lib64/gcc/arm-none-eabi/11/thumb/v7e-m/nofp/crti.o
 .ARM.attributes
                0x000000000000001e       0x2e /usr/lib64/gcc/arm-none-eabi/11/thumb/v7e-m/nofp/crtbegin.o
 .ARM.attributes
                0x000000000000004c       0x2e CMakeFiles/mcu-ver-master.elf.dir/Core/Src/gpio.c.obj
 .ARM.attributes
                0x000000000000007a       0x2e CMakeFiles/mcu-ver-master.elf.dir/Core/Src/main.c.obj
 .ARM.attributes
                0x00000000000000a8       0x2e CMakeFiles/mcu-ver-master.elf.dir/Core/Src/rtc.c.obj
 .ARM.attributes
                0x00000000000000d6       0x2e CMakeFiles/mcu-ver-master.elf.dir/Core/Src/spi.c.obj
 .ARM.attributes
                0x0000000000000104       0x2e CMakeFiles/mcu-ver-master.elf.dir/Core/Src/stm32f4xx_hal_msp.c.obj
 .ARM.attributes
                0x0000000000000132       0x2e CMakeFiles/mcu-ver-master.elf.dir/Core/Src/stm32f4xx_it.c.obj
 .ARM.attributes
                0x0000000000000160       0x2e CMakeFiles/mcu-ver-master.elf.dir/Core/Src/system_stm32f4xx.c.obj
 .ARM.attributes
                0x000000000000018e       0x2e CMakeFiles/mcu-ver-master.elf.dir/Core/Src/usart.c.obj
 .ARM.attributes
                0x00000000000001bc       0x21 CMakeFiles/mcu-ver-master.elf.dir/Core/Startup/startup_stm32f411ceux.s.obj
 .ARM.attributes
                0x00000000000001dd       0x2e CMakeFiles/mcu-ver-master.elf.dir/Drivers/STM32F4xx_HAL_Driver/Src/stm32f4xx_hal.c.obj
 .ARM.attributes
                0x000000000000020b       0x2e CMakeFiles/mcu-ver-master.elf.dir/Drivers/STM32F4xx_HAL_Driver/Src/stm32f4xx_hal_cortex.c.obj
 .ARM.attributes
                0x0000000000000239       0x2e CMakeFiles/mcu-ver-master.elf.dir/Drivers/STM32F4xx_HAL_Driver/Src/stm32f4xx_hal_dma.c.obj
 .ARM.attributes
                0x0000000000000267       0x2e CMakeFiles/mcu-ver-master.elf.dir/Drivers/STM32F4xx_HAL_Driver/Src/stm32f4xx_hal_gpio.c.obj
 .ARM.attributes
                0x0000000000000295       0x2e CMakeFiles/mcu-ver-master.elf.dir/Drivers/STM32F4xx_HAL_Driver/Src/stm32f4xx_hal_rcc.c.obj
 .ARM.attributes
                0x00000000000002c3       0x2e CMakeFiles/mcu-ver-master.elf.dir/Drivers/STM32F4xx_HAL_Driver/Src/stm32f4xx_hal_rcc_ex.c.obj
 .ARM.attributes
                0x00000000000002f1       0x2e CMakeFiles/mcu-ver-master.elf.dir/Drivers/STM32F4xx_HAL_Driver/Src/stm32f4xx_hal_rtc.c.obj
 .ARM.attributes
                0x000000000000031f       0x2e CMakeFiles/mcu-ver-master.elf.dir/Drivers/STM32F4xx_HAL_Driver/Src/stm32f4xx_hal_spi.c.obj
 .ARM.attributes
                0x000000000000034d       0x2e CMakeFiles/mcu-ver-master.elf.dir/Drivers/STM32F4xx_HAL_Driver/Src/stm32f4xx_hal_uart.c.obj
 .ARM.attributes
                0x000000000000037b       0x1e /usr/lib64/gcc/arm-none-eabi/11/thumb/v7e-m/nofp/libgcc.a(_aeabi_uldivmod.o)
 .ARM.attributes
                0x0000000000000399       0x2e /usr/lib64/gcc/arm-none-eabi/11/thumb/v7e-m/nofp/libgcc.a(_udivmoddi4.o)
 .ARM.attributes
                0x00000000000003c7       0x1e /usr/lib64/gcc/arm-none-eabi/11/thumb/v7e-m/nofp/libgcc.a(_dvmd_tls.o)
 .ARM.attributes
                0x00000000000003e5       0x2e /usr/lib64/gcc/arm-none-eabi/11/../../../../arm-none-eabi/lib/thumb/v7e-m/nofp/libg.a(lib_a-init.o)
 .ARM.attributes
                0x0000000000000413       0x2e /usr/lib64/gcc/arm-none-eabi/11/../../../../arm-none-eabi/lib/thumb/v7e-m/nofp/libg.a(lib_a-memset.o)
 .ARM.attributes
                0x0000000000000441       0x2e /usr/lib64/gcc/arm-none-eabi/11/thumb/v7e-m/nofp/crtend.o
 .ARM.attributes
                0x000000000000046f       0x1e /usr/lib64/gcc/arm-none-eabi/11/thumb/v7e-m/nofp/crtn.o
OUTPUT(mcu-ver-master.elf elf32-littlearm)
LOAD linker stubs
LOAD /usr/lib64/gcc/arm-none-eabi/11/../../../../arm-none-eabi/lib/thumb/v7e-m/nofp/libc.a
LOAD /usr/lib64/gcc/arm-none-eabi/11/../../../../arm-none-eabi/lib/thumb/v7e-m/nofp/libm.a
LOAD /usr/lib64/gcc/arm-none-eabi/11/thumb/v7e-m/nofp/libgcc.a

.debug_info     0x0000000000000000     0xc7a1
 .debug_info    0x0000000000000000      0x4bb CMakeFiles/mcu-ver-master.elf.dir/Core/Src/gpio.c.obj
 .debug_info    0x00000000000004bb      0xde9 CMakeFiles/mcu-ver-master.elf.dir/Core/Src/main.c.obj
 .debug_info    0x00000000000012a4      0x4a9 CMakeFiles/mcu-ver-master.elf.dir/Core/Src/rtc.c.obj
 .debug_info    0x000000000000174d      0xb63 CMakeFiles/mcu-ver-master.elf.dir/Core/Src/spi.c.obj
 .debug_info    0x00000000000022b0      0x48a CMakeFiles/mcu-ver-master.elf.dir/Core/Src/stm32f4xx_hal_msp.c.obj
 .debug_info    0x000000000000273a      0x622 CMakeFiles/mcu-ver-master.elf.dir/Core/Src/stm32f4xx_it.c.obj
 .debug_info    0x0000000000002d5c      0x553 CMakeFiles/mcu-ver-master.elf.dir/Core/Src/system_stm32f4xx.c.obj
 .debug_info    0x00000000000032af      0xb8c CMakeFiles/mcu-ver-master.elf.dir/Core/Src/usart.c.obj
 .debug_info    0x0000000000003e3b       0x23 CMakeFiles/mcu-ver-master.elf.dir/Core/Startup/startup_stm32f411ceux.s.obj
 .debug_info    0x0000000000003e5e      0x965 CMakeFiles/mcu-ver-master.elf.dir/Drivers/STM32F4xx_HAL_Driver/Src/stm32f4xx_hal.c.obj
 .debug_info    0x00000000000047c3      0xf03 CMakeFiles/mcu-ver-master.elf.dir/Drivers/STM32F4xx_HAL_Driver/Src/stm32f4xx_hal_cortex.c.obj
 .debug_info    0x00000000000056c6      0xad8 CMakeFiles/mcu-ver-master.elf.dir/Drivers/STM32F4xx_HAL_Driver/Src/stm32f4xx_hal_dma.c.obj
 .debug_info    0x000000000000619e      0x729 CMakeFiles/mcu-ver-master.elf.dir/Drivers/STM32F4xx_HAL_Driver/Src/stm32f4xx_hal_gpio.c.obj
 .debug_info    0x00000000000068c7      0xaaf CMakeFiles/mcu-ver-master.elf.dir/Drivers/STM32F4xx_HAL_Driver/Src/stm32f4xx_hal_rcc.c.obj
 .debug_info    0x0000000000007376      0x6be CMakeFiles/mcu-ver-master.elf.dir/Drivers/STM32F4xx_HAL_Driver/Src/stm32f4xx_hal_rcc_ex.c.obj
 .debug_info    0x0000000000007a34      0xea9 CMakeFiles/mcu-ver-master.elf.dir/Drivers/STM32F4xx_HAL_Driver/Src/stm32f4xx_hal_rtc.c.obj
 .debug_info    0x00000000000088dd     0x1d24 CMakeFiles/mcu-ver-master.elf.dir/Drivers/STM32F4xx_HAL_Driver/Src/stm32f4xx_hal_spi.c.obj
 .debug_info    0x000000000000a601     0x1835 CMakeFiles/mcu-ver-master.elf.dir/Drivers/STM32F4xx_HAL_Driver/Src/stm32f4xx_hal_uart.c.obj
 .debug_info    0x000000000000be36       0x24 /usr/lib64/gcc/arm-none-eabi/11/thumb/v7e-m/nofp/libgcc.a(_aeabi_uldivmod.o)
 .debug_info    0x000000000000be5a      0x6e3 /usr/lib64/gcc/arm-none-eabi/11/thumb/v7e-m/nofp/libgcc.a(_udivmoddi4.o)
 .debug_info    0x000000000000c53d       0x24 /usr/lib64/gcc/arm-none-eabi/11/thumb/v7e-m/nofp/libgcc.a(_dvmd_tls.o)
 .debug_info    0x000000000000c561      0x10b /usr/lib64/gcc/arm-none-eabi/11/../../../../arm-none-eabi/lib/thumb/v7e-m/nofp/libg.a(lib_a-init.o)
 .debug_info    0x000000000000c66c      0x135 /usr/lib64/gcc/arm-none-eabi/11/../../../../arm-none-eabi/lib/thumb/v7e-m/nofp/libg.a(lib_a-memset.o)

.debug_abbrev   0x0000000000000000     0x26dd
 .debug_abbrev  0x0000000000000000      0x163 CMakeFiles/mcu-ver-master.elf.dir/Core/Src/gpio.c.obj
 .debug_abbrev  0x0000000000000163      0x288 CMakeFiles/mcu-ver-master.elf.dir/Core/Src/main.c.obj
 .debug_abbrev  0x00000000000003eb      0x187 CMakeFiles/mcu-ver-master.elf.dir/Core/Src/rtc.c.obj
 .debug_abbrev  0x0000000000000572      0x213 CMakeFiles/mcu-ver-master.elf.dir/Core/Src/spi.c.obj
 .debug_abbrev  0x0000000000000785      0x12d CMakeFiles/mcu-ver-master.elf.dir/Core/Src/stm32f4xx_hal_msp.c.obj
 .debug_abbrev  0x00000000000008b2      0x184 CMakeFiles/mcu-ver-master.elf.dir/Core/Src/stm32f4xx_it.c.obj
 .debug_abbrev  0x0000000000000a36      0x11e CMakeFiles/mcu-ver-master.elf.dir/Core/Src/system_stm32f4xx.c.obj
 .debug_abbrev  0x0000000000000b54      0x22e CMakeFiles/mcu-ver-master.elf.dir/Core/Src/usart.c.obj
 .debug_abbrev  0x0000000000000d82       0x12 CMakeFiles/mcu-ver-master.elf.dir/Core/Startup/startup_stm32f411ceux.s.obj
 .debug_abbrev  0x0000000000000d94      0x277 CMakeFiles/mcu-ver-master.elf.dir/Drivers/STM32F4xx_HAL_Driver/Src/stm32f4xx_hal.c.obj
 .debug_abbrev  0x000000000000100b      0x376 CMakeFiles/mcu-ver-master.elf.dir/Drivers/STM32F4xx_HAL_Driver/Src/stm32f4xx_hal_cortex.c.obj
 .debug_abbrev  0x0000000000001381      0x27d CMakeFiles/mcu-ver-master.elf.dir/Drivers/STM32F4xx_HAL_Driver/Src/stm32f4xx_hal_dma.c.obj
 .debug_abbrev  0x00000000000015fe      0x1ff CMakeFiles/mcu-ver-master.elf.dir/Drivers/STM32F4xx_HAL_Driver/Src/stm32f4xx_hal_gpio.c.obj
 .debug_abbrev  0x00000000000017fd      0x2c5 CMakeFiles/mcu-ver-master.elf.dir/Drivers/STM32F4xx_HAL_Driver/Src/stm32f4xx_hal_rcc.c.obj
 .debug_abbrev  0x0000000000001ac2      0x1c6 CMakeFiles/mcu-ver-master.elf.dir/Drivers/STM32F4xx_HAL_Driver/Src/stm32f4xx_hal_rcc_ex.c.obj
 .debug_abbrev  0x0000000000001c88      0x21d CMakeFiles/mcu-ver-master.elf.dir/Drivers/STM32F4xx_HAL_Driver/Src/stm32f4xx_hal_rtc.c.obj
 .debug_abbrev  0x0000000000001ea5      0x278 CMakeFiles/mcu-ver-master.elf.dir/Drivers/STM32F4xx_HAL_Driver/Src/stm32f4xx_hal_spi.c.obj
 .debug_abbrev  0x000000000000211d      0x2ae CMakeFiles/mcu-ver-master.elf.dir/Drivers/STM32F4xx_HAL_Driver/Src/stm32f4xx_hal_uart.c.obj
 .debug_abbrev  0x00000000000023cb       0x14 /usr/lib64/gcc/arm-none-eabi/11/thumb/v7e-m/nofp/libgcc.a(_aeabi_uldivmod.o)
 .debug_abbrev  0x00000000000023df      0x16a /usr/lib64/gcc/arm-none-eabi/11/thumb/v7e-m/nofp/libgcc.a(_udivmoddi4.o)
 .debug_abbrev  0x0000000000002549       0x14 /usr/lib64/gcc/arm-none-eabi/11/thumb/v7e-m/nofp/libgcc.a(_dvmd_tls.o)
 .debug_abbrev  0x000000000000255d       0xc9 /usr/lib64/gcc/arm-none-eabi/11/../../../../arm-none-eabi/lib/thumb/v7e-m/nofp/libg.a(lib_a-init.o)
 .debug_abbrev  0x0000000000002626       0xb7 /usr/lib64/gcc/arm-none-eabi/11/../../../../arm-none-eabi/lib/thumb/v7e-m/nofp/libg.a(lib_a-memset.o)

.debug_aranges  0x0000000000000000      0xa28
 .debug_aranges
                0x0000000000000000       0x20 CMakeFiles/mcu-ver-master.elf.dir/Core/Src/gpio.c.obj
 .debug_aranges
                0x0000000000000020       0x38 CMakeFiles/mcu-ver-master.elf.dir/Core/Src/main.c.obj
 .debug_aranges
                0x0000000000000058       0x30 CMakeFiles/mcu-ver-master.elf.dir/Core/Src/rtc.c.obj
 .debug_aranges
                0x0000000000000088       0x40 CMakeFiles/mcu-ver-master.elf.dir/Core/Src/spi.c.obj
 .debug_aranges
                0x00000000000000c8       0x20 CMakeFiles/mcu-ver-master.elf.dir/Core/Src/stm32f4xx_hal_msp.c.obj
 .debug_aranges
                0x00000000000000e8       0x70 CMakeFiles/mcu-ver-master.elf.dir/Core/Src/stm32f4xx_it.c.obj
 .debug_aranges
                0x0000000000000158       0x28 CMakeFiles/mcu-ver-master.elf.dir/Core/Src/system_stm32f4xx.c.obj
 .debug_aranges
                0x0000000000000180       0x30 CMakeFiles/mcu-ver-master.elf.dir/Core/Src/usart.c.obj
 .debug_aranges
                0x00000000000001b0       0x28 CMakeFiles/mcu-ver-master.elf.dir/Core/Startup/startup_stm32f411ceux.s.obj
 .debug_aranges
                0x00000000000001d8       0xf0 CMakeFiles/mcu-ver-master.elf.dir/Drivers/STM32F4xx_HAL_Driver/Src/stm32f4xx_hal.c.obj
 .debug_aranges
                0x00000000000002c8       0xa8 CMakeFiles/mcu-ver-master.elf.dir/Drivers/STM32F4xx_HAL_Driver/Src/stm32f4xx_hal_cortex.c.obj
 .debug_aranges
                0x0000000000000370       0x90 CMakeFiles/mcu-ver-master.elf.dir/Drivers/STM32F4xx_HAL_Driver/Src/stm32f4xx_hal_dma.c.obj
 .debug_aranges
                0x0000000000000400       0x58 CMakeFiles/mcu-ver-master.elf.dir/Drivers/STM32F4xx_HAL_Driver/Src/stm32f4xx_hal_gpio.c.obj
 .debug_aranges
                0x0000000000000458       0x88 CMakeFiles/mcu-ver-master.elf.dir/Drivers/STM32F4xx_HAL_Driver/Src/stm32f4xx_hal_rcc.c.obj
 .debug_aranges
                0x00000000000004e0       0x50 CMakeFiles/mcu-ver-master.elf.dir/Drivers/STM32F4xx_HAL_Driver/Src/stm32f4xx_hal_rcc_ex.c.obj
 .debug_aranges
                0x0000000000000530       0xb8 CMakeFiles/mcu-ver-master.elf.dir/Drivers/STM32F4xx_HAL_Driver/Src/stm32f4xx_hal_rtc.c.obj
 .debug_aranges
                0x00000000000005e8      0x1d0 CMakeFiles/mcu-ver-master.elf.dir/Drivers/STM32F4xx_HAL_Driver/Src/stm32f4xx_hal_spi.c.obj
 .debug_aranges
                0x00000000000007b8      0x1d0 CMakeFiles/mcu-ver-master.elf.dir/Drivers/STM32F4xx_HAL_Driver/Src/stm32f4xx_hal_uart.c.obj
 .debug_aranges
                0x0000000000000988       0x20 /usr/lib64/gcc/arm-none-eabi/11/thumb/v7e-m/nofp/libgcc.a(_aeabi_uldivmod.o)
 .debug_aranges
                0x00000000000009a8       0x20 /usr/lib64/gcc/arm-none-eabi/11/thumb/v7e-m/nofp/libgcc.a(_udivmoddi4.o)
 .debug_aranges
                0x00000000000009c8       0x20 /usr/lib64/gcc/arm-none-eabi/11/thumb/v7e-m/nofp/libgcc.a(_dvmd_tls.o)
 .debug_aranges
                0x00000000000009e8       0x20 /usr/lib64/gcc/arm-none-eabi/11/../../../../arm-none-eabi/lib/thumb/v7e-m/nofp/libg.a(lib_a-init.o)
 .debug_aranges
                0x0000000000000a08       0x20 /usr/lib64/gcc/arm-none-eabi/11/../../../../arm-none-eabi/lib/thumb/v7e-m/nofp/libg.a(lib_a-memset.o)

.debug_rnglists
                0x0000000000000000      0x7df
 .debug_rnglists
                0x0000000000000000       0x14 CMakeFiles/mcu-ver-master.elf.dir/Core/Src/gpio.c.obj
 .debug_rnglists
                0x0000000000000014       0x27 CMakeFiles/mcu-ver-master.elf.dir/Core/Src/main.c.obj
 .debug_rnglists
                0x000000000000003b       0x1f CMakeFiles/mcu-ver-master.elf.dir/Core/Src/rtc.c.obj
 .debug_rnglists
                0x000000000000005a       0x2c CMakeFiles/mcu-ver-master.elf.dir/Core/Src/spi.c.obj
 .debug_rnglists
                0x0000000000000086       0x13 CMakeFiles/mcu-ver-master.elf.dir/Core/Src/stm32f4xx_hal_msp.c.obj
 .debug_rnglists
                0x0000000000000099       0x4f CMakeFiles/mcu-ver-master.elf.dir/Core/Src/stm32f4xx_it.c.obj
 .debug_rnglists
                0x00000000000000e8       0x1a CMakeFiles/mcu-ver-master.elf.dir/Core/Src/system_stm32f4xx.c.obj
 .debug_rnglists
                0x0000000000000102       0x1f CMakeFiles/mcu-ver-master.elf.dir/Core/Src/usart.c.obj
 .debug_rnglists
                0x0000000000000121       0x19 CMakeFiles/mcu-ver-master.elf.dir/Core/Startup/startup_stm32f411ceux.s.obj
 .debug_rnglists
                0x000000000000013a       0xaf CMakeFiles/mcu-ver-master.elf.dir/Drivers/STM32F4xx_HAL_Driver/Src/stm32f4xx_hal.c.obj
 .debug_rnglists
                0x00000000000001e9       0xa9 CMakeFiles/mcu-ver-master.elf.dir/Drivers/STM32F4xx_HAL_Driver/Src/stm32f4xx_hal_cortex.c.obj
 .debug_rnglists
                0x0000000000000292       0x6c CMakeFiles/mcu-ver-master.elf.dir/Drivers/STM32F4xx_HAL_Driver/Src/stm32f4xx_hal_dma.c.obj
 .debug_rnglists
                0x00000000000002fe       0x3f CMakeFiles/mcu-ver-master.elf.dir/Drivers/STM32F4xx_HAL_Driver/Src/stm32f4xx_hal_gpio.c.obj
 .debug_rnglists
                0x000000000000033d       0x75 CMakeFiles/mcu-ver-master.elf.dir/Drivers/STM32F4xx_HAL_Driver/Src/stm32f4xx_hal_rcc.c.obj
 .debug_rnglists
                0x00000000000003b2       0x39 CMakeFiles/mcu-ver-master.elf.dir/Drivers/STM32F4xx_HAL_Driver/Src/stm32f4xx_hal_rcc_ex.c.obj
 .debug_rnglists
                0x00000000000003eb       0x8d CMakeFiles/mcu-ver-master.elf.dir/Drivers/STM32F4xx_HAL_Driver/Src/stm32f4xx_hal_rtc.c.obj
 .debug_rnglists
                0x0000000000000478      0x169 CMakeFiles/mcu-ver-master.elf.dir/Drivers/STM32F4xx_HAL_Driver/Src/stm32f4xx_hal_spi.c.obj
 .debug_rnglists
                0x00000000000005e1      0x162 CMakeFiles/mcu-ver-master.elf.dir/Drivers/STM32F4xx_HAL_Driver/Src/stm32f4xx_hal_uart.c.obj
 .debug_rnglists
                0x0000000000000743       0x75 /usr/lib64/gcc/arm-none-eabi/11/thumb/v7e-m/nofp/libgcc.a(_udivmoddi4.o)
 .debug_rnglists
                0x00000000000007b8       0x13 /usr/lib64/gcc/arm-none-eabi/11/../../../../arm-none-eabi/lib/thumb/v7e-m/nofp/libg.a(lib_a-init.o)
 .debug_rnglists
                0x00000000000007cb       0x14 /usr/lib64/gcc/arm-none-eabi/11/../../../../arm-none-eabi/lib/thumb/v7e-m/nofp/libg.a(lib_a-memset.o)

.debug_line     0x0000000000000000     0xa977
 .debug_line    0x0000000000000000      0x253 CMakeFiles/mcu-ver-master.elf.dir/Core/Src/gpio.c.obj
 .debug_line    0x0000000000000253      0x434 CMakeFiles/mcu-ver-master.elf.dir/Core/Src/main.c.obj
 .debug_line    0x0000000000000687      0x2d6 CMakeFiles/mcu-ver-master.elf.dir/Core/Src/rtc.c.obj
 .debug_line    0x000000000000095d      0x51e CMakeFiles/mcu-ver-master.elf.dir/Core/Src/spi.c.obj
 .debug_line    0x0000000000000e7b      0x1e4 CMakeFiles/mcu-ver-master.elf.dir/Core/Src/stm32f4xx_hal_msp.c.obj
 .debug_line    0x000000000000105f      0x31d CMakeFiles/mcu-ver-master.elf.dir/Core/Src/stm32f4xx_it.c.obj
 .debug_line    0x000000000000137c      0x29c CMakeFiles/mcu-ver-master.elf.dir/Core/Src/system_stm32f4xx.c.obj
 .debug_line    0x0000000000001618      0x366 CMakeFiles/mcu-ver-master.elf.dir/Core/Src/usart.c.obj
 .debug_line    0x000000000000197e       0x77 CMakeFiles/mcu-ver-master.elf.dir/Core/Startup/startup_stm32f411ceux.s.obj
 .debug_line    0x00000000000019f5      0x5e9 CMakeFiles/mcu-ver-master.elf.dir/Drivers/STM32F4xx_HAL_Driver/Src/stm32f4xx_hal.c.obj
 .debug_line    0x0000000000001fde      0x7fb CMakeFiles/mcu-ver-master.elf.dir/Drivers/STM32F4xx_HAL_Driver/Src/stm32f4xx_hal_cortex.c.obj
 .debug_line    0x00000000000027d9      0xe4e CMakeFiles/mcu-ver-master.elf.dir/Drivers/STM32F4xx_HAL_Driver/Src/stm32f4xx_hal_dma.c.obj
 .debug_line    0x0000000000003627      0x6e0 CMakeFiles/mcu-ver-master.elf.dir/Drivers/STM32F4xx_HAL_Driver/Src/stm32f4xx_hal_gpio.c.obj
 .debug_line    0x0000000000003d07      0xb55 CMakeFiles/mcu-ver-master.elf.dir/Drivers/STM32F4xx_HAL_Driver/Src/stm32f4xx_hal_rcc.c.obj
 .debug_line    0x000000000000485c      0x69b CMakeFiles/mcu-ver-master.elf.dir/Drivers/STM32F4xx_HAL_Driver/Src/stm32f4xx_hal_rcc_ex.c.obj
 .debug_line    0x0000000000004ef7     0x1052 CMakeFiles/mcu-ver-master.elf.dir/Drivers/STM32F4xx_HAL_Driver/Src/stm32f4xx_hal_rtc.c.obj
 .debug_line    0x0000000000005f49     0x2494 CMakeFiles/mcu-ver-master.elf.dir/Drivers/STM32F4xx_HAL_Driver/Src/stm32f4xx_hal_spi.c.obj
 .debug_line    0x00000000000083dd     0x1c73 CMakeFiles/mcu-ver-master.elf.dir/Drivers/STM32F4xx_HAL_Driver/Src/stm32f4xx_hal_uart.c.obj
 .debug_line    0x000000000000a050       0x4e /usr/lib64/gcc/arm-none-eabi/11/thumb/v7e-m/nofp/libgcc.a(_aeabi_uldivmod.o)
 .debug_line    0x000000000000a09e      0x5a2 /usr/lib64/gcc/arm-none-eabi/11/thumb/v7e-m/nofp/libgcc.a(_udivmoddi4.o)
 .debug_line    0x000000000000a640       0x4a /usr/lib64/gcc/arm-none-eabi/11/thumb/v7e-m/nofp/libgcc.a(_dvmd_tls.o)
 .debug_line    0x000000000000a68a      0x122 /usr/lib64/gcc/arm-none-eabi/11/../../../../arm-none-eabi/lib/thumb/v7e-m/nofp/libg.a(lib_a-init.o)
 .debug_line    0x000000000000a7ac      0x1cb /usr/lib64/gcc/arm-none-eabi/11/../../../../arm-none-eabi/lib/thumb/v7e-m/nofp/libg.a(lib_a-memset.o)

.debug_str      0x0000000000000000     0x3b55
 .debug_str     0x0000000000000000      0x3bb CMakeFiles/mcu-ver-master.elf.dir/Core/Src/gpio.c.obj
                                        0x412 (size before relaxing)
 .debug_str     0x00000000000003bb      0x70e CMakeFiles/mcu-ver-master.elf.dir/Core/Src/main.c.obj
                                        0xafb (size before relaxing)
 .debug_str     0x0000000000000ac9      0x255 CMakeFiles/mcu-ver-master.elf.dir/Core/Src/rtc.c.obj
                                        0x4cf (size before relaxing)
 .debug_str     0x0000000000000d1e       0x9c CMakeFiles/mcu-ver-master.elf.dir/Core/Src/spi.c.obj
                                        0x8c5 (size before relaxing)
 .debug_str     0x0000000000000dba      0x429 CMakeFiles/mcu-ver-master.elf.dir/Core/Src/stm32f4xx_hal_msp.c.obj
                                        0x71b (size before relaxing)
 .debug_str     0x00000000000011e3      0x273 CMakeFiles/mcu-ver-master.elf.dir/Core/Src/stm32f4xx_it.c.obj
                                        0x727 (size before relaxing)
 .debug_str     0x0000000000001456      0x110 CMakeFiles/mcu-ver-master.elf.dir/Core/Src/system_stm32f4xx.c.obj
                                        0x40d (size before relaxing)
 .debug_str     0x0000000000001566       0x9a CMakeFiles/mcu-ver-master.elf.dir/Core/Src/usart.c.obj
                                        0xc5d (size before relaxing)
 .debug_str     0x0000000000001600       0x24 CMakeFiles/mcu-ver-master.elf.dir/Core/Startup/startup_stm32f411ceux.s.obj
                                         0x6e (size before relaxing)
 .debug_str     0x0000000000001624      0x375 CMakeFiles/mcu-ver-master.elf.dir/Drivers/STM32F4xx_HAL_Driver/Src/stm32f4xx_hal.c.obj
                                        0xaa4 (size before relaxing)
 .debug_str     0x0000000000001999      0x462 CMakeFiles/mcu-ver-master.elf.dir/Drivers/STM32F4xx_HAL_Driver/Src/stm32f4xx_hal_cortex.c.obj
                                        0xb5a (size before relaxing)
 .debug_str     0x0000000000001dfb      0x348 CMakeFiles/mcu-ver-master.elf.dir/Drivers/STM32F4xx_HAL_Driver/Src/stm32f4xx_hal_dma.c.obj
                                        0x7fc (size before relaxing)
 .debug_str     0x0000000000002143      0x13e CMakeFiles/mcu-ver-master.elf.dir/Drivers/STM32F4xx_HAL_Driver/Src/stm32f4xx_hal_gpio.c.obj
                                        0x578 (size before relaxing)
 .debug_str     0x0000000000002281      0x1d9 CMakeFiles/mcu-ver-master.elf.dir/Drivers/STM32F4xx_HAL_Driver/Src/stm32f4xx_hal_rcc.c.obj
                                        0x79e (size before relaxing)
 .debug_str     0x000000000000245a      0x146 CMakeFiles/mcu-ver-master.elf.dir/Drivers/STM32F4xx_HAL_Driver/Src/stm32f4xx_hal_rcc_ex.c.obj
                                        0x595 (size before relaxing)
 .debug_str     0x00000000000025a0      0x2de CMakeFiles/mcu-ver-master.elf.dir/Drivers/STM32F4xx_HAL_Driver/Src/stm32f4xx_hal_rtc.c.obj
                                        0x7cb (size before relaxing)
 .debug_str     0x000000000000287e      0x53d CMakeFiles/mcu-ver-master.elf.dir/Drivers/STM32F4xx_HAL_Driver/Src/stm32f4xx_hal_spi.c.obj
                                        0xc5f (size before relaxing)
 .debug_str     0x0000000000002dbb      0x526 CMakeFiles/mcu-ver-master.elf.dir/Drivers/STM32F4xx_HAL_Driver/Src/stm32f4xx_hal_uart.c.obj
                                        0xcb8 (size before relaxing)
 .debug_str     0x00000000000032e1       0x73 /usr/lib64/gcc/arm-none-eabi/11/thumb/v7e-m/nofp/libgcc.a(_aeabi_uldivmod.o)
                                         0x7f (size before relaxing)
 .debug_str     0x0000000000003354      0x57a /usr/lib64/gcc/arm-none-eabi/11/thumb/v7e-m/nofp/libgcc.a(_udivmoddi4.o)
                                        0x67f (size before relaxing)
 .debug_str     0x00000000000038ce        0xc /usr/lib64/gcc/arm-none-eabi/11/thumb/v7e-m/nofp/libgcc.a(_dvmd_tls.o)
                                         0x83 (size before relaxing)
 .debug_str     0x00000000000038da      0x1c6 /usr/lib64/gcc/arm-none-eabi/11/../../../../arm-none-eabi/lib/thumb/v7e-m/nofp/libg.a(lib_a-init.o)
                                        0x261 (size before relaxing)
 .debug_str     0x0000000000003aa0       0xb5 /usr/lib64/gcc/arm-none-eabi/11/../../../../arm-none-eabi/lib/thumb/v7e-m/nofp/libg.a(lib_a-memset.o)
                                        0x216 (size before relaxing)

.comment        0x0000000000000000       0x56
 .comment       0x0000000000000000       0x56 CMakeFiles/mcu-ver-master.elf.dir/Core/Src/gpio.c.obj
                                         0x57 (size before relaxing)
 .comment       0x0000000000000056       0x57 CMakeFiles/mcu-ver-master.elf.dir/Core/Src/main.c.obj
 .comment       0x0000000000000056       0x57 CMakeFiles/mcu-ver-master.elf.dir/Core/Src/rtc.c.obj
 .comment       0x0000000000000056       0x57 CMakeFiles/mcu-ver-master.elf.dir/Core/Src/spi.c.obj
 .comment       0x0000000000000056       0x57 CMakeFiles/mcu-ver-master.elf.dir/Core/Src/stm32f4xx_hal_msp.c.obj
 .comment       0x0000000000000056       0x57 CMakeFiles/mcu-ver-master.elf.dir/Core/Src/stm32f4xx_it.c.obj
 .comment       0x0000000000000056       0x57 CMakeFiles/mcu-ver-master.elf.dir/Core/Src/system_stm32f4xx.c.obj
 .comment       0x0000000000000056       0x57 CMakeFiles/mcu-ver-master.elf.dir/Core/Src/usart.c.obj
 .comment       0x0000000000000056       0x57 CMakeFiles/mcu-ver-master.elf.dir/Drivers/STM32F4xx_HAL_Driver/Src/stm32f4xx_hal.c.obj
 .comment       0x0000000000000056       0x57 CMakeFiles/mcu-ver-master.elf.dir/Drivers/STM32F4xx_HAL_Driver/Src/stm32f4xx_hal_cortex.c.obj
 .comment       0x0000000000000056       0x57 CMakeFiles/mcu-ver-master.elf.dir/Drivers/STM32F4xx_HAL_Driver/Src/stm32f4xx_hal_dma.c.obj
 .comment       0x0000000000000056       0x57 CMakeFiles/mcu-ver-master.elf.dir/Drivers/STM32F4xx_HAL_Driver/Src/stm32f4xx_hal_gpio.c.obj
 .comment       0x0000000000000056       0x57 CMakeFiles/mcu-ver-master.elf.dir/Drivers/STM32F4xx_HAL_Driver/Src/stm32f4xx_hal_rcc.c.obj
 .comment       0x0000000000000056       0x57 CMakeFiles/mcu-ver-master.elf.dir/Drivers/STM32F4xx_HAL_Driver/Src/stm32f4xx_hal_rcc_ex.c.obj
 .comment       0x0000000000000056       0x57 CMakeFiles/mcu-ver-master.elf.dir/Drivers/STM32F4xx_HAL_Driver/Src/stm32f4xx_hal_rtc.c.obj
 .comment       0x0000000000000056       0x57 CMakeFiles/mcu-ver-master.elf.dir/Drivers/STM32F4xx_HAL_Driver/Src/stm32f4xx_hal_spi.c.obj
 .comment       0x0000000000000056       0x57 CMakeFiles/mcu-ver-master.elf.dir/Drivers/STM32F4xx_HAL_Driver/Src/stm32f4xx_hal_uart.c.obj
 .comment       0x0000000000000056       0x57 /usr/lib64/gcc/arm-none-eabi/11/../../../../arm-none-eabi/lib/thumb/v7e-m/nofp/libg.a(lib_a-init.o)
 .comment       0x0000000000000056       0x57 /usr/lib64/gcc/arm-none-eabi/11/../../../../arm-none-eabi/lib/thumb/v7e-m/nofp/libg.a(lib_a-memset.o)

.debug_frame    0x0000000000000000     0x1804
 .debug_frame   0x0000000000000000       0x34 CMakeFiles/mcu-ver-master.elf.dir/Core/Src/gpio.c.obj
 .debug_frame   0x0000000000000034       0x74 CMakeFiles/mcu-ver-master.elf.dir/Core/Src/main.c.obj
 .debug_frame   0x00000000000000a8       0x48 CMakeFiles/mcu-ver-master.elf.dir/Core/Src/rtc.c.obj
 .debug_frame   0x00000000000000f0       0x98 CMakeFiles/mcu-ver-master.elf.dir/Core/Src/spi.c.obj
 .debug_frame   0x0000000000000188       0x2c CMakeFiles/mcu-ver-master.elf.dir/Core/Src/stm32f4xx_hal_msp.c.obj
 .debug_frame   0x00000000000001b4       0xd0 CMakeFiles/mcu-ver-master.elf.dir/Core/Src/stm32f4xx_it.c.obj
 .debug_frame   0x0000000000000284       0x30 CMakeFiles/mcu-ver-master.elf.dir/Core/Src/system_stm32f4xx.c.obj
 .debug_frame   0x00000000000002b4       0x60 CMakeFiles/mcu-ver-master.elf.dir/Core/Src/usart.c.obj
 .debug_frame   0x0000000000000314      0x1ec CMakeFiles/mcu-ver-master.elf.dir/Drivers/STM32F4xx_HAL_Driver/Src/stm32f4xx_hal.c.obj
 .debug_frame   0x0000000000000500      0x148 CMakeFiles/mcu-ver-master.elf.dir/Drivers/STM32F4xx_HAL_Driver/Src/stm32f4xx_hal_cortex.c.obj
 .debug_frame   0x0000000000000648      0x188 CMakeFiles/mcu-ver-master.elf.dir/Drivers/STM32F4xx_HAL_Driver/Src/stm32f4xx_hal_dma.c.obj
 .debug_frame   0x00000000000007d0       0xd8 CMakeFiles/mcu-ver-master.elf.dir/Drivers/STM32F4xx_HAL_Driver/Src/stm32f4xx_hal_gpio.c.obj
 .debug_frame   0x00000000000008a8      0x16c CMakeFiles/mcu-ver-master.elf.dir/Drivers/STM32F4xx_HAL_Driver/Src/stm32f4xx_hal_rcc.c.obj
 .debug_frame   0x0000000000000a14       0xb0 CMakeFiles/mcu-ver-master.elf.dir/Drivers/STM32F4xx_HAL_Driver/Src/stm32f4xx_hal_rcc_ex.c.obj
 .debug_frame   0x0000000000000ac4      0x20c CMakeFiles/mcu-ver-master.elf.dir/Drivers/STM32F4xx_HAL_Driver/Src/stm32f4xx_hal_rtc.c.obj
 .debug_frame   0x0000000000000cd0      0x594 CMakeFiles/mcu-ver-master.elf.dir/Drivers/STM32F4xx_HAL_Driver/Src/stm32f4xx_hal_spi.c.obj
 .debug_frame   0x0000000000001264      0x4e8 CMakeFiles/mcu-ver-master.elf.dir/Drivers/STM32F4xx_HAL_Driver/Src/stm32f4xx_hal_uart.c.obj
 .debug_frame   0x000000000000174c       0x2c /usr/lib64/gcc/arm-none-eabi/11/thumb/v7e-m/nofp/libgcc.a(_aeabi_uldivmod.o)
 .debug_frame   0x0000000000001778       0x34 /usr/lib64/gcc/arm-none-eabi/11/thumb/v7e-m/nofp/libgcc.a(_udivmoddi4.o)
 .debug_frame   0x00000000000017ac       0x2c /usr/lib64/gcc/arm-none-eabi/11/../../../../arm-none-eabi/lib/thumb/v7e-m/nofp/libg.a(lib_a-init.o)
 .debug_frame   0x00000000000017d8       0x2c /usr/lib64/gcc/arm-none-eabi/11/../../../../arm-none-eabi/lib/thumb/v7e-m/nofp/libg.a(lib_a-memset.o)

.debug_loclists
                0x0000000000000000     0x5054
 .debug_loclists
                0x0000000000000000       0x2c CMakeFiles/mcu-ver-master.elf.dir/Core/Src/main.c.obj
 .debug_loclists
                0x000000000000002c       0xa7 CMakeFiles/mcu-ver-master.elf.dir/Core/Src/spi.c.obj
 .debug_loclists
                0x00000000000000d3       0xdb CMakeFiles/mcu-ver-master.elf.dir/Core/Src/system_stm32f4xx.c.obj
 .debug_loclists
                0x00000000000001ae       0x5c CMakeFiles/mcu-ver-master.elf.dir/Core/Src/usart.c.obj
 .debug_loclists
                0x000000000000020a       0xc9 CMakeFiles/mcu-ver-master.elf.dir/Drivers/STM32F4xx_HAL_Driver/Src/stm32f4xx_hal.c.obj
 .debug_loclists
                0x00000000000002d3      0x4db CMakeFiles/mcu-ver-master.elf.dir/Drivers/STM32F4xx_HAL_Driver/Src/stm32f4xx_hal_cortex.c.obj
 .debug_loclists
                0x00000000000007ae      0x763 CMakeFiles/mcu-ver-master.elf.dir/Drivers/STM32F4xx_HAL_Driver/Src/stm32f4xx_hal_dma.c.obj
 .debug_loclists
                0x0000000000000f11      0x349 CMakeFiles/mcu-ver-master.elf.dir/Drivers/STM32F4xx_HAL_Driver/Src/stm32f4xx_hal_gpio.c.obj
 .debug_loclists
                0x000000000000125a      0x3a9 CMakeFiles/mcu-ver-master.elf.dir/Drivers/STM32F4xx_HAL_Driver/Src/stm32f4xx_hal_rcc.c.obj
 .debug_loclists
                0x0000000000001603      0x256 CMakeFiles/mcu-ver-master.elf.dir/Drivers/STM32F4xx_HAL_Driver/Src/stm32f4xx_hal_rcc_ex.c.obj
 .debug_loclists
                0x0000000000001859      0x85a CMakeFiles/mcu-ver-master.elf.dir/Drivers/STM32F4xx_HAL_Driver/Src/stm32f4xx_hal_rtc.c.obj
 .debug_loclists
                0x00000000000020b3     0x1329 CMakeFiles/mcu-ver-master.elf.dir/Drivers/STM32F4xx_HAL_Driver/Src/stm32f4xx_hal_spi.c.obj
 .debug_loclists
                0x00000000000033dc      0xf3e CMakeFiles/mcu-ver-master.elf.dir/Drivers/STM32F4xx_HAL_Driver/Src/stm32f4xx_hal_uart.c.obj
 .debug_loclists
                0x000000000000431a      0xb1b /usr/lib64/gcc/arm-none-eabi/11/thumb/v7e-m/nofp/libgcc.a(_udivmoddi4.o)
 .debug_loclists
                0x0000000000004e35       0x7a /usr/lib64/gcc/arm-none-eabi/11/../../../../arm-none-eabi/lib/thumb/v7e-m/nofp/libg.a(lib_a-init.o)
 .debug_loclists
                0x0000000000004eaf      0x1a5 /usr/lib64/gcc/arm-none-eabi/11/../../../../arm-none-eabi/lib/thumb/v7e-m/nofp/libg.a(lib_a-memset.o)

.debug_line_str
                0x0000000000000000       0x95
 .debug_line_str
                0x0000000000000000       0x5d CMakeFiles/mcu-ver-master.elf.dir/Core/Startup/startup_stm32f411ceux.s.obj
                                         0xba (size before relaxing)
 .debug_line_str
                0x000000000000005d       0x2c /usr/lib64/gcc/arm-none-eabi/11/thumb/v7e-m/nofp/libgcc.a(_aeabi_uldivmod.o)
                                         0x58 (size before relaxing)
 .debug_line_str
                0x0000000000000089        0xc /usr/lib64/gcc/arm-none-eabi/11/thumb/v7e-m/nofp/libgcc.a(_dvmd_tls.o)
                                         0x60 (size before relaxing)
