Archive member included to satisfy reference by file (symbol)

/usr/lib64/gcc/arm-none-eabi/11/thumb/v7e-m/nofp/libgcc.a(_aeabi_uldivmod.o)
                              CMakeFiles/mcu-ver-master.elf.dir/Drivers/STM32F4xx_HAL_Driver/Src/stm32f4xx_hal_rcc.c.obj (__aeabi_uldivmod)
/usr/lib64/gcc/arm-none-eabi/11/thumb/v7e-m/nofp/libgcc.a(_udivmoddi4.o)
                              /usr/lib64/gcc/arm-none-eabi/11/thumb/v7e-m/nofp/libgcc.a(_aeabi_uldivmod.o) (__udivmoddi4)
/usr/lib64/gcc/arm-none-eabi/11/thumb/v7e-m/nofp/libgcc.a(_dvmd_tls.o)
                              /usr/lib64/gcc/arm-none-eabi/11/thumb/v7e-m/nofp/libgcc.a(_aeabi_uldivmod.o) (__aeabi_ldiv0)
/usr/lib64/gcc/arm-none-eabi/11/../../../../arm-none-eabi/lib/thumb/v7e-m/nofp/libg.a(lib_a-atexit.o)
                              /usr/lib64/gcc/arm-none-eabi/11/../../../../arm-none-eabi/lib/thumb/v7e-m/nofp/crt0.o (atexit)
/usr/lib64/gcc/arm-none-eabi/11/../../../../arm-none-eabi/lib/thumb/v7e-m/nofp/libg.a(lib_a-errno.o)
                              CMakeFiles/mcu-ver-master.elf.dir/Core/Src/sysmem.c.obj (__errno)
/usr/lib64/gcc/arm-none-eabi/11/../../../../arm-none-eabi/lib/thumb/v7e-m/nofp/libg.a(lib_a-exit.o)
                              /usr/lib64/gcc/arm-none-eabi/11/../../../../arm-none-eabi/lib/thumb/v7e-m/nofp/crt0.o (exit)
/usr/lib64/gcc/arm-none-eabi/11/../../../../arm-none-eabi/lib/thumb/v7e-m/nofp/libg.a(lib_a-fini.o)
                              /usr/lib64/gcc/arm-none-eabi/11/../../../../arm-none-eabi/lib/thumb/v7e-m/nofp/crt0.o (__libc_fini_array)
/usr/lib64/gcc/arm-none-eabi/11/../../../../arm-none-eabi/lib/thumb/v7e-m/nofp/libg.a(lib_a-impure.o)
                              /usr/lib64/gcc/arm-none-eabi/11/../../../../arm-none-eabi/lib/thumb/v7e-m/nofp/libg.a(lib_a-exit.o) (_global_impure_ptr)
/usr/lib64/gcc/arm-none-eabi/11/../../../../arm-none-eabi/lib/thumb/v7e-m/nofp/libg.a(lib_a-init.o)
                              /usr/lib64/gcc/arm-none-eabi/11/../../../../arm-none-eabi/lib/thumb/v7e-m/nofp/crt0.o (__libc_init_array)
/usr/lib64/gcc/arm-none-eabi/11/../../../../arm-none-eabi/lib/thumb/v7e-m/nofp/libg.a(lib_a-memset.o)
                              /usr/lib64/gcc/arm-none-eabi/11/../../../../arm-none-eabi/lib/thumb/v7e-m/nofp/crt0.o (memset)
/usr/lib64/gcc/arm-none-eabi/11/../../../../arm-none-eabi/lib/thumb/v7e-m/nofp/libg.a(lib_a-syscalls.o)
                              /usr/lib64/gcc/arm-none-eabi/11/../../../../arm-none-eabi/lib/thumb/v7e-m/nofp/crt0.o (initialise_monitor_handles)
/usr/lib64/gcc/arm-none-eabi/11/../../../../arm-none-eabi/lib/thumb/v7e-m/nofp/libg.a(lib_a-__atexit.o)
                              /usr/lib64/gcc/arm-none-eabi/11/../../../../arm-none-eabi/lib/thumb/v7e-m/nofp/libg.a(lib_a-atexit.o) (__register_exitproc)
/usr/lib64/gcc/arm-none-eabi/11/../../../../arm-none-eabi/lib/thumb/v7e-m/nofp/libg.a(lib_a-__call_atexit.o)
                              /usr/lib64/gcc/arm-none-eabi/11/../../../../arm-none-eabi/lib/thumb/v7e-m/nofp/libg.a(lib_a-exit.o) (__call_exitprocs)
/usr/lib64/gcc/arm-none-eabi/11/../../../../arm-none-eabi/lib/thumb/v7e-m/nofp/libg.a(lib_a-findfp.o)
                              /usr/lib64/gcc/arm-none-eabi/11/../../../../arm-none-eabi/lib/thumb/v7e-m/nofp/libg.a(lib_a-syscalls.o) (__sinit)
/usr/lib64/gcc/arm-none-eabi/11/../../../../arm-none-eabi/lib/thumb/v7e-m/nofp/libg.a(lib_a-fwalk.o)
                              /usr/lib64/gcc/arm-none-eabi/11/../../../../arm-none-eabi/lib/thumb/v7e-m/nofp/libg.a(lib_a-findfp.o) (_fwalk)
/usr/lib64/gcc/arm-none-eabi/11/../../../../arm-none-eabi/lib/thumb/v7e-m/nofp/libg.a(lib_a-mallocr.o)
                              /usr/lib64/gcc/arm-none-eabi/11/../../../../arm-none-eabi/lib/thumb/v7e-m/nofp/libg.a(lib_a-findfp.o) (_malloc_r)
/usr/lib64/gcc/arm-none-eabi/11/../../../../arm-none-eabi/lib/thumb/v7e-m/nofp/libg.a(lib_a-mlock.o)
                              /usr/lib64/gcc/arm-none-eabi/11/../../../../arm-none-eabi/lib/thumb/v7e-m/nofp/libg.a(lib_a-mallocr.o) (__malloc_lock)
/usr/lib64/gcc/arm-none-eabi/11/../../../../arm-none-eabi/lib/thumb/v7e-m/nofp/libg.a(lib_a-sbrkr.o)
                              /usr/lib64/gcc/arm-none-eabi/11/../../../../arm-none-eabi/lib/thumb/v7e-m/nofp/libg.a(lib_a-mallocr.o) (_sbrk_r)
/usr/lib64/gcc/arm-none-eabi/11/../../../../arm-none-eabi/lib/thumb/v7e-m/nofp/libg.a(lib_a-stdio.o)
                              /usr/lib64/gcc/arm-none-eabi/11/../../../../arm-none-eabi/lib/thumb/v7e-m/nofp/libg.a(lib_a-findfp.o) (__sread)
/usr/lib64/gcc/arm-none-eabi/11/../../../../arm-none-eabi/lib/thumb/v7e-m/nofp/libg.a(lib_a-strlen.o)
                              /usr/lib64/gcc/arm-none-eabi/11/../../../../arm-none-eabi/lib/thumb/v7e-m/nofp/libg.a(lib_a-syscalls.o) (strlen)
/usr/lib64/gcc/arm-none-eabi/11/../../../../arm-none-eabi/lib/thumb/v7e-m/nofp/libg.a(lib_a-writer.o)
                              /usr/lib64/gcc/arm-none-eabi/11/../../../../arm-none-eabi/lib/thumb/v7e-m/nofp/libg.a(lib_a-stdio.o) (_write_r)
[...]
Memory Configuration

Name             Origin             Length             Attributes
RAM              0x0000000020000000 0x0000000000020000 xrw
FLASH            0x0000000008000000 0x0000000000080000 xr
*default*        0x0000000000000000 0xffffffffffffffff

Linker script and memory map

LOAD /usr/lib64/gcc/arm-none-eabi/11/thumb/v7e-m/nofp/crti.o
LOAD /usr/lib64/gcc/arm-none-eabi/11/thumb/v7e-m/nofp/crtbegin.o
LOAD /usr/lib64/gcc/arm-none-eabi/11/../../../../arm-none-eabi/lib/thumb/v7e-m/nofp/crt0.o
LOAD CMakeFiles/mcu-ver-master.elf.dir/Core/Src/gpio.c.obj
LOAD CMakeFiles/mcu-ver-master.elf.dir/Core/Src/main.c.obj
LOAD CMakeFiles/mcu-ver-master.elf.dir/Core/Src/rtc.c.obj
LOAD CMakeFiles/mcu-ver-master.elf.dir/Core/Src/spi.c.obj
LOAD CMakeFiles/mcu-ver-master.elf.dir/Core/Src/stm32f4xx_hal_msp.c.obj
LOAD CMakeFiles/mcu-ver-master.elf.dir/Core/Src/stm32f4xx_it.c.obj
LOAD CMakeFiles/mcu-ver-master.elf.dir/Core/Src/sysmem.c.obj
LOAD CMakeFiles/mcu-ver-master.elf.dir/Core/Src/system_stm32f4xx.c.obj
LOAD CMakeFiles/mcu-ver-master.elf.dir/Core/Src/usart.c.obj
LOAD CMakeFiles/mcu-ver-master.elf.dir/Core/Startup/startup_stm32f411ceux.s.obj
LOAD CMakeFiles/mcu-ver-master.elf.dir/Drivers/STM32F4xx_HAL_Driver/Src/stm32f4xx_hal.c.obj
LOAD CMakeFiles/mcu-ver-master.elf.dir/Drivers/STM32F4xx_HAL_Driver/Src/stm32f4xx_hal_cortex.c.obj
LOAD CMakeFiles/mcu-ver-master.elf.dir/Drivers/STM32F4xx_HAL_Driver/Src/stm32f4xx_hal_dma.c.obj
LOAD CMakeFiles/mcu-ver-master.elf.dir/Drivers/STM32F4xx_HAL_Driver/Src/stm32f4xx_hal_dma_ex.c.obj
LOAD CMakeFiles/mcu-ver-master.elf.dir/Drivers/STM32F4xx_HAL_Driver/Src/stm32f4xx_hal_exti.c.obj
LOAD CMakeFiles/mcu-ver-master.elf.dir/Drivers/STM32F4xx_HAL_Driver/Src/stm32f4xx_hal_flash.c.obj
LOAD CMakeFiles/mcu-ver-master.elf.dir/Drivers/STM32F4xx_HAL_Driver/Src/stm32f4xx_hal_flash_ex.c.obj
LOAD CMakeFiles/mcu-ver-master.elf.dir/Drivers/STM32F4xx_HAL_Driver/Src/stm32f4xx_hal_flash_ramfunc.c.obj
LOAD CMakeFiles/mcu-ver-master.elf.dir/Drivers/STM32F4xx_HAL_Driver/Src/stm32f4xx_hal_gpio.c.obj
LOAD CMakeFiles/mcu-ver-master.elf.dir/Drivers/STM32F4xx_HAL_Driver/Src/stm32f4xx_hal_pwr.c.obj
LOAD CMakeFiles/mcu-ver-master.elf.dir/Drivers/STM32F4xx_HAL_Driver/Src/stm32f4xx_hal_pwr_ex.c.obj
LOAD CMakeFiles/mcu-ver-master.elf.dir/Drivers/STM32F4xx_HAL_Driver/Src/stm32f4xx_hal_rcc.c.obj
LOAD CMakeFiles/mcu-ver-master.elf.dir/Drivers/STM32F4xx_HAL_Driver/Src/stm32f4xx_hal_rcc_ex.c.obj
LOAD CMakeFiles/mcu-ver-master.elf.dir/Drivers/STM32F4xx_HAL_Driver/Src/stm32f4xx_hal_rtc.c.obj
LOAD CMakeFiles/mcu-ver-master.elf.dir/Drivers/STM32F4xx_HAL_Driver/Src/stm32f4xx_hal_rtc_ex.c.obj
LOAD CMakeFiles/mcu-ver-master.elf.dir/Drivers/STM32F4xx_HAL_Driver/Src/stm32f4xx_hal_tim.c.obj
LOAD CMakeFiles/mcu-ver-master.elf.dir/Drivers/STM32F4xx_HAL_Driver/Src/stm32f4xx_hal_tim_ex.c.obj
LOAD CMakeFiles/mcu-ver-master.elf.dir/Drivers/STM32F4xx_HAL_Driver/Src/stm32f4xx_hal_uart.c.obj
LOAD CMakeFiles/mcu-ver-master.elf.dir/Drivers/STM32F4xx_HAL_Driver/Src/stm32f4xx_ll_dma.c.obj
LOAD CMakeFiles/mcu-ver-master.elf.dir/Drivers/STM32F4xx_HAL_Driver/Src/stm32f4xx_ll_exti.c.obj
LOAD CMakeFiles/mcu-ver-master.elf.dir/Drivers/STM32F4xx_HAL_Driver/Src/stm32f4xx_ll_gpio.c.obj
LOAD CMakeFiles/mcu-ver-master.elf.dir/Drivers/STM32F4xx_HAL_Driver/Src/stm32f4xx_ll_rcc.c.obj
LOAD CMakeFiles/mcu-ver-master.elf.dir/Drivers/STM32F4xx_HAL_Driver/Src/stm32f4xx_ll_spi.c.obj
LOAD CMakeFiles/mcu-ver-master.elf.dir/Drivers/STM32F4xx_HAL_Driver/Src/stm32f4xx_ll_utils.c.obj
START GROUP
LOAD /usr/lib64/gcc/arm-none-eabi/11/thumb/v7e-m/nofp/libgcc.a
LOAD /usr/lib64/gcc/arm-none-eabi/11/../../../../arm-none-eabi/lib/thumb/v7e-m/nofp/libg.a
LOAD /usr/lib64/gcc/arm-none-eabi/11/../../../../arm-none-eabi/lib/thumb/v7e-m/nofp/libc.a
END GROUP
LOAD /usr/lib64/gcc/arm-none-eabi/11/thumb/v7e-m/nofp/crtend.o
LOAD /usr/lib64/gcc/arm-none-eabi/11/thumb/v7e-m/nofp/crtn.o
                0x0000000020020000                _estack = (ORIGIN (RAM) + LENGTH (RAM))
                0x0000000000000200                _Min_Heap_Size = 0x200
                0x0000000000000400                _Min_Stack_Size = 0x400

.isr_vector     0x0000000008000000      0x198
                0x0000000008000000                . = ALIGN (0x4)
 *(.isr_vector)
 .isr_vector    0x0000000008000000      0x198 CMakeFiles/mcu-ver-master.elf.dir/Core/Startup/startup_stm32f411ceux.s.obj
                0x0000000008000000                g_pfnVectors
                0x0000000008000198                . = ALIGN (0x4)

.text           0x0000000008000198     0x1dcc
                0x0000000008000198                . = ALIGN (0x4)
 *(.text)
 .text          0x0000000008000198       0x88 /usr/lib64/gcc/arm-none-eabi/11/thumb/v7e-m/nofp/crtbegin.o
 .text          0x0000000008000220       0x30 /usr/lib64/gcc/arm-none-eabi/11/thumb/v7e-m/nofp/libgcc.a(_aeabi_uldivmod.o)
                0x0000000008000220                __aeabi_uldivmod
 .text          0x0000000008000250      0x2d8 /usr/lib64/gcc/arm-none-eabi/11/thumb/v7e-m/nofp/libgcc.a(_udivmoddi4.o)
                0x0000000008000250                __udivmoddi4
 .text          0x0000000008000528        0x4 /usr/lib64/gcc/arm-none-eabi/11/thumb/v7e-m/nofp/libgcc.a(_dvmd_tls.o)
                0x0000000008000528                __aeabi_ldiv0
                0x0000000008000528                __aeabi_idiv0
 *(.text*)
 .text.MX_GPIO_Init
                0x000000000800052c       0xd0 CMakeFiles/mcu-ver-master.elf.dir/Core/Src/gpio.c.obj
                0x000000000800052c                MX_GPIO_Init
 .text.dumb_prng
                0x00000000080005fc       0x1c CMakeFiles/mcu-ver-master.elf.dir/Core/Src/main.c.obj
                0x00000000080005fc                dumb_prng
 .text.spi_send
                0x0000000008000618       0x56 CMakeFiles/mcu-ver-master.elf.dir/Core/Src/main.c.obj
                0x0000000008000618                spi_send
 *fill*         0x000000000800066e        0x2 
 .text.SystemClock_Config
                0x0000000008000670       0xb0 CMakeFiles/mcu-ver-master.elf.dir/Core/Src/main.c.obj
                0x0000000008000670                SystemClock_Config
 .text.main     0x0000000008000720       0x98 CMakeFiles/mcu-ver-master.elf.dir/Core/Src/main.c.obj
                0x0000000008000720                main
 .text.Error_Handler
                0x00000000080007b8        0x2 CMakeFiles/mcu-ver-master.elf.dir/Core/Src/main.c.obj
                0x00000000080007b8                Error_Handler
 *fill*         0x00000000080007ba        0x2 
 .text.MX_RTC_Init
                0x00000000080007bc       0x30 CMakeFiles/mcu-ver-master.elf.dir/Core/Src/rtc.c.obj
                0x00000000080007bc                MX_RTC_Init
 .text.HAL_RTC_MspInit
                0x00000000080007ec       0x1c CMakeFiles/mcu-ver-master.elf.dir/Core/Src/rtc.c.obj
                0x00000000080007ec                HAL_RTC_MspInit
 .text.MX_SPI1_Init
                0x0000000008000808       0xb8 CMakeFiles/mcu-ver-master.elf.dir/Core/Src/spi.c.obj
                0x0000000008000808                MX_SPI1_Init
 .text.MX_SPI2_Init
                0x00000000080008c0       0xbc CMakeFiles/mcu-ver-master.elf.dir/Core/Src/spi.c.obj
                0x00000000080008c0                MX_SPI2_Init
 .text.MX_SPI3_Init
                0x000000000800097c       0xb8 CMakeFiles/mcu-ver-master.elf.dir/Core/Src/spi.c.obj
                0x000000000800097c                MX_SPI3_Init
 .text.HAL_MspInit
                0x0000000008000a34       0x48 CMakeFiles/mcu-ver-master.elf.dir/Core/Src/stm32f4xx_hal_msp.c.obj
                0x0000000008000a34                HAL_MspInit
 .text.NMI_Handler
                0x0000000008000a7c        0x2 CMakeFiles/mcu-ver-master.elf.dir/Core/Src/stm32f4xx_it.c.obj
                0x0000000008000a7c                NMI_Handler
 .text.HardFault_Handler
                0x0000000008000a7e        0x2 CMakeFiles/mcu-ver-master.elf.dir/Core/Src/stm32f4xx_it.c.obj
                0x0000000008000a7e                HardFault_Handler
 .text.MemManage_Handler
                0x0000000008000a80        0x2 CMakeFiles/mcu-ver-master.elf.dir/Core/Src/stm32f4xx_it.c.obj
                0x0000000008000a80                MemManage_Handler
 .text.BusFault_Handler
                0x0000000008000a82        0x2 CMakeFiles/mcu-ver-master.elf.dir/Core/Src/stm32f4xx_it.c.obj
                0x0000000008000a82                BusFault_Handler
 .text.UsageFault_Handler
                0x0000000008000a84        0x2 CMakeFiles/mcu-ver-master.elf.dir/Core/Src/stm32f4xx_it.c.obj
                0x0000000008000a84                UsageFault_Handler
 .text.SVC_Handler
                0x0000000008000a86        0x2 CMakeFiles/mcu-ver-master.elf.dir/Core/Src/stm32f4xx_it.c.obj
                0x0000000008000a86                SVC_Handler
 .text.DebugMon_Handler
                0x0000000008000a88        0x2 CMakeFiles/mcu-ver-master.elf.dir/Core/Src/stm32f4xx_it.c.obj
                0x0000000008000a88                DebugMon_Handler
 .text.PendSV_Handler
                0x0000000008000a8a        0x2 CMakeFiles/mcu-ver-master.elf.dir/Core/Src/stm32f4xx_it.c.obj
                0x0000000008000a8a                PendSV_Handler
 .text.SysTick_Handler
                0x0000000008000a8c        0x8 CMakeFiles/mcu-ver-master.elf.dir/Core/Src/stm32f4xx_it.c.obj
                0x0000000008000a8c                SysTick_Handler
 .text.RCC_IRQHandler
                0x0000000008000a94        0x2 CMakeFiles/mcu-ver-master.elf.dir/Core/Src/stm32f4xx_it.c.obj
                0x0000000008000a94                RCC_IRQHandler
 *fill*         0x0000000008000a96        0x2 
 .text.USART2_IRQHandler
                0x0000000008000a98       0x10 CMakeFiles/mcu-ver-master.elf.dir/Core/Src/stm32f4xx_it.c.obj
                0x0000000008000a98                USART2_IRQHandler
 .text.SystemInit
                0x0000000008000aa8       0x10 CMakeFiles/mcu-ver-master.elf.dir/Core/Src/system_stm32f4xx.c.obj
                0x0000000008000aa8                SystemInit
 .text.MX_USART2_UART_Init
                0x0000000008000ab8       0x34 CMakeFiles/mcu-ver-master.elf.dir/Core/Src/usart.c.obj
                0x0000000008000ab8                MX_USART2_UART_Init
 .text.HAL_UART_MspInit
                0x0000000008000aec       0x7c CMakeFiles/mcu-ver-master.elf.dir/Core/Src/usart.c.obj
                0x0000000008000aec                HAL_UART_MspInit
 .text.Reset_Handler
                0x0000000008000b68       0x50 CMakeFiles/mcu-ver-master.elf.dir/Core/Startup/startup_stm32f411ceux.s.obj
                0x0000000008000b68                Reset_Handler
 .text.Default_Handler
                0x0000000008000bb8        0x2 CMakeFiles/mcu-ver-master.elf.dir/Core/Startup/startup_stm32f411ceux.s.obj
                0x0000000008000bb8                RTC_Alarm_IRQHandler
                0x0000000008000bb8                EXTI2_IRQHandler
                0x0000000008000bb8                SPI4_IRQHandler
                0x0000000008000bb8                TIM1_CC_IRQHandler
                0x0000000008000bb8                DMA2_Stream5_IRQHandler
                0x0000000008000bb8                DMA1_Stream5_IRQHandler
                0x0000000008000bb8                PVD_IRQHandler
                0x0000000008000bb8                SDIO_IRQHandler
                0x0000000008000bb8                TAMP_STAMP_IRQHandler
                0x0000000008000bb8                EXTI3_IRQHandler
                0x0000000008000bb8                TIM1_UP_TIM10_IRQHandler
                0x0000000008000bb8                I2C3_ER_IRQHandler
                0x0000000008000bb8                EXTI0_IRQHandler
                0x0000000008000bb8                I2C2_EV_IRQHandler
                0x0000000008000bb8                DMA1_Stream2_IRQHandler
                0x0000000008000bb8                FPU_IRQHandler
                0x0000000008000bb8                DMA2_Stream2_IRQHandler
                0x0000000008000bb8                SPI1_IRQHandler
                0x0000000008000bb8                TIM1_BRK_TIM9_IRQHandler
                0x0000000008000bb8                DMA2_Stream3_IRQHandler
                0x0000000008000bb8                USART6_IRQHandler
                0x0000000008000bb8                DMA2_Stream0_IRQHandler
                0x0000000008000bb8                TIM4_IRQHandler
                0x0000000008000bb8                I2C1_EV_IRQHandler
                0x0000000008000bb8                DMA1_Stream6_IRQHandler
                0x0000000008000bb8                DMA1_Stream1_IRQHandler
                0x0000000008000bb8                TIM3_IRQHandler
                0x0000000008000bb8                Default_Handler
                0x0000000008000bb8                EXTI15_10_IRQHandler
                0x0000000008000bb8                ADC_IRQHandler
                0x0000000008000bb8                DMA1_Stream7_IRQHandler
                0x0000000008000bb8                SPI5_IRQHandler
                0x0000000008000bb8                TIM5_IRQHandler
                0x0000000008000bb8                DMA2_Stream7_IRQHandler
                0x0000000008000bb8                I2C3_EV_IRQHandler
                0x0000000008000bb8                EXTI9_5_IRQHandler
                0x0000000008000bb8                RTC_WKUP_IRQHandler
                0x0000000008000bb8                SPI2_IRQHandler
                0x0000000008000bb8                DMA1_Stream0_IRQHandler
                0x0000000008000bb8                EXTI4_IRQHandler
                0x0000000008000bb8                WWDG_IRQHandler
                0x0000000008000bb8                TIM2_IRQHandler
                0x0000000008000bb8                OTG_FS_WKUP_IRQHandler
                0x0000000008000bb8                TIM1_TRG_COM_TIM11_IRQHandler
                0x0000000008000bb8                EXTI1_IRQHandler
                0x0000000008000bb8                I2C2_ER_IRQHandler
                0x0000000008000bb8                DMA2_Stream1_IRQHandler
                0x0000000008000bb8                FLASH_IRQHandler
                0x0000000008000bb8                DMA2_Stream4_IRQHandler
                0x0000000008000bb8                USART1_IRQHandler
                0x0000000008000bb8                OTG_FS_IRQHandler
                0x0000000008000bb8                SPI3_IRQHandler
                0x0000000008000bb8                DMA1_Stream4_IRQHandler
                0x0000000008000bb8                I2C1_ER_IRQHandler
                0x0000000008000bb8                DMA2_Stream6_IRQHandler
                0x0000000008000bb8                DMA1_Stream3_IRQHandler
 *fill*         0x0000000008000bba        0x2 
 .text.HAL_InitTick
                0x0000000008000bbc       0x4c CMakeFiles/mcu-ver-master.elf.dir/Drivers/STM32F4xx_HAL_Driver/Src/stm32f4xx_hal.c.obj
                0x0000000008000bbc                HAL_InitTick
 .text.HAL_Init
                0x0000000008000c08       0x34 CMakeFiles/mcu-ver-master.elf.dir/Drivers/STM32F4xx_HAL_Driver/Src/stm32f4xx_hal.c.obj
                0x0000000008000c08                HAL_Init
 .text.HAL_IncTick
                0x0000000008000c3c       0x18 CMakeFiles/mcu-ver-master.elf.dir/Drivers/STM32F4xx_HAL_Driver/Src/stm32f4xx_hal.c.obj
                0x0000000008000c3c                HAL_IncTick
 .text.HAL_GetTick
                0x0000000008000c54        0xc CMakeFiles/mcu-ver-master.elf.dir/Drivers/STM32F4xx_HAL_Driver/Src/stm32f4xx_hal.c.obj
                0x0000000008000c54                HAL_GetTick
 .text.HAL_NVIC_SetPriorityGrouping
                0x0000000008000c60       0x24 CMakeFiles/mcu-ver-master.elf.dir/Drivers/STM32F4xx_HAL_Driver/Src/stm32f4xx_hal_cortex.c.obj
                0x0000000008000c60                HAL_NVIC_SetPriorityGrouping
 .text.HAL_NVIC_SetPriority
                0x0000000008000c84       0x70 CMakeFiles/mcu-ver-master.elf.dir/Drivers/STM32F4xx_HAL_Driver/Src/stm32f4xx_hal_cortex.c.obj
                0x0000000008000c84                HAL_NVIC_SetPriority
 .text.HAL_NVIC_EnableIRQ
                0x0000000008000cf4       0x1c CMakeFiles/mcu-ver-master.elf.dir/Drivers/STM32F4xx_HAL_Driver/Src/stm32f4xx_hal_cortex.c.obj
                0x0000000008000cf4                HAL_NVIC_EnableIRQ
 .text.HAL_SYSTICK_Config
                0x0000000008000d10       0x28 CMakeFiles/mcu-ver-master.elf.dir/Drivers/STM32F4xx_HAL_Driver/Src/stm32f4xx_hal_cortex.c.obj
                0x0000000008000d10                HAL_SYSTICK_Config
 .text.HAL_DMA_Abort_IT
                0x0000000008000d38       0x26 CMakeFiles/mcu-ver-master.elf.dir/Drivers/STM32F4xx_HAL_Driver/Src/stm32f4xx_hal_dma.c.obj
                0x0000000008000d38                HAL_DMA_Abort_IT
 *fill*         0x0000000008000d5e        0x2 
 .text.HAL_GPIO_Init
                0x0000000008000d60      0x1ac CMakeFiles/mcu-ver-master.elf.dir/Drivers/STM32F4xx_HAL_Driver/Src/stm32f4xx_hal_gpio.c.obj
                0x0000000008000d60                HAL_GPIO_Init
 .text.HAL_GPIO_WritePin
                0x0000000008000f0c        0xc CMakeFiles/mcu-ver-master.elf.dir/Drivers/STM32F4xx_HAL_Driver/Src/stm32f4xx_hal_gpio.c.obj
                0x0000000008000f0c                HAL_GPIO_WritePin
 .text.HAL_RCC_OscConfig
                0x0000000008000f18      0x3ec CMakeFiles/mcu-ver-master.elf.dir/Drivers/STM32F4xx_HAL_Driver/Src/stm32f4xx_hal_rcc.c.obj
                0x0000000008000f18                HAL_RCC_OscConfig
 .text.HAL_RCC_GetSysClockFreq
                0x0000000008001304       0xa8 CMakeFiles/mcu-ver-master.elf.dir/Drivers/STM32F4xx_HAL_Driver/Src/stm32f4xx_hal_rcc.c.obj
                0x0000000008001304                HAL_RCC_GetSysClockFreq
 .text.HAL_RCC_ClockConfig
                0x00000000080013ac      0x160 CMakeFiles/mcu-ver-master.elf.dir/Drivers/STM32F4xx_HAL_Driver/Src/stm32f4xx_hal_rcc.c.obj
                0x00000000080013ac                HAL_RCC_ClockConfig
 .text.HAL_RCC_GetHCLKFreq
                0x000000000800150c        0xc CMakeFiles/mcu-ver-master.elf.dir/Drivers/STM32F4xx_HAL_Driver/Src/stm32f4xx_hal_rcc.c.obj
                0x000000000800150c                HAL_RCC_GetHCLKFreq
 .text.HAL_RCC_GetPCLK1Freq
                0x0000000008001518       0x20 CMakeFiles/mcu-ver-master.elf.dir/Drivers/STM32F4xx_HAL_Driver/Src/stm32f4xx_hal_rcc.c.obj
                0x0000000008001518                HAL_RCC_GetPCLK1Freq
 .text.HAL_RCC_GetPCLK2Freq
                0x0000000008001538       0x20 CMakeFiles/mcu-ver-master.elf.dir/Drivers/STM32F4xx_HAL_Driver/Src/stm32f4xx_hal_rcc.c.obj
                0x0000000008001538                HAL_RCC_GetPCLK2Freq
 .text.HAL_RCCEx_PeriphCLKConfig
                0x0000000008001558      0x170 CMakeFiles/mcu-ver-master.elf.dir/Drivers/STM32F4xx_HAL_Driver/Src/stm32f4xx_hal_rcc_ex.c.obj
                0x0000000008001558                HAL_RCCEx_PeriphCLKConfig
 .text.HAL_RTC_WaitForSynchro
                0x00000000080016c8       0x32 CMakeFiles/mcu-ver-master.elf.dir/Drivers/STM32F4xx_HAL_Driver/Src/stm32f4xx_hal_rtc.c.obj
                0x00000000080016c8                HAL_RTC_WaitForSynchro
 .text.RTC_EnterInitMode
                0x00000000080016fa       0x3c CMakeFiles/mcu-ver-master.elf.dir/Drivers/STM32F4xx_HAL_Driver/Src/stm32f4xx_hal_rtc.c.obj
                0x00000000080016fa                RTC_EnterInitMode
 .text.HAL_RTC_Init
                0x0000000008001736       0xc4 CMakeFiles/mcu-ver-master.elf.dir/Drivers/STM32F4xx_HAL_Driver/Src/stm32f4xx_hal_rtc.c.obj
                0x0000000008001736                HAL_RTC_Init
 .text.UART_EndRxTransfer
                0x00000000080017fa       0x1c CMakeFiles/mcu-ver-master.elf.dir/Drivers/STM32F4xx_HAL_Driver/Src/stm32f4xx_hal_uart.c.obj
 .text.UART_Transmit_IT
                0x0000000008001816       0x66 CMakeFiles/mcu-ver-master.elf.dir/Drivers/STM32F4xx_HAL_Driver/Src/stm32f4xx_hal_uart.c.obj
 .text.UART_SetConfig
                0x000000000800187c      0x1d4 CMakeFiles/mcu-ver-master.elf.dir/Drivers/STM32F4xx_HAL_Driver/Src/stm32f4xx_hal_uart.c.obj
 .text.HAL_UART_Init
                0x0000000008001a50       0x5e CMakeFiles/mcu-ver-master.elf.dir/Drivers/STM32F4xx_HAL_Driver/Src/stm32f4xx_hal_uart.c.obj
                0x0000000008001a50                HAL_UART_Init
 .text.HAL_UART_TxCpltCallback
                0x0000000008001aae        0x2 CMakeFiles/mcu-ver-master.elf.dir/Drivers/STM32F4xx_HAL_Driver/Src/stm32f4xx_hal_uart.c.obj
                0x0000000008001aae                HAL_UART_TxCpltCallback
 .text.UART_EndTransmit_IT
                0x0000000008001ab0       0x1a CMakeFiles/mcu-ver-master.elf.dir/Drivers/STM32F4xx_HAL_Driver/Src/stm32f4xx_hal_uart.c.obj
 .text.HAL_UART_RxCpltCallback
                0x0000000008001aca        0x2 CMakeFiles/mcu-ver-master.elf.dir/Drivers/STM32F4xx_HAL_Driver/Src/stm32f4xx_hal_uart.c.obj
                0x0000000008001aca                HAL_UART_RxCpltCallback
 .text.UART_Receive_IT
                0x0000000008001acc       0x9e CMakeFiles/mcu-ver-master.elf.dir/Drivers/STM32F4xx_HAL_Driver/Src/stm32f4xx_hal_uart.c.obj
 .text.HAL_UART_ErrorCallback
                0x0000000008001b6a        0x2 CMakeFiles/mcu-ver-master.elf.dir/Drivers/STM32F4xx_HAL_Driver/Src/stm32f4xx_hal_uart.c.obj
                0x0000000008001b6a                HAL_UART_ErrorCallback
 .text.HAL_UART_IRQHandler
                0x0000000008001b6c      0x128 CMakeFiles/mcu-ver-master.elf.dir/Drivers/STM32F4xx_HAL_Driver/Src/stm32f4xx_hal_uart.c.obj
                0x0000000008001b6c                HAL_UART_IRQHandler
 .text.UART_DMAAbortOnError
                0x0000000008001c94       0x10 CMakeFiles/mcu-ver-master.elf.dir/Drivers/STM32F4xx_HAL_Driver/Src/stm32f4xx_hal_uart.c.obj
 .text.LL_GPIO_Init
                0x0000000008001ca4      0x148 CMakeFiles/mcu-ver-master.elf.dir/Drivers/STM32F4xx_HAL_Driver/Src/stm32f4xx_ll_gpio.c.obj
                0x0000000008001ca4                LL_GPIO_Init
 .text.LL_SPI_Init
                0x0000000008001dec       0x72 CMakeFiles/mcu-ver-master.elf.dir/Drivers/STM32F4xx_HAL_Driver/Src/stm32f4xx_ll_spi.c.obj
                0x0000000008001dec                LL_SPI_Init
 *fill*         0x0000000008001e5e        0x2 
 .text.__libc_init_array
                0x0000000008001e60       0x48 /usr/lib64/gcc/arm-none-eabi/11/../../../../arm-none-eabi/lib/thumb/v7e-m/nofp/libg.a(lib_a-init.o)
                0x0000000008001e60                __libc_init_array
 .text.memset   0x0000000008001ea8       0xa4 /usr/lib64/gcc/arm-none-eabi/11/../../../../arm-none-eabi/lib/thumb/v7e-m/nofp/libg.a(lib_a-memset.o)
                0x0000000008001ea8                memset
 *(.glue_7)
 .glue_7        0x0000000008001f4c        0x0 linker stubs
 *(.glue_7t)
 .glue_7t       0x0000000008001f4c        0x0 linker stubs
 *(.eh_frame)
 .eh_frame      0x0000000008001f4c        0x0 /usr/lib64/gcc/arm-none-eabi/11/thumb/v7e-m/nofp/crtbegin.o
 *(.init)
 .init          0x0000000008001f4c        0x4 /usr/lib64/gcc/arm-none-eabi/11/thumb/v7e-m/nofp/crti.o
                0x0000000008001f4c                _init
 .init          0x0000000008001f50        0x8 /usr/lib64/gcc/arm-none-eabi/11/thumb/v7e-m/nofp/crtn.o
 *(.fini)
 .fini          0x0000000008001f58        0x4 /usr/lib64/gcc/arm-none-eabi/11/thumb/v7e-m/nofp/crti.o
                0x0000000008001f58                _fini
 .fini          0x0000000008001f5c        0x8 /usr/lib64/gcc/arm-none-eabi/11/thumb/v7e-m/nofp/crtn.o
                0x0000000008001f64                . = ALIGN (0x4)
                0x0000000008001f64                _etext = .

.vfp11_veneer   0x0000000008001f64        0x0
 .vfp11_veneer  0x0000000008001f64        0x0 linker stubs

.v4_bx          0x0000000008001f64        0x0
 .v4_bx         0x0000000008001f64        0x0 linker stubs

.iplt           0x0000000008001f64        0x0
 .iplt          0x0000000008001f64        0x0 /usr/lib64/gcc/arm-none-eabi/11/thumb/v7e-m/nofp/crtbegin.o

.rodata         0x0000000008001f64       0x18
                0x0000000008001f64                . = ALIGN (0x4)
 *(.rodata)
 *(.rodata*)
 .rodata.AHBPrescTable
                0x0000000008001f64       0x10 CMakeFiles/mcu-ver-master.elf.dir/Core/Src/system_stm32f4xx.c.obj
                0x0000000008001f64                AHBPrescTable
 .rodata.APBPrescTable
                0x0000000008001f74        0x8 CMakeFiles/mcu-ver-master.elf.dir/Core/Src/system_stm32f4xx.c.obj
                0x0000000008001f74                APBPrescTable
                0x0000000008001f7c                . = ALIGN (0x4)

.ARM.extab      0x0000000008001f7c        0x0
                0x0000000008001f7c                . = ALIGN (0x4)
 *(.ARM.extab* .gnu.linkonce.armextab.*)
                0x0000000008001f7c                . = ALIGN (0x4)

.ARM            0x0000000008001f7c        0x8
                0x0000000008001f7c                . = ALIGN (0x4)
                0x0000000008001f7c                __exidx_start = .
 *(.ARM.exidx*)
 .ARM.exidx     0x0000000008001f7c        0x8 /usr/lib64/gcc/arm-none-eabi/11/thumb/v7e-m/nofp/libgcc.a(_udivmoddi4.o)
                0x0000000008001f84                __exidx_end = .
                0x0000000008001f84                . = ALIGN (0x4)

.rel.dyn        0x0000000008001f84        0x0
 .rel.iplt      0x0000000008001f84        0x0 /usr/lib64/gcc/arm-none-eabi/11/thumb/v7e-m/nofp/crtbegin.o

.preinit_array  0x0000000008001f84        0x0
                0x0000000008001f84                . = ALIGN (0x4)
                0x0000000008001f84                PROVIDE (__preinit_array_start = .)
 *(.preinit_array*)
                0x0000000008001f84                PROVIDE (__preinit_array_end = .)
                0x0000000008001f84                . = ALIGN (0x4)

.init_array     0x0000000008001f84        0x4
                0x0000000008001f84                . = ALIGN (0x4)
                0x0000000008001f84                PROVIDE (__init_array_start = .)
 *(SORT_BY_NAME(.init_array.*))
 *(.init_array*)
 .init_array    0x0000000008001f84        0x4 /usr/lib64/gcc/arm-none-eabi/11/thumb/v7e-m/nofp/crtbegin.o
                0x0000000008001f88                PROVIDE (__init_array_end = .)
                0x0000000008001f88                . = ALIGN (0x4)

.fini_array     0x0000000008001f88        0x4
                0x0000000008001f88                . = ALIGN (0x4)
                0x0000000008001f88                PROVIDE (__fini_array_start = .)
 *(SORT_BY_NAME(.fini_array.*))
 *(.fini_array*)
 .fini_array    0x0000000008001f88        0x4 /usr/lib64/gcc/arm-none-eabi/11/thumb/v7e-m/nofp/crtbegin.o
                0x0000000008001f8c                PROVIDE (__fini_array_end = .)
                0x0000000008001f8c                . = ALIGN (0x4)
                0x0000000008001f8c                _sidata = LOADADDR (.data)

.data           0x0000000020000000       0x10 load address 0x0000000008001f8c
                0x0000000020000000                . = ALIGN (0x4)
                0x0000000020000000                _sdata = .
 *(.data)
 *(.data*)
 .data.prev1.1  0x0000000020000000        0x1 CMakeFiles/mcu-ver-master.elf.dir/Core/Src/main.c.obj
 .data.prev2.0  0x0000000020000001        0x1 CMakeFiles/mcu-ver-master.elf.dir/Core/Src/main.c.obj
 *fill*         0x0000000020000002        0x2 
 .data.SystemCoreClock
                0x0000000020000004        0x4 CMakeFiles/mcu-ver-master.elf.dir/Core/Src/system_stm32f4xx.c.obj
                0x0000000020000004                SystemCoreClock
 .data.uwTickFreq
                0x0000000020000008        0x1 CMakeFiles/mcu-ver-master.elf.dir/Drivers/STM32F4xx_HAL_Driver/Src/stm32f4xx_hal.c.obj
                0x0000000020000008                uwTickFreq
 *fill*         0x0000000020000009        0x3 
 .data.uwTickPrio
                0x000000002000000c        0x4 CMakeFiles/mcu-ver-master.elf.dir/Drivers/STM32F4xx_HAL_Driver/Src/stm32f4xx_hal.c.obj
                0x000000002000000c                uwTickPrio
                0x0000000020000010                . = ALIGN (0x4)
                0x0000000020000010                _edata = .

.tm_clone_table
                0x0000000020000010        0x0 load address 0x0000000008001f9c
 .tm_clone_table
                0x0000000020000010        0x0 /usr/lib64/gcc/arm-none-eabi/11/thumb/v7e-m/nofp/crtbegin.o
 .tm_clone_table
                0x0000000020000010        0x0 /usr/lib64/gcc/arm-none-eabi/11/thumb/v7e-m/nofp/crtend.o

.igot.plt       0x0000000020000010        0x0 load address 0x0000000008001f9c
 .igot.plt      0x0000000020000010        0x0 /usr/lib64/gcc/arm-none-eabi/11/thumb/v7e-m/nofp/crtbegin.o
                0x0000000020000010                . = ALIGN (0x4)

.bss            0x0000000020000010       0x80 load address 0x0000000008001f9c
                0x0000000020000010                _sbss = .
                0x0000000020000010                __bss_start__ = _sbss
 *(.bss)
 .bss           0x0000000020000010       0x1c /usr/lib64/gcc/arm-none-eabi/11/thumb/v7e-m/nofp/crtbegin.o
 *(.bss*)
 .bss.hrtc      0x000000002000002c       0x20 CMakeFiles/mcu-ver-master.elf.dir/Core/Src/rtc.c.obj
                0x000000002000002c                hrtc
 .bss.huart2    0x000000002000004c       0x40 CMakeFiles/mcu-ver-master.elf.dir/Core/Src/usart.c.obj
                0x000000002000004c                huart2
 .bss.uwTick    0x000000002000008c        0x4 CMakeFiles/mcu-ver-master.elf.dir/Drivers/STM32F4xx_HAL_Driver/Src/stm32f4xx_hal.c.obj
                0x000000002000008c                uwTick
 *(COMMON)
                0x0000000020000090                . = ALIGN (0x4)
                0x0000000020000090                _ebss = .
                0x0000000020000090                __bss_end__ = _ebss

._user_heap_stack
                0x0000000020000090      0x600 load address 0x0000000008001f9c
                0x0000000020000090                . = ALIGN (0x8)
                0x0000000020000090                PROVIDE (end = .)
                0x0000000020000090                PROVIDE (_end = .)
                0x0000000020000290                . = (. + _Min_Heap_Size)
 *fill*         0x0000000020000090      0x200 
                0x0000000020000690                . = (. + _Min_Stack_Size)
 *fill*         0x0000000020000290      0x400 
                0x0000000020000690                . = ALIGN (0x8)

/DISCARD/
 libc.a(*)
 libm.a(*)
 libgcc.a(*)

.ARM.attributes
                0x0000000000000000       0x2a
 *(.ARM.attributes)
 .ARM.attributes
                0x0000000000000000       0x1e /usr/lib64/gcc/arm-none-eabi/11/thumb/v7e-m/nofp/crti.o
 .ARM.attributes
                0x000000000000001e       0x2e /usr/lib64/gcc/arm-none-eabi/11/thumb/v7e-m/nofp/crtbegin.o
 .ARM.attributes
                0x000000000000004c       0x2e CMakeFiles/mcu-ver-master.elf.dir/Core/Src/gpio.c.obj
 .ARM.attributes
                0x000000000000007a       0x2e CMakeFiles/mcu-ver-master.elf.dir/Core/Src/main.c.obj
 .ARM.attributes
                0x00000000000000a8       0x2e CMakeFiles/mcu-ver-master.elf.dir/Core/Src/rtc.c.obj
 .ARM.attributes
                0x00000000000000d6       0x2e CMakeFiles/mcu-ver-master.elf.dir/Core/Src/spi.c.obj
 .ARM.attributes
                0x0000000000000104       0x2e CMakeFiles/mcu-ver-master.elf.dir/Core/Src/stm32f4xx_hal_msp.c.obj
 .ARM.attributes
                0x0000000000000132       0x2e CMakeFiles/mcu-ver-master.elf.dir/Core/Src/stm32f4xx_it.c.obj
 .ARM.attributes
                0x0000000000000160       0x2e CMakeFiles/mcu-ver-master.elf.dir/Core/Src/system_stm32f4xx.c.obj
 .ARM.attributes
                0x000000000000018e       0x2e CMakeFiles/mcu-ver-master.elf.dir/Core/Src/usart.c.obj
 .ARM.attributes
                0x00000000000001bc       0x21 CMakeFiles/mcu-ver-master.elf.dir/Core/Startup/startup_stm32f411ceux.s.obj
 .ARM.attributes
                0x00000000000001dd       0x2e CMakeFiles/mcu-ver-master.elf.dir/Drivers/STM32F4xx_HAL_Driver/Src/stm32f4xx_hal.c.obj
 .ARM.attributes
                0x000000000000020b       0x2e CMakeFiles/mcu-ver-master.elf.dir/Drivers/STM32F4xx_HAL_Driver/Src/stm32f4xx_hal_cortex.c.obj
 .ARM.attributes
                0x0000000000000239       0x2e CMakeFiles/mcu-ver-master.elf.dir/Drivers/STM32F4xx_HAL_Driver/Src/stm32f4xx_hal_dma.c.obj
 .ARM.attributes
                0x0000000000000267       0x2e CMakeFiles/mcu-ver-master.elf.dir/Drivers/STM32F4xx_HAL_Driver/Src/stm32f4xx_hal_gpio.c.obj
 .ARM.attributes
                0x0000000000000295       0x2e CMakeFiles/mcu-ver-master.elf.dir/Drivers/STM32F4xx_HAL_Driver/Src/stm32f4xx_hal_rcc.c.obj
 .ARM.attributes
                0x00000000000002c3       0x2e CMakeFiles/mcu-ver-master.elf.dir/Drivers/STM32F4xx_HAL_Driver/Src/stm32f4xx_hal_rcc_ex.c.obj
 .ARM.attributes
                0x00000000000002f1       0x2e CMakeFiles/mcu-ver-master.elf.dir/Drivers/STM32F4xx_HAL_Driver/Src/stm32f4xx_hal_rtc.c.obj
 .ARM.attributes
                0x000000000000031f       0x2e CMakeFiles/mcu-ver-master.elf.dir/Drivers/STM32F4xx_HAL_Driver/Src/stm32f4xx_hal_uart.c.obj
 .ARM.attributes
                0x000000000000034d       0x2e CMakeFiles/mcu-ver-master.elf.dir/Drivers/STM32F4xx_HAL_Driver/Src/stm32f4xx_ll_gpio.c.obj
 .ARM.attributes
                0x000000000000037b       0x2e CMakeFiles/mcu-ver-master.elf.dir/Drivers/STM32F4xx_HAL_Driver/Src/stm32f4xx_ll_spi.c.obj
 .ARM.attributes
                0x00000000000003a9       0x1e /usr/lib64/gcc/arm-none-eabi/11/thumb/v7e-m/nofp/libgcc.a(_aeabi_uldivmod.o)
 .ARM.attributes
                0x00000000000003c7       0x2e /usr/lib64/gcc/arm-none-eabi/11/thumb/v7e-m/nofp/libgcc.a(_udivmoddi4.o)
 .ARM.attributes
                0x00000000000003f5       0x1e /usr/lib64/gcc/arm-none-eabi/11/thumb/v7e-m/nofp/libgcc.a(_dvmd_tls.o)
 .ARM.attributes
                0x0000000000000413       0x2e /usr/lib64/gcc/arm-none-eabi/11/../../../../arm-none-eabi/lib/thumb/v7e-m/nofp/libg.a(lib_a-init.o)
 .ARM.attributes
                0x0000000000000441       0x2e /usr/lib64/gcc/arm-none-eabi/11/../../../../arm-none-eabi/lib/thumb/v7e-m/nofp/libg.a(lib_a-memset.o)
 .ARM.attributes
                0x000000000000046f       0x2e /usr/lib64/gcc/arm-none-eabi/11/thumb/v7e-m/nofp/crtend.o
 .ARM.attributes
                0x000000000000049d       0x1e /usr/lib64/gcc/arm-none-eabi/11/thumb/v7e-m/nofp/crtn.o
OUTPUT(mcu-ver-master.elf elf32-littlearm)
LOAD linker stubs
LOAD /usr/lib64/gcc/arm-none-eabi/11/../../../../arm-none-eabi/lib/thumb/v7e-m/nofp/libc.a
LOAD /usr/lib64/gcc/arm-none-eabi/11/../../../../arm-none-eabi/lib/thumb/v7e-m/nofp/libm.a
LOAD /usr/lib64/gcc/arm-none-eabi/11/thumb/v7e-m/nofp/libgcc.a

.debug_info     0x0000000000000000     0xbbf5
 .debug_info    0x0000000000000000      0x502 CMakeFiles/mcu-ver-master.elf.dir/Core/Src/gpio.c.obj
 .debug_info    0x0000000000000502      0xb59 CMakeFiles/mcu-ver-master.elf.dir/Core/Src/main.c.obj
 .debug_info    0x000000000000105b      0x4f0 CMakeFiles/mcu-ver-master.elf.dir/Core/Src/rtc.c.obj
 .debug_info    0x000000000000154b      0x91b CMakeFiles/mcu-ver-master.elf.dir/Core/Src/spi.c.obj
 .debug_info    0x0000000000001e66      0x4d1 CMakeFiles/mcu-ver-master.elf.dir/Core/Src/stm32f4xx_hal_msp.c.obj
 .debug_info    0x0000000000002337      0x651 CMakeFiles/mcu-ver-master.elf.dir/Core/Src/stm32f4xx_it.c.obj
 .debug_info    0x0000000000002988      0x553 CMakeFiles/mcu-ver-master.elf.dir/Core/Src/system_stm32f4xx.c.obj
 .debug_info    0x0000000000002edb      0xbbb CMakeFiles/mcu-ver-master.elf.dir/Core/Src/usart.c.obj
 .debug_info    0x0000000000003a96       0x23 CMakeFiles/mcu-ver-master.elf.dir/Core/Startup/startup_stm32f411ceux.s.obj
 .debug_info    0x0000000000003ab9      0x965 CMakeFiles/mcu-ver-master.elf.dir/Drivers/STM32F4xx_HAL_Driver/Src/stm32f4xx_hal.c.obj
 .debug_info    0x000000000000441e      0xf03 CMakeFiles/mcu-ver-master.elf.dir/Drivers/STM32F4xx_HAL_Driver/Src/stm32f4xx_hal_cortex.c.obj
 .debug_info    0x0000000000005321      0xad8 CMakeFiles/mcu-ver-master.elf.dir/Drivers/STM32F4xx_HAL_Driver/Src/stm32f4xx_hal_dma.c.obj
 .debug_info    0x0000000000005df9      0x729 CMakeFiles/mcu-ver-master.elf.dir/Drivers/STM32F4xx_HAL_Driver/Src/stm32f4xx_hal_gpio.c.obj
 .debug_info    0x0000000000006522      0xaaf CMakeFiles/mcu-ver-master.elf.dir/Drivers/STM32F4xx_HAL_Driver/Src/stm32f4xx_hal_rcc.c.obj
 .debug_info    0x0000000000006fd1      0x6be CMakeFiles/mcu-ver-master.elf.dir/Drivers/STM32F4xx_HAL_Driver/Src/stm32f4xx_hal_rcc_ex.c.obj
 .debug_info    0x000000000000768f      0xea9 CMakeFiles/mcu-ver-master.elf.dir/Drivers/STM32F4xx_HAL_Driver/Src/stm32f4xx_hal_rtc.c.obj
 .debug_info    0x0000000000008538     0x1835 CMakeFiles/mcu-ver-master.elf.dir/Drivers/STM32F4xx_HAL_Driver/Src/stm32f4xx_hal_uart.c.obj
 .debug_info    0x0000000000009d6d      0xb4b CMakeFiles/mcu-ver-master.elf.dir/Drivers/STM32F4xx_HAL_Driver/Src/stm32f4xx_ll_gpio.c.obj
 .debug_info    0x000000000000a8b8      0x9d2 CMakeFiles/mcu-ver-master.elf.dir/Drivers/STM32F4xx_HAL_Driver/Src/stm32f4xx_ll_spi.c.obj
 .debug_info    0x000000000000b28a       0x24 /usr/lib64/gcc/arm-none-eabi/11/thumb/v7e-m/nofp/libgcc.a(_aeabi_uldivmod.o)
 .debug_info    0x000000000000b2ae      0x6e3 /usr/lib64/gcc/arm-none-eabi/11/thumb/v7e-m/nofp/libgcc.a(_udivmoddi4.o)
 .debug_info    0x000000000000b991       0x24 /usr/lib64/gcc/arm-none-eabi/11/thumb/v7e-m/nofp/libgcc.a(_dvmd_tls.o)
 .debug_info    0x000000000000b9b5      0x10b /usr/lib64/gcc/arm-none-eabi/11/../../../../arm-none-eabi/lib/thumb/v7e-m/nofp/libg.a(lib_a-init.o)
 .debug_info    0x000000000000bac0      0x135 /usr/lib64/gcc/arm-none-eabi/11/../../../../arm-none-eabi/lib/thumb/v7e-m/nofp/libg.a(lib_a-memset.o)

.debug_abbrev   0x0000000000000000     0x2aa6
 .debug_abbrev  0x0000000000000000      0x17b CMakeFiles/mcu-ver-master.elf.dir/Core/Src/gpio.c.obj
 .debug_abbrev  0x000000000000017b      0x321 CMakeFiles/mcu-ver-master.elf.dir/Core/Src/main.c.obj
 .debug_abbrev  0x000000000000049c      0x1b1 CMakeFiles/mcu-ver-master.elf.dir/Core/Src/rtc.c.obj
 .debug_abbrev  0x000000000000064d      0x1ec CMakeFiles/mcu-ver-master.elf.dir/Core/Src/spi.c.obj
 .debug_abbrev  0x0000000000000839      0x145 CMakeFiles/mcu-ver-master.elf.dir/Core/Src/stm32f4xx_hal_msp.c.obj
 .debug_abbrev  0x000000000000097e      0x1ae CMakeFiles/mcu-ver-master.elf.dir/Core/Src/stm32f4xx_it.c.obj
 .debug_abbrev  0x0000000000000b2c      0x11e CMakeFiles/mcu-ver-master.elf.dir/Core/Src/system_stm32f4xx.c.obj
 .debug_abbrev  0x0000000000000c4a      0x246 CMakeFiles/mcu-ver-master.elf.dir/Core/Src/usart.c.obj
 .debug_abbrev  0x0000000000000e90       0x12 CMakeFiles/mcu-ver-master.elf.dir/Core/Startup/startup_stm32f411ceux.s.obj
 .debug_abbrev  0x0000000000000ea2      0x277 CMakeFiles/mcu-ver-master.elf.dir/Drivers/STM32F4xx_HAL_Driver/Src/stm32f4xx_hal.c.obj
 .debug_abbrev  0x0000000000001119      0x376 CMakeFiles/mcu-ver-master.elf.dir/Drivers/STM32F4xx_HAL_Driver/Src/stm32f4xx_hal_cortex.c.obj
 .debug_abbrev  0x000000000000148f      0x27d CMakeFiles/mcu-ver-master.elf.dir/Drivers/STM32F4xx_HAL_Driver/Src/stm32f4xx_hal_dma.c.obj
 .debug_abbrev  0x000000000000170c      0x1ff CMakeFiles/mcu-ver-master.elf.dir/Drivers/STM32F4xx_HAL_Driver/Src/stm32f4xx_hal_gpio.c.obj
 .debug_abbrev  0x000000000000190b      0x2c5 CMakeFiles/mcu-ver-master.elf.dir/Drivers/STM32F4xx_HAL_Driver/Src/stm32f4xx_hal_rcc.c.obj
 .debug_abbrev  0x0000000000001bd0      0x1c6 CMakeFiles/mcu-ver-master.elf.dir/Drivers/STM32F4xx_HAL_Driver/Src/stm32f4xx_hal_rcc_ex.c.obj
 .debug_abbrev  0x0000000000001d96      0x21d CMakeFiles/mcu-ver-master.elf.dir/Drivers/STM32F4xx_HAL_Driver/Src/stm32f4xx_hal_rtc.c.obj
 .debug_abbrev  0x0000000000001fb3      0x2ae CMakeFiles/mcu-ver-master.elf.dir/Drivers/STM32F4xx_HAL_Driver/Src/stm32f4xx_hal_uart.c.obj
 .debug_abbrev  0x0000000000002261      0x265 CMakeFiles/mcu-ver-master.elf.dir/Drivers/STM32F4xx_HAL_Driver/Src/stm32f4xx_ll_gpio.c.obj
 .debug_abbrev  0x00000000000024c6      0x2ce CMakeFiles/mcu-ver-master.elf.dir/Drivers/STM32F4xx_HAL_Driver/Src/stm32f4xx_ll_spi.c.obj
 .debug_abbrev  0x0000000000002794       0x14 /usr/lib64/gcc/arm-none-eabi/11/thumb/v7e-m/nofp/libgcc.a(_aeabi_uldivmod.o)
 .debug_abbrev  0x00000000000027a8      0x16a /usr/lib64/gcc/arm-none-eabi/11/thumb/v7e-m/nofp/libgcc.a(_udivmoddi4.o)
 .debug_abbrev  0x0000000000002912       0x14 /usr/lib64/gcc/arm-none-eabi/11/thumb/v7e-m/nofp/libgcc.a(_dvmd_tls.o)
 .debug_abbrev  0x0000000000002926       0xc9 /usr/lib64/gcc/arm-none-eabi/11/../../../../arm-none-eabi/lib/thumb/v7e-m/nofp/libg.a(lib_a-init.o)
 .debug_abbrev  0x00000000000029ef       0xb7 /usr/lib64/gcc/arm-none-eabi/11/../../../../arm-none-eabi/lib/thumb/v7e-m/nofp/libg.a(lib_a-memset.o)

.debug_aranges  0x0000000000000000      0x8d8
 .debug_aranges
                0x0000000000000000       0x20 CMakeFiles/mcu-ver-master.elf.dir/Core/Src/gpio.c.obj
 .debug_aranges
                0x0000000000000020       0x40 CMakeFiles/mcu-ver-master.elf.dir/Core/Src/main.c.obj
 .debug_aranges
                0x0000000000000060       0x30 CMakeFiles/mcu-ver-master.elf.dir/Core/Src/rtc.c.obj
 .debug_aranges
                0x0000000000000090       0x30 CMakeFiles/mcu-ver-master.elf.dir/Core/Src/spi.c.obj
 .debug_aranges
                0x00000000000000c0       0x20 CMakeFiles/mcu-ver-master.elf.dir/Core/Src/stm32f4xx_hal_msp.c.obj
 .debug_aranges
                0x00000000000000e0       0x70 CMakeFiles/mcu-ver-master.elf.dir/Core/Src/stm32f4xx_it.c.obj
 .debug_aranges
                0x0000000000000150       0x28 CMakeFiles/mcu-ver-master.elf.dir/Core/Src/system_stm32f4xx.c.obj
 .debug_aranges
                0x0000000000000178       0x30 CMakeFiles/mcu-ver-master.elf.dir/Core/Src/usart.c.obj
 .debug_aranges
                0x00000000000001a8       0x28 CMakeFiles/mcu-ver-master.elf.dir/Core/Startup/startup_stm32f411ceux.s.obj
 .debug_aranges
                0x00000000000001d0       0xf0 CMakeFiles/mcu-ver-master.elf.dir/Drivers/STM32F4xx_HAL_Driver/Src/stm32f4xx_hal.c.obj
 .debug_aranges
                0x00000000000002c0       0xa8 CMakeFiles/mcu-ver-master.elf.dir/Drivers/STM32F4xx_HAL_Driver/Src/stm32f4xx_hal_cortex.c.obj
 .debug_aranges
                0x0000000000000368       0x90 CMakeFiles/mcu-ver-master.elf.dir/Drivers/STM32F4xx_HAL_Driver/Src/stm32f4xx_hal_dma.c.obj
 .debug_aranges
                0x00000000000003f8       0x58 CMakeFiles/mcu-ver-master.elf.dir/Drivers/STM32F4xx_HAL_Driver/Src/stm32f4xx_hal_gpio.c.obj
 .debug_aranges
                0x0000000000000450       0x88 CMakeFiles/mcu-ver-master.elf.dir/Drivers/STM32F4xx_HAL_Driver/Src/stm32f4xx_hal_rcc.c.obj
 .debug_aranges
                0x00000000000004d8       0x50 CMakeFiles/mcu-ver-master.elf.dir/Drivers/STM32F4xx_HAL_Driver/Src/stm32f4xx_hal_rcc_ex.c.obj
 .debug_aranges
                0x0000000000000528       0xb8 CMakeFiles/mcu-ver-master.elf.dir/Drivers/STM32F4xx_HAL_Driver/Src/stm32f4xx_hal_rtc.c.obj
 .debug_aranges
                0x00000000000005e0      0x1d0 CMakeFiles/mcu-ver-master.elf.dir/Drivers/STM32F4xx_HAL_Driver/Src/stm32f4xx_hal_uart.c.obj
 .debug_aranges
                0x00000000000007b0       0x30 CMakeFiles/mcu-ver-master.elf.dir/Drivers/STM32F4xx_HAL_Driver/Src/stm32f4xx_ll_gpio.c.obj
 .debug_aranges
                0x00000000000007e0       0x58 CMakeFiles/mcu-ver-master.elf.dir/Drivers/STM32F4xx_HAL_Driver/Src/stm32f4xx_ll_spi.c.obj
 .debug_aranges
                0x0000000000000838       0x20 /usr/lib64/gcc/arm-none-eabi/11/thumb/v7e-m/nofp/libgcc.a(_aeabi_uldivmod.o)
 .debug_aranges
                0x0000000000000858       0x20 /usr/lib64/gcc/arm-none-eabi/11/thumb/v7e-m/nofp/libgcc.a(_udivmoddi4.o)
 .debug_aranges
                0x0000000000000878       0x20 /usr/lib64/gcc/arm-none-eabi/11/thumb/v7e-m/nofp/libgcc.a(_dvmd_tls.o)
 .debug_aranges
                0x0000000000000898       0x20 /usr/lib64/gcc/arm-none-eabi/11/../../../../arm-none-eabi/lib/thumb/v7e-m/nofp/libg.a(lib_a-init.o)
 .debug_aranges
                0x00000000000008b8       0x20 /usr/lib64/gcc/arm-none-eabi/11/../../../../arm-none-eabi/lib/thumb/v7e-m/nofp/libg.a(lib_a-memset.o)

.debug_rnglists
                0x0000000000000000      0x726
 .debug_rnglists
                0x0000000000000000       0x14 CMakeFiles/mcu-ver-master.elf.dir/Core/Src/gpio.c.obj
 .debug_rnglists
                0x0000000000000014       0x2d CMakeFiles/mcu-ver-master.elf.dir/Core/Src/main.c.obj
 .debug_rnglists
                0x0000000000000041       0x1f CMakeFiles/mcu-ver-master.elf.dir/Core/Src/rtc.c.obj
 .debug_rnglists
                0x0000000000000060       0x22 CMakeFiles/mcu-ver-master.elf.dir/Core/Src/spi.c.obj
 .debug_rnglists
                0x0000000000000082       0x13 CMakeFiles/mcu-ver-master.elf.dir/Core/Src/stm32f4xx_hal_msp.c.obj
 .debug_rnglists
                0x0000000000000095       0x4f CMakeFiles/mcu-ver-master.elf.dir/Core/Src/stm32f4xx_it.c.obj
 .debug_rnglists
                0x00000000000000e4       0x1a CMakeFiles/mcu-ver-master.elf.dir/Core/Src/system_stm32f4xx.c.obj
 .debug_rnglists
                0x00000000000000fe       0x1f CMakeFiles/mcu-ver-master.elf.dir/Core/Src/usart.c.obj
 .debug_rnglists
                0x000000000000011d       0x19 CMakeFiles/mcu-ver-master.elf.dir/Core/Startup/startup_stm32f411ceux.s.obj
 .debug_rnglists
                0x0000000000000136       0xaf CMakeFiles/mcu-ver-master.elf.dir/Drivers/STM32F4xx_HAL_Driver/Src/stm32f4xx_hal.c.obj
 .debug_rnglists
                0x00000000000001e5       0xa9 CMakeFiles/mcu-ver-master.elf.dir/Drivers/STM32F4xx_HAL_Driver/Src/stm32f4xx_hal_cortex.c.obj
 .debug_rnglists
                0x000000000000028e       0x6c CMakeFiles/mcu-ver-master.elf.dir/Drivers/STM32F4xx_HAL_Driver/Src/stm32f4xx_hal_dma.c.obj
 .debug_rnglists
                0x00000000000002fa       0x3f CMakeFiles/mcu-ver-master.elf.dir/Drivers/STM32F4xx_HAL_Driver/Src/stm32f4xx_hal_gpio.c.obj
 .debug_rnglists
                0x0000000000000339       0x75 CMakeFiles/mcu-ver-master.elf.dir/Drivers/STM32F4xx_HAL_Driver/Src/stm32f4xx_hal_rcc.c.obj
 .debug_rnglists
                0x00000000000003ae       0x39 CMakeFiles/mcu-ver-master.elf.dir/Drivers/STM32F4xx_HAL_Driver/Src/stm32f4xx_hal_rcc_ex.c.obj
 .debug_rnglists
                0x00000000000003e7       0x8d CMakeFiles/mcu-ver-master.elf.dir/Drivers/STM32F4xx_HAL_Driver/Src/stm32f4xx_hal_rtc.c.obj
 .debug_rnglists
                0x0000000000000474      0x162 CMakeFiles/mcu-ver-master.elf.dir/Drivers/STM32F4xx_HAL_Driver/Src/stm32f4xx_hal_uart.c.obj
 .debug_rnglists
                0x00000000000005d6       0x69 CMakeFiles/mcu-ver-master.elf.dir/Drivers/STM32F4xx_HAL_Driver/Src/stm32f4xx_ll_gpio.c.obj
 .debug_rnglists
                0x000000000000063f       0x4b CMakeFiles/mcu-ver-master.elf.dir/Drivers/STM32F4xx_HAL_Driver/Src/stm32f4xx_ll_spi.c.obj
 .debug_rnglists
                0x000000000000068a       0x75 /usr/lib64/gcc/arm-none-eabi/11/thumb/v7e-m/nofp/libgcc.a(_udivmoddi4.o)
 .debug_rnglists
                0x00000000000006ff       0x13 /usr/lib64/gcc/arm-none-eabi/11/../../../../arm-none-eabi/lib/thumb/v7e-m/nofp/libg.a(lib_a-init.o)
 .debug_rnglists
                0x0000000000000712       0x14 /usr/lib64/gcc/arm-none-eabi/11/../../../../arm-none-eabi/lib/thumb/v7e-m/nofp/libg.a(lib_a-memset.o)

.debug_line     0x0000000000000000     0x9455
 .debug_line    0x0000000000000000      0x269 CMakeFiles/mcu-ver-master.elf.dir/Core/Src/gpio.c.obj
 .debug_line    0x0000000000000269      0x5b9 CMakeFiles/mcu-ver-master.elf.dir/Core/Src/main.c.obj
 .debug_line    0x0000000000000822      0x2ec CMakeFiles/mcu-ver-master.elf.dir/Core/Src/rtc.c.obj
 .debug_line    0x0000000000000b0e      0x56b CMakeFiles/mcu-ver-master.elf.dir/Core/Src/spi.c.obj
 .debug_line    0x0000000000001079      0x1fa CMakeFiles/mcu-ver-master.elf.dir/Core/Src/stm32f4xx_hal_msp.c.obj
 .debug_line    0x0000000000001273      0x333 CMakeFiles/mcu-ver-master.elf.dir/Core/Src/stm32f4xx_it.c.obj
 .debug_line    0x00000000000015a6      0x29c CMakeFiles/mcu-ver-master.elf.dir/Core/Src/system_stm32f4xx.c.obj
 .debug_line    0x0000000000001842      0x37c CMakeFiles/mcu-ver-master.elf.dir/Core/Src/usart.c.obj
 .debug_line    0x0000000000001bbe       0x77 CMakeFiles/mcu-ver-master.elf.dir/Core/Startup/startup_stm32f411ceux.s.obj
 .debug_line    0x0000000000001c35      0x5e9 CMakeFiles/mcu-ver-master.elf.dir/Drivers/STM32F4xx_HAL_Driver/Src/stm32f4xx_hal.c.obj
 .debug_line    0x000000000000221e      0x7fb CMakeFiles/mcu-ver-master.elf.dir/Drivers/STM32F4xx_HAL_Driver/Src/stm32f4xx_hal_cortex.c.obj
 .debug_line    0x0000000000002a19      0xe4e CMakeFiles/mcu-ver-master.elf.dir/Drivers/STM32F4xx_HAL_Driver/Src/stm32f4xx_hal_dma.c.obj
 .debug_line    0x0000000000003867      0x6e0 CMakeFiles/mcu-ver-master.elf.dir/Drivers/STM32F4xx_HAL_Driver/Src/stm32f4xx_hal_gpio.c.obj
 .debug_line    0x0000000000003f47      0xb55 CMakeFiles/mcu-ver-master.elf.dir/Drivers/STM32F4xx_HAL_Driver/Src/stm32f4xx_hal_rcc.c.obj
 .debug_line    0x0000000000004a9c      0x69b CMakeFiles/mcu-ver-master.elf.dir/Drivers/STM32F4xx_HAL_Driver/Src/stm32f4xx_hal_rcc_ex.c.obj
 .debug_line    0x0000000000005137     0x1052 CMakeFiles/mcu-ver-master.elf.dir/Drivers/STM32F4xx_HAL_Driver/Src/stm32f4xx_hal_rtc.c.obj
 .debug_line    0x0000000000006189     0x1c73 CMakeFiles/mcu-ver-master.elf.dir/Drivers/STM32F4xx_HAL_Driver/Src/stm32f4xx_hal_uart.c.obj
 .debug_line    0x0000000000007dfc      0x6de CMakeFiles/mcu-ver-master.elf.dir/Drivers/STM32F4xx_HAL_Driver/Src/stm32f4xx_ll_gpio.c.obj
 .debug_line    0x00000000000084da      0x654 CMakeFiles/mcu-ver-master.elf.dir/Drivers/STM32F4xx_HAL_Driver/Src/stm32f4xx_ll_spi.c.obj
 .debug_line    0x0000000000008b2e       0x4e /usr/lib64/gcc/arm-none-eabi/11/thumb/v7e-m/nofp/libgcc.a(_aeabi_uldivmod.o)
 .debug_line    0x0000000000008b7c      0x5a2 /usr/lib64/gcc/arm-none-eabi/11/thumb/v7e-m/nofp/libgcc.a(_udivmoddi4.o)
 .debug_line    0x000000000000911e       0x4a /usr/lib64/gcc/arm-none-eabi/11/thumb/v7e-m/nofp/libgcc.a(_dvmd_tls.o)
 .debug_line    0x0000000000009168      0x122 /usr/lib64/gcc/arm-none-eabi/11/../../../../arm-none-eabi/lib/thumb/v7e-m/nofp/libg.a(lib_a-init.o)
 .debug_line    0x000000000000928a      0x1cb /usr/lib64/gcc/arm-none-eabi/11/../../../../arm-none-eabi/lib/thumb/v7e-m/nofp/libg.a(lib_a-memset.o)

.debug_str      0x0000000000000000     0x39a4
 .debug_str     0x0000000000000000      0x3bb CMakeFiles/mcu-ver-master.elf.dir/Core/Src/gpio.c.obj
                                        0x436 (size before relaxing)
 .debug_str     0x00000000000003bb      0x3a3 CMakeFiles/mcu-ver-master.elf.dir/Core/Src/main.c.obj
                                        0x768 (size before relaxing)
 .debug_str     0x000000000000075e      0x28b CMakeFiles/mcu-ver-master.elf.dir/Core/Src/rtc.c.obj
                                        0x4f3 (size before relaxing)
 .debug_str     0x00000000000009e9      0x16e CMakeFiles/mcu-ver-master.elf.dir/Core/Src/spi.c.obj
                                        0x56c (size before relaxing)
 .debug_str     0x0000000000000b57      0x429 CMakeFiles/mcu-ver-master.elf.dir/Core/Src/stm32f4xx_hal_msp.c.obj
                                        0x73f (size before relaxing)
 .debug_str     0x0000000000000f80      0x496 CMakeFiles/mcu-ver-master.elf.dir/Core/Src/stm32f4xx_it.c.obj
                                        0x739 (size before relaxing)
 .debug_str     0x0000000000001416      0x110 CMakeFiles/mcu-ver-master.elf.dir/Core/Src/system_stm32f4xx.c.obj
                                        0x40d (size before relaxing)
 .debug_str     0x0000000000001526       0xaa CMakeFiles/mcu-ver-master.elf.dir/Core/Src/usart.c.obj
                                        0xc6f (size before relaxing)
 .debug_str     0x00000000000015d0       0x24 CMakeFiles/mcu-ver-master.elf.dir/Core/Startup/startup_stm32f411ceux.s.obj
                                         0x6e (size before relaxing)
 .debug_str     0x00000000000015f4      0x375 CMakeFiles/mcu-ver-master.elf.dir/Drivers/STM32F4xx_HAL_Driver/Src/stm32f4xx_hal.c.obj
                                        0xaa4 (size before relaxing)
 .debug_str     0x0000000000001969      0x462 CMakeFiles/mcu-ver-master.elf.dir/Drivers/STM32F4xx_HAL_Driver/Src/stm32f4xx_hal_cortex.c.obj
                                        0xb5a (size before relaxing)
 .debug_str     0x0000000000001dcb      0x34e CMakeFiles/mcu-ver-master.elf.dir/Drivers/STM32F4xx_HAL_Driver/Src/stm32f4xx_hal_dma.c.obj
                                        0x7fc (size before relaxing)
 .debug_str     0x0000000000002119      0x14f CMakeFiles/mcu-ver-master.elf.dir/Drivers/STM32F4xx_HAL_Driver/Src/stm32f4xx_hal_gpio.c.obj
                                        0x578 (size before relaxing)
 .debug_str     0x0000000000002268      0x1d9 CMakeFiles/mcu-ver-master.elf.dir/Drivers/STM32F4xx_HAL_Driver/Src/stm32f4xx_hal_rcc.c.obj
                                        0x79e (size before relaxing)
 .debug_str     0x0000000000002441      0x146 CMakeFiles/mcu-ver-master.elf.dir/Drivers/STM32F4xx_HAL_Driver/Src/stm32f4xx_hal_rcc_ex.c.obj
                                        0x595 (size before relaxing)
 .debug_str     0x0000000000002587      0x2de CMakeFiles/mcu-ver-master.elf.dir/Drivers/STM32F4xx_HAL_Driver/Src/stm32f4xx_hal_rtc.c.obj
                                        0x7cb (size before relaxing)
 .debug_str     0x0000000000002865      0x53b CMakeFiles/mcu-ver-master.elf.dir/Drivers/STM32F4xx_HAL_Driver/Src/stm32f4xx_hal_uart.c.obj
                                        0xcb8 (size before relaxing)
 .debug_str     0x0000000000002da0      0x167 CMakeFiles/mcu-ver-master.elf.dir/Drivers/STM32F4xx_HAL_Driver/Src/stm32f4xx_ll_gpio.c.obj
                                        0x521 (size before relaxing)
 .debug_str     0x0000000000002f07      0x230 CMakeFiles/mcu-ver-master.elf.dir/Drivers/STM32F4xx_HAL_Driver/Src/stm32f4xx_ll_spi.c.obj
                                        0x625 (size before relaxing)
 .debug_str     0x0000000000003137       0x73 /usr/lib64/gcc/arm-none-eabi/11/thumb/v7e-m/nofp/libgcc.a(_aeabi_uldivmod.o)
                                         0x7f (size before relaxing)
 .debug_str     0x00000000000031aa      0x57a /usr/lib64/gcc/arm-none-eabi/11/thumb/v7e-m/nofp/libgcc.a(_udivmoddi4.o)
                                        0x67f (size before relaxing)
 .debug_str     0x0000000000003724        0xc /usr/lib64/gcc/arm-none-eabi/11/thumb/v7e-m/nofp/libgcc.a(_dvmd_tls.o)
                                         0x83 (size before relaxing)
 .debug_str     0x0000000000003730      0x1bf /usr/lib64/gcc/arm-none-eabi/11/../../../../arm-none-eabi/lib/thumb/v7e-m/nofp/libg.a(lib_a-init.o)
                                        0x261 (size before relaxing)
 .debug_str     0x00000000000038ef       0xb5 /usr/lib64/gcc/arm-none-eabi/11/../../../../arm-none-eabi/lib/thumb/v7e-m/nofp/libg.a(lib_a-memset.o)
                                        0x216 (size before relaxing)

.comment        0x0000000000000000       0x56
 .comment       0x0000000000000000       0x56 CMakeFiles/mcu-ver-master.elf.dir/Core/Src/gpio.c.obj
                                         0x57 (size before relaxing)
 .comment       0x0000000000000056       0x57 CMakeFiles/mcu-ver-master.elf.dir/Core/Src/main.c.obj
 .comment       0x0000000000000056       0x57 CMakeFiles/mcu-ver-master.elf.dir/Core/Src/rtc.c.obj
 .comment       0x0000000000000056       0x57 CMakeFiles/mcu-ver-master.elf.dir/Core/Src/spi.c.obj
 .comment       0x0000000000000056       0x57 CMakeFiles/mcu-ver-master.elf.dir/Core/Src/stm32f4xx_hal_msp.c.obj
 .comment       0x0000000000000056       0x57 CMakeFiles/mcu-ver-master.elf.dir/Core/Src/stm32f4xx_it.c.obj
 .comment       0x0000000000000056       0x57 CMakeFiles/mcu-ver-master.elf.dir/Core/Src/system_stm32f4xx.c.obj
 .comment       0x0000000000000056       0x57 CMakeFiles/mcu-ver-master.elf.dir/Core/Src/usart.c.obj
 .comment       0x0000000000000056       0x57 CMakeFiles/mcu-ver-master.elf.dir/Drivers/STM32F4xx_HAL_Driver/Src/stm32f4xx_hal.c.obj
 .comment       0x0000000000000056       0x57 CMakeFiles/mcu-ver-master.elf.dir/Drivers/STM32F4xx_HAL_Driver/Src/stm32f4xx_hal_cortex.c.obj
 .comment       0x0000000000000056       0x57 CMakeFiles/mcu-ver-master.elf.dir/Drivers/STM32F4xx_HAL_Driver/Src/stm32f4xx_hal_dma.c.obj
 .comment       0x0000000000000056       0x57 CMakeFiles/mcu-ver-master.elf.dir/Drivers/STM32F4xx_HAL_Driver/Src/stm32f4xx_hal_gpio.c.obj
 .comment       0x0000000000000056       0x57 CMakeFiles/mcu-ver-master.elf.dir/Drivers/STM32F4xx_HAL_Driver/Src/stm32f4xx_hal_rcc.c.obj
 .comment       0x0000000000000056       0x57 CMakeFiles/mcu-ver-master.elf.dir/Drivers/STM32F4xx_HAL_Driver/Src/stm32f4xx_hal_rcc_ex.c.obj
 .comment       0x0000000000000056       0x57 CMakeFiles/mcu-ver-master.elf.dir/Drivers/STM32F4xx_HAL_Driver/Src/stm32f4xx_hal_rtc.c.obj
 .comment       0x0000000000000056       0x57 CMakeFiles/mcu-ver-master.elf.dir/Drivers/STM32F4xx_HAL_Driver/Src/stm32f4xx_hal_uart.c.obj
 .comment       0x0000000000000056       0x57 CMakeFiles/mcu-ver-master.elf.dir/Drivers/STM32F4xx_HAL_Driver/Src/stm32f4xx_ll_gpio.c.obj
 .comment       0x0000000000000056       0x57 CMakeFiles/mcu-ver-master.elf.dir/Drivers/STM32F4xx_HAL_Driver/Src/stm32f4xx_ll_spi.c.obj
 .comment       0x0000000000000056       0x57 /usr/lib64/gcc/arm-none-eabi/11/../../../../arm-none-eabi/lib/thumb/v7e-m/nofp/libg.a(lib_a-init.o)
 .comment       0x0000000000000056       0x57 /usr/lib64/gcc/arm-none-eabi/11/../../../../arm-none-eabi/lib/thumb/v7e-m/nofp/libg.a(lib_a-memset.o)

.debug_frame    0x0000000000000000     0x13a8
 .debug_frame   0x0000000000000000       0x34 CMakeFiles/mcu-ver-master.elf.dir/Core/Src/gpio.c.obj
 .debug_frame   0x0000000000000034       0x90 CMakeFiles/mcu-ver-master.elf.dir/Core/Src/main.c.obj
 .debug_frame   0x00000000000000c4       0x48 CMakeFiles/mcu-ver-master.elf.dir/Core/Src/rtc.c.obj
 .debug_frame   0x000000000000010c       0x88 CMakeFiles/mcu-ver-master.elf.dir/Core/Src/spi.c.obj
 .debug_frame   0x0000000000000194       0x2c CMakeFiles/mcu-ver-master.elf.dir/Core/Src/stm32f4xx_hal_msp.c.obj
 .debug_frame   0x00000000000001c0       0xd0 CMakeFiles/mcu-ver-master.elf.dir/Core/Src/stm32f4xx_it.c.obj
 .debug_frame   0x0000000000000290       0x30 CMakeFiles/mcu-ver-master.elf.dir/Core/Src/system_stm32f4xx.c.obj
 .debug_frame   0x00000000000002c0       0x60 CMakeFiles/mcu-ver-master.elf.dir/Core/Src/usart.c.obj
 .debug_frame   0x0000000000000320      0x1ec CMakeFiles/mcu-ver-master.elf.dir/Drivers/STM32F4xx_HAL_Driver/Src/stm32f4xx_hal.c.obj
 .debug_frame   0x000000000000050c      0x148 CMakeFiles/mcu-ver-master.elf.dir/Drivers/STM32F4xx_HAL_Driver/Src/stm32f4xx_hal_cortex.c.obj
 .debug_frame   0x0000000000000654      0x188 CMakeFiles/mcu-ver-master.elf.dir/Drivers/STM32F4xx_HAL_Driver/Src/stm32f4xx_hal_dma.c.obj
 .debug_frame   0x00000000000007dc       0xd8 CMakeFiles/mcu-ver-master.elf.dir/Drivers/STM32F4xx_HAL_Driver/Src/stm32f4xx_hal_gpio.c.obj
 .debug_frame   0x00000000000008b4      0x16c CMakeFiles/mcu-ver-master.elf.dir/Drivers/STM32F4xx_HAL_Driver/Src/stm32f4xx_hal_rcc.c.obj
 .debug_frame   0x0000000000000a20       0xb0 CMakeFiles/mcu-ver-master.elf.dir/Drivers/STM32F4xx_HAL_Driver/Src/stm32f4xx_hal_rcc_ex.c.obj
 .debug_frame   0x0000000000000ad0      0x20c CMakeFiles/mcu-ver-master.elf.dir/Drivers/STM32F4xx_HAL_Driver/Src/stm32f4xx_hal_rtc.c.obj
 .debug_frame   0x0000000000000cdc      0x4e8 CMakeFiles/mcu-ver-master.elf.dir/Drivers/STM32F4xx_HAL_Driver/Src/stm32f4xx_hal_uart.c.obj
 .debug_frame   0x00000000000011c4       0x68 CMakeFiles/mcu-ver-master.elf.dir/Drivers/STM32F4xx_HAL_Driver/Src/stm32f4xx_ll_gpio.c.obj
 .debug_frame   0x000000000000122c       0xc4 CMakeFiles/mcu-ver-master.elf.dir/Drivers/STM32F4xx_HAL_Driver/Src/stm32f4xx_ll_spi.c.obj
 .debug_frame   0x00000000000012f0       0x2c /usr/lib64/gcc/arm-none-eabi/11/thumb/v7e-m/nofp/libgcc.a(_aeabi_uldivmod.o)
 .debug_frame   0x000000000000131c       0x34 /usr/lib64/gcc/arm-none-eabi/11/thumb/v7e-m/nofp/libgcc.a(_udivmoddi4.o)
 .debug_frame   0x0000000000001350       0x2c /usr/lib64/gcc/arm-none-eabi/11/../../../../arm-none-eabi/lib/thumb/v7e-m/nofp/libg.a(lib_a-init.o)
 .debug_frame   0x000000000000137c       0x2c /usr/lib64/gcc/arm-none-eabi/11/../../../../arm-none-eabi/lib/thumb/v7e-m/nofp/libg.a(lib_a-memset.o)

.debug_loclists
                0x0000000000000000     0x45cc
 .debug_loclists
                0x0000000000000000       0xab CMakeFiles/mcu-ver-master.elf.dir/Core/Src/main.c.obj
 .debug_loclists
                0x00000000000000ab       0xae CMakeFiles/mcu-ver-master.elf.dir/Core/Src/spi.c.obj
 .debug_loclists
                0x0000000000000159       0xdb CMakeFiles/mcu-ver-master.elf.dir/Core/Src/system_stm32f4xx.c.obj
 .debug_loclists
                0x0000000000000234       0x5c CMakeFiles/mcu-ver-master.elf.dir/Core/Src/usart.c.obj
 .debug_loclists
                0x0000000000000290       0xc9 CMakeFiles/mcu-ver-master.elf.dir/Drivers/STM32F4xx_HAL_Driver/Src/stm32f4xx_hal.c.obj
 .debug_loclists
                0x0000000000000359      0x4db CMakeFiles/mcu-ver-master.elf.dir/Drivers/STM32F4xx_HAL_Driver/Src/stm32f4xx_hal_cortex.c.obj
 .debug_loclists
                0x0000000000000834      0x763 CMakeFiles/mcu-ver-master.elf.dir/Drivers/STM32F4xx_HAL_Driver/Src/stm32f4xx_hal_dma.c.obj
 .debug_loclists
                0x0000000000000f97      0x349 CMakeFiles/mcu-ver-master.elf.dir/Drivers/STM32F4xx_HAL_Driver/Src/stm32f4xx_hal_gpio.c.obj
 .debug_loclists
                0x00000000000012e0      0x3a9 CMakeFiles/mcu-ver-master.elf.dir/Drivers/STM32F4xx_HAL_Driver/Src/stm32f4xx_hal_rcc.c.obj
 .debug_loclists
                0x0000000000001689      0x256 CMakeFiles/mcu-ver-master.elf.dir/Drivers/STM32F4xx_HAL_Driver/Src/stm32f4xx_hal_rcc_ex.c.obj
 .debug_loclists
                0x00000000000018df      0x85a CMakeFiles/mcu-ver-master.elf.dir/Drivers/STM32F4xx_HAL_Driver/Src/stm32f4xx_hal_rtc.c.obj
 .debug_loclists
                0x0000000000002139      0xf3e CMakeFiles/mcu-ver-master.elf.dir/Drivers/STM32F4xx_HAL_Driver/Src/stm32f4xx_hal_uart.c.obj
 .debug_loclists
                0x0000000000003077      0x3e3 CMakeFiles/mcu-ver-master.elf.dir/Drivers/STM32F4xx_HAL_Driver/Src/stm32f4xx_ll_gpio.c.obj
 .debug_loclists
                0x000000000000345a      0x438 CMakeFiles/mcu-ver-master.elf.dir/Drivers/STM32F4xx_HAL_Driver/Src/stm32f4xx_ll_spi.c.obj
 .debug_loclists
                0x0000000000003892      0xb1b /usr/lib64/gcc/arm-none-eabi/11/thumb/v7e-m/nofp/libgcc.a(_udivmoddi4.o)
 .debug_loclists
                0x00000000000043ad       0x7a /usr/lib64/gcc/arm-none-eabi/11/../../../../arm-none-eabi/lib/thumb/v7e-m/nofp/libg.a(lib_a-init.o)
 .debug_loclists
                0x0000000000004427      0x1a5 /usr/lib64/gcc/arm-none-eabi/11/../../../../arm-none-eabi/lib/thumb/v7e-m/nofp/libg.a(lib_a-memset.o)

.debug_line_str
                0x0000000000000000       0x95
 .debug_line_str
                0x0000000000000000       0x5d CMakeFiles/mcu-ver-master.elf.dir/Core/Startup/startup_stm32f411ceux.s.obj
                                         0xba (size before relaxing)
 .debug_line_str
                0x000000000000005d       0x2c /usr/lib64/gcc/arm-none-eabi/11/thumb/v7e-m/nofp/libgcc.a(_aeabi_uldivmod.o)
                                         0x58 (size before relaxing)
 .debug_line_str
                0x0000000000000089        0xc /usr/lib64/gcc/arm-none-eabi/11/thumb/v7e-m/nofp/libgcc.a(_dvmd_tls.o)
                                         0x60 (size before relaxing)
